Archive member included to satisfy reference by file (symbol)

/home/pp/altera/16.0/nios2eds/bin/gnu/H-x86_64-pc-linux-gnu/bin/../lib/gcc/nios2-elf/5.2.0/mno-hw-mul/libgcc.a(lib2-divmod.o)
                              obj/default/small_printing.o (__udivsi3)
/home/pp/altera/16.0/nios2eds/bin/gnu/H-x86_64-pc-linux-gnu/bin/../lib/gcc/nios2-elf/5.2.0/../../../../../H-x86_64-pc-linux-gnu/nios2-elf/lib/mno-hw-mul/libc.a(lib_a-getc.o)
                              obj/default/main.o (getc)
/home/pp/altera/16.0/nios2eds/bin/gnu/H-x86_64-pc-linux-gnu/bin/../lib/gcc/nios2-elf/5.2.0/../../../../../H-x86_64-pc-linux-gnu/nios2-elf/lib/mno-hw-mul/libc.a(lib_a-impure.o)
                              obj/default/main.o (_impure_ptr)
/home/pp/altera/16.0/nios2eds/bin/gnu/H-x86_64-pc-linux-gnu/bin/../lib/gcc/nios2-elf/5.2.0/../../../../../H-x86_64-pc-linux-gnu/nios2-elf/lib/mno-hw-mul/libc.a(lib_a-rget.o)
                              /home/pp/altera/16.0/nios2eds/bin/gnu/H-x86_64-pc-linux-gnu/bin/../lib/gcc/nios2-elf/5.2.0/../../../../../H-x86_64-pc-linux-gnu/nios2-elf/lib/mno-hw-mul/libc.a(lib_a-getc.o) (__srget_r)
/home/pp/altera/16.0/nios2eds/bin/gnu/H-x86_64-pc-linux-gnu/bin/../lib/gcc/nios2-elf/5.2.0/../../../../../H-x86_64-pc-linux-gnu/nios2-elf/lib/mno-hw-mul/libc.a(lib_a-findfp.o)
                              /home/pp/altera/16.0/nios2eds/bin/gnu/H-x86_64-pc-linux-gnu/bin/../lib/gcc/nios2-elf/5.2.0/../../../../../H-x86_64-pc-linux-gnu/nios2-elf/lib/mno-hw-mul/libc.a(lib_a-getc.o) (__sinit)
/home/pp/altera/16.0/nios2eds/bin/gnu/H-x86_64-pc-linux-gnu/bin/../lib/gcc/nios2-elf/5.2.0/../../../../../H-x86_64-pc-linux-gnu/nios2-elf/lib/mno-hw-mul/libc.a(lib_a-fwalk.o)
                              /home/pp/altera/16.0/nios2eds/bin/gnu/H-x86_64-pc-linux-gnu/bin/../lib/gcc/nios2-elf/5.2.0/../../../../../H-x86_64-pc-linux-gnu/nios2-elf/lib/mno-hw-mul/libc.a(lib_a-findfp.o) (_fwalk)
/home/pp/altera/16.0/nios2eds/bin/gnu/H-x86_64-pc-linux-gnu/bin/../lib/gcc/nios2-elf/5.2.0/../../../../../H-x86_64-pc-linux-gnu/nios2-elf/lib/mno-hw-mul/libc.a(lib_a-mallocr.o)
                              /home/pp/altera/16.0/nios2eds/bin/gnu/H-x86_64-pc-linux-gnu/bin/../lib/gcc/nios2-elf/5.2.0/../../../../../H-x86_64-pc-linux-gnu/nios2-elf/lib/mno-hw-mul/libc.a(lib_a-findfp.o) (_malloc_r)
/home/pp/altera/16.0/nios2eds/bin/gnu/H-x86_64-pc-linux-gnu/bin/../lib/gcc/nios2-elf/5.2.0/../../../../../H-x86_64-pc-linux-gnu/nios2-elf/lib/mno-hw-mul/libc.a(lib_a-memset.o)
                              /home/pp/altera/16.0/nios2eds/bin/gnu/H-x86_64-pc-linux-gnu/bin/../lib/gcc/nios2-elf/5.2.0/../../../../../H-x86_64-pc-linux-gnu/nios2-elf/lib/mno-hw-mul/libc.a(lib_a-findfp.o) (memset)
/home/pp/altera/16.0/nios2eds/bin/gnu/H-x86_64-pc-linux-gnu/bin/../lib/gcc/nios2-elf/5.2.0/../../../../../H-x86_64-pc-linux-gnu/nios2-elf/lib/mno-hw-mul/libc.a(lib_a-refill.o)
                              /home/pp/altera/16.0/nios2eds/bin/gnu/H-x86_64-pc-linux-gnu/bin/../lib/gcc/nios2-elf/5.2.0/../../../../../H-x86_64-pc-linux-gnu/nios2-elf/lib/mno-hw-mul/libc.a(lib_a-rget.o) (__srefill_r)
/home/pp/altera/16.0/nios2eds/bin/gnu/H-x86_64-pc-linux-gnu/bin/../lib/gcc/nios2-elf/5.2.0/../../../../../H-x86_64-pc-linux-gnu/nios2-elf/lib/mno-hw-mul/libc.a(lib_a-sbrkr.o)
                              /home/pp/altera/16.0/nios2eds/bin/gnu/H-x86_64-pc-linux-gnu/bin/../lib/gcc/nios2-elf/5.2.0/../../../../../H-x86_64-pc-linux-gnu/nios2-elf/lib/mno-hw-mul/libc.a(lib_a-mallocr.o) (_sbrk_r)
/home/pp/altera/16.0/nios2eds/bin/gnu/H-x86_64-pc-linux-gnu/bin/../lib/gcc/nios2-elf/5.2.0/../../../../../H-x86_64-pc-linux-gnu/nios2-elf/lib/mno-hw-mul/libc.a(lib_a-stdio.o)
                              /home/pp/altera/16.0/nios2eds/bin/gnu/H-x86_64-pc-linux-gnu/bin/../lib/gcc/nios2-elf/5.2.0/../../../../../H-x86_64-pc-linux-gnu/nios2-elf/lib/mno-hw-mul/libc.a(lib_a-findfp.o) (__sread)
/home/pp/altera/16.0/nios2eds/bin/gnu/H-x86_64-pc-linux-gnu/bin/../lib/gcc/nios2-elf/5.2.0/../../../../../H-x86_64-pc-linux-gnu/nios2-elf/lib/mno-hw-mul/libc.a(lib_a-writer.o)
                              /home/pp/altera/16.0/nios2eds/bin/gnu/H-x86_64-pc-linux-gnu/bin/../lib/gcc/nios2-elf/5.2.0/../../../../../H-x86_64-pc-linux-gnu/nios2-elf/lib/mno-hw-mul/libc.a(lib_a-stdio.o) (_write_r)
/home/pp/altera/16.0/nios2eds/bin/gnu/H-x86_64-pc-linux-gnu/bin/../lib/gcc/nios2-elf/5.2.0/../../../../../H-x86_64-pc-linux-gnu/nios2-elf/lib/mno-hw-mul/libc.a(closer.o)
                              /home/pp/altera/16.0/nios2eds/bin/gnu/H-x86_64-pc-linux-gnu/bin/../lib/gcc/nios2-elf/5.2.0/../../../../../H-x86_64-pc-linux-gnu/nios2-elf/lib/mno-hw-mul/libc.a(lib_a-stdio.o) (_close_r)
/home/pp/altera/16.0/nios2eds/bin/gnu/H-x86_64-pc-linux-gnu/bin/../lib/gcc/nios2-elf/5.2.0/../../../../../H-x86_64-pc-linux-gnu/nios2-elf/lib/mno-hw-mul/libc.a(lib_a-fclose.o)
[...]
Memory Configuration

Name             Origin             Length             Attributes
reset            0x0000000000008000 0x0000000000000020
onchip_memory2_0 0x0000000000008020 0x0000000000007fe0
*default*        0x0000000000000000 0xffffffffffffffff

Linker script and memory map

LOAD hal_bsp//obj/HAL/src/crt0.o
LOAD obj/default/main.o
LOAD obj/default/small_printing.o
LOAD /home/pp/altera/16.0/nios2eds/bin/gnu/H-x86_64-pc-linux-gnu/bin/../lib/gcc/nios2-elf/5.2.0/../../../../../H-x86_64-pc-linux-gnu/nios2-elf/lib/mno-hw-mul/libstdc++.a
LOAD /home/pp/altera/16.0/nios2eds/bin/gnu/H-x86_64-pc-linux-gnu/bin/../lib/gcc/nios2-elf/5.2.0/../../../../../H-x86_64-pc-linux-gnu/nios2-elf/lib/mno-hw-mul/libm.a
LOAD /home/pp/altera/16.0/nios2eds/bin/gnu/H-x86_64-pc-linux-gnu/bin/../lib/gcc/nios2-elf/5.2.0/mno-hw-mul/libgcc.a
START GROUP
LOAD /home/pp/altera/16.0/nios2eds/bin/gnu/H-x86_64-pc-linux-gnu/bin/../lib/gcc/nios2-elf/5.2.0/../../../../../H-x86_64-pc-linux-gnu/nios2-elf/lib/mno-hw-mul/libc.a
LOAD /home/pp/altera/16.0/nios2eds/bin/gnu/H-x86_64-pc-linux-gnu/bin/../lib/gcc/nios2-elf/5.2.0/mno-hw-mul/libgcc.a
LOAD hal_bsp//libhal_bsp.a
LOAD /home/pp/altera/16.0/nios2eds/bin/gnu/H-x86_64-pc-linux-gnu/bin/../lib/gcc/nios2-elf/5.2.0/../../../../../H-x86_64-pc-linux-gnu/nios2-elf/lib/mno-hw-mul/libm.a
END GROUP
LOAD /home/pp/altera/16.0/nios2eds/bin/gnu/H-x86_64-pc-linux-gnu/bin/../lib/gcc/nios2-elf/5.2.0/mno-hw-mul/libgcc.a
                0x0000000000008000                __alt_mem_onchip_memory2_0 = 0x8000

.entry          0x0000000000008000       0x20
 *(.entry)
 .entry         0x0000000000008000       0x20 hal_bsp//obj/HAL/src/crt0.o
                0x0000000000008000                __reset

.exceptions     0x0000000000008020      0x164
                0x0000000000008020                PROVIDE (__ram_exceptions_start, ABSOLUTE (.))
                0x0000000000008020                . = ALIGN (0x20)
 *(.irq)
 *(.exceptions.entry.label)
 .exceptions.entry.label
                0x0000000000008020        0x0 hal_bsp//libhal_bsp.a(alt_irq_entry.o)
                0x0000000000008020                alt_irq_entry
 .exceptions.entry.label
                0x0000000000008020        0x0 hal_bsp//libhal_bsp.a(alt_exception_entry.o)
                0x0000000000008020                alt_exception
 *(.exceptions.entry.user)
 *(.exceptions.entry.ecc_fatal)
 *(.exceptions.entry)
 .exceptions.entry
                0x0000000000008020       0x54 hal_bsp//libhal_bsp.a(alt_exception_entry.o)
 *(.exceptions.irqtest.user)
 *(.exceptions.irqtest)
 .exceptions.irqtest
                0x0000000000008074       0x10 hal_bsp//libhal_bsp.a(alt_irq_entry.o)
 *(.exceptions.irqhandler.user)
 *(.exceptions.irqhandler)
 .exceptions.irqhandler
                0x0000000000008084        0x4 hal_bsp//libhal_bsp.a(alt_irq_entry.o)
 *(.exceptions.irqreturn.user)
 *(.exceptions.irqreturn)
 .exceptions.irqreturn
                0x0000000000008088        0x4 hal_bsp//libhal_bsp.a(alt_irq_entry.o)
 *(.exceptions.notirq.label)
 .exceptions.notirq.label
                0x000000000000808c        0x0 hal_bsp//libhal_bsp.a(alt_irq_entry.o)
 *(.exceptions.notirq.user)
 *(.exceptions.notirq)
 .exceptions.notirq
                0x000000000000808c        0x8 hal_bsp//libhal_bsp.a(alt_exception_entry.o)
 *(.exceptions.soft.user)
 *(.exceptions.soft)
 *(.exceptions.unknown.user)
 *(.exceptions.unknown)
 .exceptions.unknown
                0x0000000000008094       0x14 hal_bsp//libhal_bsp.a(alt_exception_entry.o)
 *(.exceptions.exit.label)
 .exceptions.exit.label
                0x00000000000080a8        0x0 hal_bsp//libhal_bsp.a(alt_irq_entry.o)
 .exceptions.exit.label
                0x00000000000080a8        0x0 hal_bsp//libhal_bsp.a(alt_exception_entry.o)
 *(.exceptions.exit.user)
 *(.exceptions.exit)
 .exceptions.exit
                0x00000000000080a8       0x54 hal_bsp//libhal_bsp.a(alt_exception_entry.o)
 *(.exceptions)
 .exceptions    0x00000000000080fc       0x64 hal_bsp//libhal_bsp.a(alt_irq_handler.o)
                0x00000000000080fc                alt_irq_handler
 .exceptions    0x0000000000008160       0x24 hal_bsp//libhal_bsp.a(alt_instruction_exception_entry.o)
                0x0000000000008160                alt_instruction_exception_entry
                0x0000000000008184                PROVIDE (__ram_exceptions_end, ABSOLUTE (.))
                0x0000000000008020                PROVIDE (__flash_exceptions_start, LOADADDR (.exceptions))

.text           0x0000000000008184     0x429c
                [!provide]                        PROVIDE (stext, ABSOLUTE (.))
 *(.interp)
 *(.hash)
 *(.dynsym)
 *(.dynstr)
 *(.gnu.version)
 *(.gnu.version_d)
 *(.gnu.version_r)
 *(.rel.init)
 *(.rela.init)
 *(.rel.text .rel.text.* .rel.gnu.linkonce.t.*)
 *(.rela.text .rela.text.* .rela.gnu.linkonce.t.*)
 *(.rel.fini)
 *(.rela.fini)
 *(.rel.rodata .rel.rodata.* .rel.gnu.linkonce.r.*)
 *(.rela.rodata .rela.rodata.* .rela.gnu.linkonce.r.*)
 *(.rel.data .rel.data.* .rel.gnu.linkonce.d.*)
 *(.rela.data .rela.data.* .rela.gnu.linkonce.d.*)
 *(.rel.tdata .rel.tdata.* .rel.gnu.linkonce.td.*)
 *(.rela.tdata .rela.tdata.* .rela.gnu.linkonce.td.*)
 *(.rel.tbss .rel.tbss.* .rel.gnu.linkonce.tb.*)
 *(.rela.tbss .rela.tbss.* .rela.gnu.linkonce.tb.*)
 *(.rel.ctors)
 *(.rela.ctors)
 *(.rel.dtors)
 *(.rela.dtors)
 *(.rel.got)
 *(.rela.got)
 *(.rel.sdata .rel.sdata.* .rel.gnu.linkonce.s.*)
 *(.rela.sdata .rela.sdata.* .rela.gnu.linkonce.s.*)
 *(.rel.sbss .rel.sbss.* .rel.gnu.linkonce.sb.*)
 *(.rela.sbss .rela.sbss.* .rela.gnu.linkonce.sb.*)
 *(.rel.sdata2 .rel.sdata2.* .rel.gnu.linkonce.s2.*)
 *(.rela.sdata2 .rela.sdata2.* .rela.gnu.linkonce.s2.*)
 *(.rel.sbss2 .rel.sbss2.* .rel.gnu.linkonce.sb2.*)
 *(.rela.sbss2 .rela.sbss2.* .rela.gnu.linkonce.sb2.*)
 *(.rel.bss .rel.bss.* .rel.gnu.linkonce.b.*)
 *(.rela.bss .rela.bss.* .rela.gnu.linkonce.b.*)
 *(.rel.plt)
 *(.rela.plt)
 *(.rel.dyn)
 *(.init)
 *(.plt)
 *(.text .stub .text.* .gnu.linkonce.t.*)
 .text          0x0000000000008184       0x3c hal_bsp//obj/HAL/src/crt0.o
                0x0000000000008184                _start
 .text          0x00000000000081c0      0x3d0 obj/default/main.o
                0x00000000000081c0                ntohl
                0x0000000000008214                cg_write
                0x0000000000008258                cg_read
                0x00000000000082d8                handle_transaction
                0x000000000000856c                main
 .text          0x0000000000008590      0x66c obj/default/small_printing.o
                0x0000000000008590                putf
                0x00000000000085d0                dump_hex
                0x0000000000008670                s_prints
                0x00000000000087d4                __int2strn
                0x0000000000008868                s_putd
                0x00000000000088ac                s_putx
                0x0000000000008958                s_printd
                0x00000000000089d8                s_printl
                0x0000000000008a64                s_printx
                0x0000000000008af0                s_printb
                0x0000000000008b78                s_printlx
 .text          0x0000000000008bfc      0x1b4 /home/pp/altera/16.0/nios2eds/bin/gnu/H-x86_64-pc-linux-gnu/bin/../lib/gcc/nios2-elf/5.2.0/mno-hw-mul/libgcc.a(lib2-divmod.o)
                0x0000000000008bfc                __divsi3
                0x0000000000008c80                __modsi3
                0x0000000000008cf4                __udivsi3
                0x0000000000008d58                __umodsi3
 .text          0x0000000000008db0        0x0 /home/pp/altera/16.0/nios2eds/bin/gnu/H-x86_64-pc-linux-gnu/bin/../lib/gcc/nios2-elf/5.2.0/../../../../../H-x86_64-pc-linux-gnu/nios2-elf/lib/mno-hw-mul/libc.a(lib_a-getc.o)
 .text._getc_r  0x0000000000008db0       0x70 /home/pp/altera/16.0/nios2eds/bin/gnu/H-x86_64-pc-linux-gnu/bin/../lib/gcc/nios2-elf/5.2.0/../../../../../H-x86_64-pc-linux-gnu/nios2-elf/lib/mno-hw-mul/libc.a(lib_a-getc.o)
                0x0000000000008db0                _getc_r
 .text.getc     0x0000000000008e20       0x88 /home/pp/altera/16.0/nios2eds/bin/gnu/H-x86_64-pc-linux-gnu/bin/../lib/gcc/nios2-elf/5.2.0/../../../../../H-x86_64-pc-linux-gnu/nios2-elf/lib/mno-hw-mul/libc.a(lib_a-getc.o)
                0x0000000000008e20                getc
 .text          0x0000000000008ea8        0x0 /home/pp/altera/16.0/nios2eds/bin/gnu/H-x86_64-pc-linux-gnu/bin/../lib/gcc/nios2-elf/5.2.0/../../../../../H-x86_64-pc-linux-gnu/nios2-elf/lib/mno-hw-mul/libc.a(lib_a-impure.o)
 .text          0x0000000000008ea8        0x0 /home/pp/altera/16.0/nios2eds/bin/gnu/H-x86_64-pc-linux-gnu/bin/../lib/gcc/nios2-elf/5.2.0/../../../../../H-x86_64-pc-linux-gnu/nios2-elf/lib/mno-hw-mul/libc.a(lib_a-rget.o)
 .text.__srget_r
                0x0000000000008ea8       0x74 /home/pp/altera/16.0/nios2eds/bin/gnu/H-x86_64-pc-linux-gnu/bin/../lib/gcc/nios2-elf/5.2.0/../../../../../H-x86_64-pc-linux-gnu/nios2-elf/lib/mno-hw-mul/libc.a(lib_a-rget.o)
                0x0000000000008ea8                __srget_r
 .text.__srget  0x0000000000008f1c       0x14 /home/pp/altera/16.0/nios2eds/bin/gnu/H-x86_64-pc-linux-gnu/bin/../lib/gcc/nios2-elf/5.2.0/../../../../../H-x86_64-pc-linux-gnu/nios2-elf/lib/mno-hw-mul/libc.a(lib_a-rget.o)
                0x0000000000008f1c                __srget
 .text          0x0000000000008f30        0x0 /home/pp/altera/16.0/nios2eds/bin/gnu/H-x86_64-pc-linux-gnu/bin/../lib/gcc/nios2-elf/5.2.0/../../../../../H-x86_64-pc-linux-gnu/nios2-elf/lib/mno-hw-mul/libc.a(lib_a-findfp.o)
 .text.__fp_unlock
                0x0000000000008f30        0x8 /home/pp/altera/16.0/nios2eds/bin/gnu/H-x86_64-pc-linux-gnu/bin/../lib/gcc/nios2-elf/5.2.0/../../../../../H-x86_64-pc-linux-gnu/nios2-elf/lib/mno-hw-mul/libc.a(lib_a-findfp.o)
 .text._cleanup_r
                0x0000000000008f38        0xc /home/pp/altera/16.0/nios2eds/bin/gnu/H-x86_64-pc-linux-gnu/bin/../lib/gcc/nios2-elf/5.2.0/../../../../../H-x86_64-pc-linux-gnu/nios2-elf/lib/mno-hw-mul/libc.a(lib_a-findfp.o)
                0x0000000000008f38                _cleanup_r
 .text.__sinit.part.1
                0x0000000000008f44      0x19c /home/pp/altera/16.0/nios2eds/bin/gnu/H-x86_64-pc-linux-gnu/bin/../lib/gcc/nios2-elf/5.2.0/../../../../../H-x86_64-pc-linux-gnu/nios2-elf/lib/mno-hw-mul/libc.a(lib_a-findfp.o)
 .text.__fp_lock
                0x00000000000090e0        0x8 /home/pp/altera/16.0/nios2eds/bin/gnu/H-x86_64-pc-linux-gnu/bin/../lib/gcc/nios2-elf/5.2.0/../../../../../H-x86_64-pc-linux-gnu/nios2-elf/lib/mno-hw-mul/libc.a(lib_a-findfp.o)
 .text.__sfmoreglue
                0x00000000000090e8       0x78 /home/pp/altera/16.0/nios2eds/bin/gnu/H-x86_64-pc-linux-gnu/bin/../lib/gcc/nios2-elf/5.2.0/../../../../../H-x86_64-pc-linux-gnu/nios2-elf/lib/mno-hw-mul/libc.a(lib_a-findfp.o)
                0x00000000000090e8                __sfmoreglue
 .text.__sfp    0x0000000000009160      0x118 /home/pp/altera/16.0/nios2eds/bin/gnu/H-x86_64-pc-linux-gnu/bin/../lib/gcc/nios2-elf/5.2.0/../../../../../H-x86_64-pc-linux-gnu/nios2-elf/lib/mno-hw-mul/libc.a(lib_a-findfp.o)
                0x0000000000009160                __sfp
 .text._cleanup
                0x0000000000009278       0x18 /home/pp/altera/16.0/nios2eds/bin/gnu/H-x86_64-pc-linux-gnu/bin/../lib/gcc/nios2-elf/5.2.0/../../../../../H-x86_64-pc-linux-gnu/nios2-elf/lib/mno-hw-mul/libc.a(lib_a-findfp.o)
                0x0000000000009278                _cleanup
 .text.__sinit  0x0000000000009290       0x10 /home/pp/altera/16.0/nios2eds/bin/gnu/H-x86_64-pc-linux-gnu/bin/../lib/gcc/nios2-elf/5.2.0/../../../../../H-x86_64-pc-linux-gnu/nios2-elf/lib/mno-hw-mul/libc.a(lib_a-findfp.o)
                0x0000000000009290                __sinit
 .text.__sfp_lock_acquire
                0x00000000000092a0        0x4 /home/pp/altera/16.0/nios2eds/bin/gnu/H-x86_64-pc-linux-gnu/bin/../lib/gcc/nios2-elf/5.2.0/../../../../../H-x86_64-pc-linux-gnu/nios2-elf/lib/mno-hw-mul/libc.a(lib_a-findfp.o)
                0x00000000000092a0                __sfp_lock_acquire
 .text.__sfp_lock_release
                0x00000000000092a4        0x4 /home/pp/altera/16.0/nios2eds/bin/gnu/H-x86_64-pc-linux-gnu/bin/../lib/gcc/nios2-elf/5.2.0/../../../../../H-x86_64-pc-linux-gnu/nios2-elf/lib/mno-hw-mul/libc.a(lib_a-findfp.o)
                0x00000000000092a4                __sfp_lock_release
 .text.__sinit_lock_acquire
                0x00000000000092a8        0x4 /home/pp/altera/16.0/nios2eds/bin/gnu/H-x86_64-pc-linux-gnu/bin/../lib/gcc/nios2-elf/5.2.0/../../../../../H-x86_64-pc-linux-gnu/nios2-elf/lib/mno-hw-mul/libc.a(lib_a-findfp.o)
                0x00000000000092a8                __sinit_lock_acquire
 .text.__sinit_lock_release
                0x00000000000092ac        0x4 /home/pp/altera/16.0/nios2eds/bin/gnu/H-x86_64-pc-linux-gnu/bin/../lib/gcc/nios2-elf/5.2.0/../../../../../H-x86_64-pc-linux-gnu/nios2-elf/lib/mno-hw-mul/libc.a(lib_a-findfp.o)
                0x00000000000092ac                __sinit_lock_release
 .text.__fp_lock_all
                0x00000000000092b0       0x18 /home/pp/altera/16.0/nios2eds/bin/gnu/H-x86_64-pc-linux-gnu/bin/../lib/gcc/nios2-elf/5.2.0/../../../../../H-x86_64-pc-linux-gnu/nios2-elf/lib/mno-hw-mul/libc.a(lib_a-findfp.o)
                0x00000000000092b0                __fp_lock_all
 .text.__fp_unlock_all
                0x00000000000092c8       0x18 /home/pp/altera/16.0/nios2eds/bin/gnu/H-x86_64-pc-linux-gnu/bin/../lib/gcc/nios2-elf/5.2.0/../../../../../H-x86_64-pc-linux-gnu/nios2-elf/lib/mno-hw-mul/libc.a(lib_a-findfp.o)
                0x00000000000092c8                __fp_unlock_all
 .text          0x00000000000092e0        0x0 /home/pp/altera/16.0/nios2eds/bin/gnu/H-x86_64-pc-linux-gnu/bin/../lib/gcc/nios2-elf/5.2.0/../../../../../H-x86_64-pc-linux-gnu/nios2-elf/lib/mno-hw-mul/libc.a(lib_a-fwalk.o)
 .text._fwalk   0x00000000000092e0       0xc4 /home/pp/altera/16.0/nios2eds/bin/gnu/H-x86_64-pc-linux-gnu/bin/../lib/gcc/nios2-elf/5.2.0/../../../../../H-x86_64-pc-linux-gnu/nios2-elf/lib/mno-hw-mul/libc.a(lib_a-fwalk.o)
                0x00000000000092e0                _fwalk
 .text._fwalk_reent
                0x00000000000093a4       0xc4 /home/pp/altera/16.0/nios2eds/bin/gnu/H-x86_64-pc-linux-gnu/bin/../lib/gcc/nios2-elf/5.2.0/../../../../../H-x86_64-pc-linux-gnu/nios2-elf/lib/mno-hw-mul/libc.a(lib_a-fwalk.o)
                0x00000000000093a4                _fwalk_reent
 .text          0x0000000000009468        0x0 /home/pp/altera/16.0/nios2eds/bin/gnu/H-x86_64-pc-linux-gnu/bin/../lib/gcc/nios2-elf/5.2.0/../../../../../H-x86_64-pc-linux-gnu/nios2-elf/lib/mno-hw-mul/libc.a(lib_a-mallocr.o)
 .text._malloc_r
                0x0000000000009468      0x80c /home/pp/altera/16.0/nios2eds/bin/gnu/H-x86_64-pc-linux-gnu/bin/../lib/gcc/nios2-elf/5.2.0/../../../../../H-x86_64-pc-linux-gnu/nios2-elf/lib/mno-hw-mul/libc.a(lib_a-mallocr.o)
                0x0000000000009468                _malloc_r
 .text          0x0000000000009c74        0x0 /home/pp/altera/16.0/nios2eds/bin/gnu/H-x86_64-pc-linux-gnu/bin/../lib/gcc/nios2-elf/5.2.0/../../../../../H-x86_64-pc-linux-gnu/nios2-elf/lib/mno-hw-mul/libc.a(lib_a-memset.o)
 .text.memset   0x0000000000009c74      0x128 /home/pp/altera/16.0/nios2eds/bin/gnu/H-x86_64-pc-linux-gnu/bin/../lib/gcc/nios2-elf/5.2.0/../../../../../H-x86_64-pc-linux-gnu/nios2-elf/lib/mno-hw-mul/libc.a(lib_a-memset.o)
                0x0000000000009c74                memset
 .text          0x0000000000009d9c        0x0 /home/pp/altera/16.0/nios2eds/bin/gnu/H-x86_64-pc-linux-gnu/bin/../lib/gcc/nios2-elf/5.2.0/../../../../../H-x86_64-pc-linux-gnu/nios2-elf/lib/mno-hw-mul/libc.a(lib_a-refill.o)
 .text.lflush   0x0000000000009d9c       0x1c /home/pp/altera/16.0/nios2eds/bin/gnu/H-x86_64-pc-linux-gnu/bin/../lib/gcc/nios2-elf/5.2.0/../../../../../H-x86_64-pc-linux-gnu/nios2-elf/lib/mno-hw-mul/libc.a(lib_a-refill.o)
 .text.__srefill_r
                0x0000000000009db8      0x1d4 /home/pp/altera/16.0/nios2eds/bin/gnu/H-x86_64-pc-linux-gnu/bin/../lib/gcc/nios2-elf/5.2.0/../../../../../H-x86_64-pc-linux-gnu/nios2-elf/lib/mno-hw-mul/libc.a(lib_a-refill.o)
                0x0000000000009db8                __srefill_r
 .text          0x0000000000009f8c        0x0 /home/pp/altera/16.0/nios2eds/bin/gnu/H-x86_64-pc-linux-gnu/bin/../lib/gcc/nios2-elf/5.2.0/../../../../../H-x86_64-pc-linux-gnu/nios2-elf/lib/mno-hw-mul/libc.a(lib_a-sbrkr.o)
 .text._sbrk_r  0x0000000000009f8c       0x54 /home/pp/altera/16.0/nios2eds/bin/gnu/H-x86_64-pc-linux-gnu/bin/../lib/gcc/nios2-elf/5.2.0/../../../../../H-x86_64-pc-linux-gnu/nios2-elf/lib/mno-hw-mul/libc.a(lib_a-sbrkr.o)
                0x0000000000009f8c                _sbrk_r
 .text          0x0000000000009fe0        0x0 /home/pp/altera/16.0/nios2eds/bin/gnu/H-x86_64-pc-linux-gnu/bin/../lib/gcc/nios2-elf/5.2.0/../../../../../H-x86_64-pc-linux-gnu/nios2-elf/lib/mno-hw-mul/libc.a(lib_a-stdio.o)
 .text.__sread  0x0000000000009fe0       0x54 /home/pp/altera/16.0/nios2eds/bin/gnu/H-x86_64-pc-linux-gnu/bin/../lib/gcc/nios2-elf/5.2.0/../../../../../H-x86_64-pc-linux-gnu/nios2-elf/lib/mno-hw-mul/libc.a(lib_a-stdio.o)
                0x0000000000009fe0                __sread
 .text.__seofread
                0x000000000000a034        0x8 /home/pp/altera/16.0/nios2eds/bin/gnu/H-x86_64-pc-linux-gnu/bin/../lib/gcc/nios2-elf/5.2.0/../../../../../H-x86_64-pc-linux-gnu/nios2-elf/lib/mno-hw-mul/libc.a(lib_a-stdio.o)
                0x000000000000a034                __seofread
 .text.__swrite
                0x000000000000a03c       0x7c /home/pp/altera/16.0/nios2eds/bin/gnu/H-x86_64-pc-linux-gnu/bin/../lib/gcc/nios2-elf/5.2.0/../../../../../H-x86_64-pc-linux-gnu/nios2-elf/lib/mno-hw-mul/libc.a(lib_a-stdio.o)
                0x000000000000a03c                __swrite
 .text.__sseek  0x000000000000a0b8       0x5c /home/pp/altera/16.0/nios2eds/bin/gnu/H-x86_64-pc-linux-gnu/bin/../lib/gcc/nios2-elf/5.2.0/../../../../../H-x86_64-pc-linux-gnu/nios2-elf/lib/mno-hw-mul/libc.a(lib_a-stdio.o)
                0x000000000000a0b8                __sseek
 .text.__sclose
                0x000000000000a114        0x8 /home/pp/altera/16.0/nios2eds/bin/gnu/H-x86_64-pc-linux-gnu/bin/../lib/gcc/nios2-elf/5.2.0/../../../../../H-x86_64-pc-linux-gnu/nios2-elf/lib/mno-hw-mul/libc.a(lib_a-stdio.o)
                0x000000000000a114                __sclose
 .text          0x000000000000a11c        0x0 /home/pp/altera/16.0/nios2eds/bin/gnu/H-x86_64-pc-linux-gnu/bin/../lib/gcc/nios2-elf/5.2.0/../../../../../H-x86_64-pc-linux-gnu/nios2-elf/lib/mno-hw-mul/libc.a(lib_a-writer.o)
 .text._write_r
                0x000000000000a11c       0x60 /home/pp/altera/16.0/nios2eds/bin/gnu/H-x86_64-pc-linux-gnu/bin/../lib/gcc/nios2-elf/5.2.0/../../../../../H-x86_64-pc-linux-gnu/nios2-elf/lib/mno-hw-mul/libc.a(lib_a-writer.o)
                0x000000000000a11c                _write_r
 .text          0x000000000000a17c        0x0 /home/pp/altera/16.0/nios2eds/bin/gnu/H-x86_64-pc-linux-gnu/bin/../lib/gcc/nios2-elf/5.2.0/../../../../../H-x86_64-pc-linux-gnu/nios2-elf/lib/mno-hw-mul/libc.a(closer.o)
 .text._close_r
                0x000000000000a17c       0x54 /home/pp/altera/16.0/nios2eds/bin/gnu/H-x86_64-pc-linux-gnu/bin/../lib/gcc/nios2-elf/5.2.0/../../../../../H-x86_64-pc-linux-gnu/nios2-elf/lib/mno-hw-mul/libc.a(closer.o)
                0x000000000000a17c                _close_r
 .text          0x000000000000a1d0        0x0 /home/pp/altera/16.0/nios2eds/bin/gnu/H-x86_64-pc-linux-gnu/bin/../lib/gcc/nios2-elf/5.2.0/../../../../../H-x86_64-pc-linux-gnu/nios2-elf/lib/mno-hw-mul/libc.a(lib_a-fclose.o)
 .text._fclose_r
                0x000000000000a1d0       0xf0 /home/pp/altera/16.0/nios2eds/bin/gnu/H-x86_64-pc-linux-gnu/bin/../lib/gcc/nios2-elf/5.2.0/../../../../../H-x86_64-pc-linux-gnu/nios2-elf/lib/mno-hw-mul/libc.a(lib_a-fclose.o)
                0x000000000000a1d0                _fclose_r
 .text.fclose   0x000000000000a2c0       0x14 /home/pp/altera/16.0/nios2eds/bin/gnu/H-x86_64-pc-linux-gnu/bin/../lib/gcc/nios2-elf/5.2.0/../../../../../H-x86_64-pc-linux-gnu/nios2-elf/lib/mno-hw-mul/libc.a(lib_a-fclose.o)
                0x000000000000a2c0                fclose
 .text          0x000000000000a2d4        0x0 /home/pp/altera/16.0/nios2eds/bin/gnu/H-x86_64-pc-linux-gnu/bin/../lib/gcc/nios2-elf/5.2.0/../../../../../H-x86_64-pc-linux-gnu/nios2-elf/lib/mno-hw-mul/libc.a(lib_a-fflush.o)
 .text.__sflush_r
                0x000000000000a2d4      0x21c /home/pp/altera/16.0/nios2eds/bin/gnu/H-x86_64-pc-linux-gnu/bin/../lib/gcc/nios2-elf/5.2.0/../../../../../H-x86_64-pc-linux-gnu/nios2-elf/lib/mno-hw-mul/libc.a(lib_a-fflush.o)
                0x000000000000a2d4                __sflush_r
 .text._fflush_r
                0x000000000000a4f0       0x5c /home/pp/altera/16.0/nios2eds/bin/gnu/H-x86_64-pc-linux-gnu/bin/../lib/gcc/nios2-elf/5.2.0/../../../../../H-x86_64-pc-linux-gnu/nios2-elf/lib/mno-hw-mul/libc.a(lib_a-fflush.o)
                0x000000000000a4f0                _fflush_r
 .text.fflush   0x000000000000a54c       0x30 /home/pp/altera/16.0/nios2eds/bin/gnu/H-x86_64-pc-linux-gnu/bin/../lib/gcc/nios2-elf/5.2.0/../../../../../H-x86_64-pc-linux-gnu/nios2-elf/lib/mno-hw-mul/libc.a(lib_a-fflush.o)
                0x000000000000a54c                fflush
 .text          0x000000000000a57c        0x0 /home/pp/altera/16.0/nios2eds/bin/gnu/H-x86_64-pc-linux-gnu/bin/../lib/gcc/nios2-elf/5.2.0/../../../../../H-x86_64-pc-linux-gnu/nios2-elf/lib/mno-hw-mul/libc.a(lib_a-freer.o)
 .text._malloc_trim_r
                0x000000000000a57c      0x124 /home/pp/altera/16.0/nios2eds/bin/gnu/H-x86_64-pc-linux-gnu/bin/../lib/gcc/nios2-elf/5.2.0/../../../../../H-x86_64-pc-linux-gnu/nios2-elf/lib/mno-hw-mul/libc.a(lib_a-freer.o)
                0x000000000000a57c                _malloc_trim_r
 .text._free_r  0x000000000000a6a0      0x310 /home/pp/altera/16.0/nios2eds/bin/gnu/H-x86_64-pc-linux-gnu/bin/../lib/gcc/nios2-elf/5.2.0/../../../../../H-x86_64-pc-linux-gnu/nios2-elf/lib/mno-hw-mul/libc.a(lib_a-freer.o)
                0x000000000000a6a0                _free_r
 .text          0x000000000000a9b0        0x0 /home/pp/altera/16.0/nios2eds/bin/gnu/H-x86_64-pc-linux-gnu/bin/../lib/gcc/nios2-elf/5.2.0/../../../../../H-x86_64-pc-linux-gnu/nios2-elf/lib/mno-hw-mul/libc.a(lib_a-int_errno.o)
 .text          0x000000000000a9b0        0x0 /home/pp/altera/16.0/nios2eds/bin/gnu/H-x86_64-pc-linux-gnu/bin/../lib/gcc/nios2-elf/5.2.0/../../../../../H-x86_64-pc-linux-gnu/nios2-elf/lib/mno-hw-mul/libc.a(lib_a-lseekr.o)
 .text._lseek_r
                0x000000000000a9b0       0x60 /home/pp/altera/16.0/nios2eds/bin/gnu/H-x86_64-pc-linux-gnu/bin/../lib/gcc/nios2-elf/5.2.0/../../../../../H-x86_64-pc-linux-gnu/nios2-elf/lib/mno-hw-mul/libc.a(lib_a-lseekr.o)
                0x000000000000a9b0                _lseek_r
 .text          0x000000000000aa10        0x0 /home/pp/altera/16.0/nios2eds/bin/gnu/H-x86_64-pc-linux-gnu/bin/../lib/gcc/nios2-elf/5.2.0/../../../../../H-x86_64-pc-linux-gnu/nios2-elf/lib/mno-hw-mul/libc.a(lib_a-makebuf.o)
 .text.__smakebuf_r
                0x000000000000aa10      0x1bc /home/pp/altera/16.0/nios2eds/bin/gnu/H-x86_64-pc-linux-gnu/bin/../lib/gcc/nios2-elf/5.2.0/../../../../../H-x86_64-pc-linux-gnu/nios2-elf/lib/mno-hw-mul/libc.a(lib_a-makebuf.o)
                0x000000000000aa10                __smakebuf_r
 .text          0x000000000000abcc        0x0 /home/pp/altera/16.0/nios2eds/bin/gnu/H-x86_64-pc-linux-gnu/bin/../lib/gcc/nios2-elf/5.2.0/../../../../../H-x86_64-pc-linux-gnu/nios2-elf/lib/mno-hw-mul/libc.a(lib_a-readr.o)
 .text._read_r  0x000000000000abcc       0x60 /home/pp/altera/16.0/nios2eds/bin/gnu/H-x86_64-pc-linux-gnu/bin/../lib/gcc/nios2-elf/5.2.0/../../../../../H-x86_64-pc-linux-gnu/nios2-elf/lib/mno-hw-mul/libc.a(lib_a-readr.o)
                0x000000000000abcc                _read_r
 .text          0x000000000000ac2c        0x0 /home/pp/altera/16.0/nios2eds/bin/gnu/H-x86_64-pc-linux-gnu/bin/../lib/gcc/nios2-elf/5.2.0/../../../../../H-x86_64-pc-linux-gnu/nios2-elf/lib/mno-hw-mul/libc.a(lib_a-fstatr.o)
 .text._fstat_r
                0x000000000000ac2c       0x5c /home/pp/altera/16.0/nios2eds/bin/gnu/H-x86_64-pc-linux-gnu/bin/../lib/gcc/nios2-elf/5.2.0/../../../../../H-x86_64-pc-linux-gnu/nios2-elf/lib/mno-hw-mul/libc.a(lib_a-fstatr.o)
                0x000000000000ac2c                _fstat_r
 .text          0x000000000000ac88        0x0 /home/pp/altera/16.0/nios2eds/bin/gnu/H-x86_64-pc-linux-gnu/bin/../lib/gcc/nios2-elf/5.2.0/../../../../../H-x86_64-pc-linux-gnu/nios2-elf/lib/mno-hw-mul/libc.a(lib_a-isattyr.o)
 .text._isatty_r
                0x000000000000ac88       0x54 /home/pp/altera/16.0/nios2eds/bin/gnu/H-x86_64-pc-linux-gnu/bin/../lib/gcc/nios2-elf/5.2.0/../../../../../H-x86_64-pc-linux-gnu/nios2-elf/lib/mno-hw-mul/libc.a(lib_a-isattyr.o)
                0x000000000000ac88                _isatty_r
 .text          0x000000000000acdc       0x28 /home/pp/altera/16.0/nios2eds/bin/gnu/H-x86_64-pc-linux-gnu/bin/../lib/gcc/nios2-elf/5.2.0/mno-hw-mul/libgcc.a(lib2-mul.o)
                0x000000000000acdc                __mulsi3
 .text          0x000000000000ad04       0xd8 hal_bsp//libhal_bsp.a(alt_close.o)
                0x000000000000ad04                close
 .text          0x000000000000addc        0x8 hal_bsp//libhal_bsp.a(alt_dev.o)
 .text          0x000000000000ade4        0x0 hal_bsp//libhal_bsp.a(alt_errno.o)
 .text          0x000000000000ade4       0xd4 hal_bsp//libhal_bsp.a(alt_fstat.o)
                0x000000000000ade4                fstat
 .text          0x000000000000aeb8       0xac hal_bsp//libhal_bsp.a(alt_isatty.o)
                0x000000000000aeb8                isatty
 .text          0x000000000000af64      0x114 hal_bsp//libhal_bsp.a(alt_load.o)
                0x000000000000af64                alt_load
 .text          0x000000000000b078       0xd4 hal_bsp//libhal_bsp.a(alt_lseek.o)
                0x000000000000b078                lseek
 .text          0x000000000000b14c       0x64 hal_bsp//libhal_bsp.a(alt_main.o)
                0x000000000000b14c                alt_main
 .text          0x000000000000b1b0        0x8 hal_bsp//libhal_bsp.a(alt_malloc_lock.o)
                0x000000000000b1b0                __malloc_lock
                0x000000000000b1b4                __malloc_unlock
 .text          0x000000000000b1b8      0x138 hal_bsp//libhal_bsp.a(alt_read.o)
                0x000000000000b1b8                read
 .text          0x000000000000b2f0       0x5c hal_bsp//libhal_bsp.a(alt_release_fd.o)
                0x000000000000b2f0                alt_release_fd
 .text          0x000000000000b34c       0x4c hal_bsp//libhal_bsp.a(alt_sbrk.o)
                0x000000000000b34c                sbrk
 .text          0x000000000000b398      0x134 hal_bsp//libhal_bsp.a(alt_write.o)
                0x000000000000b398                write
 .text          0x000000000000b4cc       0x78 hal_bsp//libhal_bsp.a(alt_sys_init.o)
                0x000000000000b4cc                alt_irq_init
                0x000000000000b4ec                alt_sys_init
 .text          0x000000000000b544       0x20 hal_bsp//libhal_bsp.a(altera_avalon_jtag_uart_fd.o)
                0x000000000000b544                altera_avalon_jtag_uart_read_fd
                0x000000000000b554                altera_avalon_jtag_uart_write_fd
 .text          0x000000000000b564       0x74 hal_bsp//libhal_bsp.a(altera_avalon_jtag_uart_read.o)
                0x000000000000b564                altera_avalon_jtag_uart_read
 .text          0x000000000000b5d8       0x34 hal_bsp//libhal_bsp.a(altera_avalon_jtag_uart_write.o)
                0x000000000000b5d8                altera_avalon_jtag_uart_write
 .text          0x000000000000b60c       0x8c hal_bsp//libhal_bsp.a(altera_avalon_timer_sc.o)
                0x000000000000b648                alt_avalon_timer_sc_init
 .text          0x000000000000b698       0x20 hal_bsp//libhal_bsp.a(altera_avalon_uart_fd.o)
                0x000000000000b698                altera_avalon_uart_read_fd
                0x000000000000b6a8                altera_avalon_uart_write_fd
 .text          0x000000000000b6b8       0x88 hal_bsp//libhal_bsp.a(altera_avalon_uart_read.o)
                0x000000000000b6b8                altera_avalon_uart_read
 .text          0x000000000000b740       0x8c hal_bsp//libhal_bsp.a(altera_avalon_uart_write.o)
                0x000000000000b740                altera_avalon_uart_write
 .text          0x000000000000b7cc        0x4 hal_bsp//libhal_bsp.a(alt_dcache_flush_all.o)
                0x000000000000b7cc                alt_dcache_flush_all
 .text          0x000000000000b7d0       0x78 hal_bsp//libhal_bsp.a(alt_dev_llist_insert.o)
                0x000000000000b7d0                alt_dev_llist_insert
 .text          0x000000000000b848       0x64 hal_bsp//libhal_bsp.a(alt_do_ctors.o)
                0x000000000000b848                _do_ctors
 .text          0x000000000000b8ac       0x64 hal_bsp//libhal_bsp.a(alt_do_dtors.o)
                0x000000000000b8ac                _do_dtors
 .text          0x000000000000b910        0x4 hal_bsp//libhal_bsp.a(alt_icache_flush_all.o)
                0x000000000000b910                alt_icache_flush_all
 .text          0x000000000000b914       0x9c hal_bsp//libhal_bsp.a(alt_iic.o)
                0x000000000000b914                alt_ic_isr_register
                0x000000000000b918                alt_ic_irq_enable
                0x000000000000b958                alt_ic_irq_disable
                0x000000000000b998                alt_ic_irq_enabled
 .text          0x000000000000b9b0       0x68 hal_bsp//libhal_bsp.a(alt_iic_isr_register.o)
                0x000000000000b9b0                alt_iic_isr_register
 .text          0x000000000000ba18      0x100 hal_bsp//libhal_bsp.a(alt_io_redirect.o)
                0x000000000000baa4                alt_io_redirect
 .text          0x000000000000bb18        0x0 hal_bsp//libhal_bsp.a(alt_irq_entry.o)
 .text          0x000000000000bb18        0x0 hal_bsp//libhal_bsp.a(alt_irq_handler.o)
 .text          0x000000000000bb18        0x0 hal_bsp//libhal_bsp.a(alt_irq_vars.o)
 .text          0x000000000000bb18      0x1a0 hal_bsp//libhal_bsp.a(alt_open.o)
                0x000000000000bb18                open
 .text          0x000000000000bcb8      0x128 hal_bsp//libhal_bsp.a(alt_tick.o)
                0x000000000000bcb8                alt_alarm_stop
                0x000000000000bcec                alt_tick
 .text          0x000000000000bde0        0x8 hal_bsp//libhal_bsp.a(altera_nios2_gen2_irq.o)
                0x000000000000bde0                altera_nios2_gen2_irq_init
 .text          0x000000000000bde8        0x0 hal_bsp//libhal_bsp.a(alt_exception_entry.o)
 .text          0x000000000000bde8       0x78 hal_bsp//libhal_bsp.a(alt_find_dev.o)
                0x000000000000bde8                alt_find_dev
 .text          0x000000000000be60       0xb0 hal_bsp//libhal_bsp.a(alt_find_file.o)
                0x000000000000be60                alt_find_file
 .text          0x000000000000bf10       0x90 hal_bsp//libhal_bsp.a(alt_get_fd.o)
                0x000000000000bf10                alt_get_fd
 .text          0x000000000000bfa0       0x74 hal_bsp//libhal_bsp.a(alt_instruction_exception_entry.o)
                0x000000000000bfa0                alt_exception_cause_generated_bad_addr
 .text          0x000000000000c014        0x0 /home/pp/altera/16.0/nios2eds/bin/gnu/H-x86_64-pc-linux-gnu/bin/../lib/gcc/nios2-elf/5.2.0/../../../../../H-x86_64-pc-linux-gnu/nios2-elf/lib/mno-hw-mul/libc.a(lib_a-atexit.o)
 .text.atexit   0x000000000000c014       0x14 /home/pp/altera/16.0/nios2eds/bin/gnu/H-x86_64-pc-linux-gnu/bin/../lib/gcc/nios2-elf/5.2.0/../../../../../H-x86_64-pc-linux-gnu/nios2-elf/lib/mno-hw-mul/libc.a(lib_a-atexit.o)
                0x000000000000c014                atexit
 .text          0x000000000000c028        0x0 /home/pp/altera/16.0/nios2eds/bin/gnu/H-x86_64-pc-linux-gnu/bin/../lib/gcc/nios2-elf/5.2.0/../../../../../H-x86_64-pc-linux-gnu/nios2-elf/lib/mno-hw-mul/libc.a(lib_a-exit.o)
 .text.exit     0x000000000000c028       0x38 /home/pp/altera/16.0/nios2eds/bin/gnu/H-x86_64-pc-linux-gnu/bin/../lib/gcc/nios2-elf/5.2.0/../../../../../H-x86_64-pc-linux-gnu/nios2-elf/lib/mno-hw-mul/libc.a(lib_a-exit.o)
                0x000000000000c028                exit
 .text          0x000000000000c060        0x0 /home/pp/altera/16.0/nios2eds/bin/gnu/H-x86_64-pc-linux-gnu/bin/../lib/gcc/nios2-elf/5.2.0/../../../../../H-x86_64-pc-linux-gnu/nios2-elf/lib/mno-hw-mul/libc.a(lib_a-memcmp.o)
 .text.memcmp   0x000000000000c060       0x7c /home/pp/altera/16.0/nios2eds/bin/gnu/H-x86_64-pc-linux-gnu/bin/../lib/gcc/nios2-elf/5.2.0/../../../../../H-x86_64-pc-linux-gnu/nios2-elf/lib/mno-hw-mul/libc.a(lib_a-memcmp.o)
                0x000000000000c060                memcmp
 .text          0x000000000000c0dc        0x0 /home/pp/altera/16.0/nios2eds/bin/gnu/H-x86_64-pc-linux-gnu/bin/../lib/gcc/nios2-elf/5.2.0/../../../../../H-x86_64-pc-linux-gnu/nios2-elf/lib/mno-hw-mul/libc.a(lib_a-strlen.o)
 .text.strlen   0x000000000000c0dc       0x98 /home/pp/altera/16.0/nios2eds/bin/gnu/H-x86_64-pc-linux-gnu/bin/../lib/gcc/nios2-elf/5.2.0/../../../../../H-x86_64-pc-linux-gnu/nios2-elf/lib/mno-hw-mul/libc.a(lib_a-strlen.o)
                0x000000000000c0dc                strlen
 .text          0x000000000000c174        0x0 /home/pp/altera/16.0/nios2eds/bin/gnu/H-x86_64-pc-linux-gnu/bin/../lib/gcc/nios2-elf/5.2.0/../../../../../H-x86_64-pc-linux-gnu/nios2-elf/lib/mno-hw-mul/libc.a(lib_a-__atexit.o)
 .text.__register_exitproc
                0x000000000000c174      0x118 /home/pp/altera/16.0/nios2eds/bin/gnu/H-x86_64-pc-linux-gnu/bin/../lib/gcc/nios2-elf/5.2.0/../../../../../H-x86_64-pc-linux-gnu/nios2-elf/lib/mno-hw-mul/libc.a(lib_a-__atexit.o)
                0x000000000000c174                __register_exitproc
 .text          0x000000000000c28c        0x0 /home/pp/altera/16.0/nios2eds/bin/gnu/H-x86_64-pc-linux-gnu/bin/../lib/gcc/nios2-elf/5.2.0/../../../../../H-x86_64-pc-linux-gnu/nios2-elf/lib/mno-hw-mul/libc.a(lib_a-__call_atexit.o)
 .text.__call_exitprocs
                0x000000000000c28c      0x180 /home/pp/altera/16.0/nios2eds/bin/gnu/H-x86_64-pc-linux-gnu/bin/../lib/gcc/nios2-elf/5.2.0/../../../../../H-x86_64-pc-linux-gnu/nios2-elf/lib/mno-hw-mul/libc.a(lib_a-__call_atexit.o)
                0x000000000000c28c                __call_exitprocs
 .text          0x000000000000c40c       0x14 hal_bsp//libhal_bsp.a(alt_exit.o)
                0x000000000000c40c                _exit
 *(.gnu.warning.*)
 *(.fini)
                [!provide]                        PROVIDE (__etext, ABSOLUTE (.))
                [!provide]                        PROVIDE (_etext, ABSOLUTE (.))
                [!provide]                        PROVIDE (etext, ABSOLUTE (.))
 *(.eh_frame_hdr)
                0x000000000000c420                . = ALIGN (0x4)
                [!provide]                        PROVIDE (__preinit_array_start, ABSOLUTE (.))
 *(.preinit_array)
                [!provide]                        PROVIDE (__preinit_array_end, ABSOLUTE (.))
                [!provide]                        PROVIDE (__init_array_start, ABSOLUTE (.))
 *(.init_array)
                [!provide]                        PROVIDE (__init_array_end, ABSOLUTE (.))
                [!provide]                        PROVIDE (__fini_array_start, ABSOLUTE (.))
 *(.fini_array)
                [!provide]                        PROVIDE (__fini_array_end, ABSOLUTE (.))
 *(.eh_frame)
 *(.gcc_except_table .gcc_except_table.*)
 *(.dynamic)
                0x000000000000c420                PROVIDE (__CTOR_LIST__, ABSOLUTE (.))
 *(.ctors)
 *(SORT(.ctors.*))
                0x000000000000c420                PROVIDE (__CTOR_END__, ABSOLUTE (.))
                0x000000000000c420                PROVIDE (__DTOR_LIST__, ABSOLUTE (.))
 *(.dtors)
 *(SORT(.dtors.*))
                0x000000000000c420                PROVIDE (__DTOR_END__, ABSOLUTE (.))
 *(.jcr)
                0x000000000000c420                . = ALIGN (0x4)

.rodata         0x000000000000c420       0xfc
                0x000000000000c420                PROVIDE (__ram_rodata_start, ABSOLUTE (.))
                0x000000000000c420                . = ALIGN (0x4)
 *(.rodata .rodata.* .gnu.linkonce.r.*)
 .rodata        0x000000000000c420       0xae obj/default/main.o
 *fill*         0x000000000000c4ce        0x2 
 .rodata        0x000000000000c4d0       0x1a obj/default/small_printing.o
 *fill*         0x000000000000c4ea        0x2 
 .rodata.str1.4
                0x000000000000c4ec        0x2 /home/pp/altera/16.0/nios2eds/bin/gnu/H-x86_64-pc-linux-gnu/bin/../lib/gcc/nios2-elf/5.2.0/../../../../../H-x86_64-pc-linux-gnu/nios2-elf/lib/mno-hw-mul/libc.a(lib_a-impure.o)
 *fill*         0x000000000000c4ee        0x2 
 .rodata.str1.4
                0x000000000000c4f0        0xa hal_bsp//libhal_bsp.a(alt_dev.o)
 *fill*         0x000000000000c4fa        0x2 
 .rodata.str1.4
                0x000000000000c4fc       0x20 hal_bsp//libhal_bsp.a(alt_main.o)
 .rodata.str1.4
                0x000000000000c51c       0x1d hal_bsp//libhal_bsp.a(alt_sys_init.o)
 *(.rodata1)
                0x000000000000c53c                . = ALIGN (0x4)
                0x000000000000c53c                PROVIDE (__ram_rodata_end, ABSOLUTE (.))
                0x000000000000c420                PROVIDE (__flash_rodata_start, LOADADDR (.rodata))

.rwdata         0x000000000000c51c      0xa68 load address 0x000000000000cf84
                0x000000000000c51c                PROVIDE (__ram_rwdata_start, ABSOLUTE (.))
                0x000000000000c51c                . = ALIGN (0x4)
 *(.got.plt)
 *(.got)
 *(.data1)
 *(.data .data.* .gnu.linkonce.d.*)
 .data          0x000000000000c51c        0x0 hal_bsp//obj/HAL/src/crt0.o
 .data          0x000000000000c51c        0x0 obj/default/main.o
 .data          0x000000000000c51c        0x0 obj/default/small_printing.o
 .data          0x000000000000c51c        0x0 /home/pp/altera/16.0/nios2eds/bin/gnu/H-x86_64-pc-linux-gnu/bin/../lib/gcc/nios2-elf/5.2.0/mno-hw-mul/libgcc.a(lib2-divmod.o)
 .data          0x000000000000c51c        0x0 /home/pp/altera/16.0/nios2eds/bin/gnu/H-x86_64-pc-linux-gnu/bin/../lib/gcc/nios2-elf/5.2.0/../../../../../H-x86_64-pc-linux-gnu/nios2-elf/lib/mno-hw-mul/libc.a(lib_a-getc.o)
 .data          0x000000000000c51c        0x0 /home/pp/altera/16.0/nios2eds/bin/gnu/H-x86_64-pc-linux-gnu/bin/../lib/gcc/nios2-elf/5.2.0/../../../../../H-x86_64-pc-linux-gnu/nios2-elf/lib/mno-hw-mul/libc.a(lib_a-impure.o)
 .data.impure_data
                0x000000000000c51c      0x424 /home/pp/altera/16.0/nios2eds/bin/gnu/H-x86_64-pc-linux-gnu/bin/../lib/gcc/nios2-elf/5.2.0/../../../../../H-x86_64-pc-linux-gnu/nios2-elf/lib/mno-hw-mul/libc.a(lib_a-impure.o)
 .data          0x000000000000c940        0x0 /home/pp/altera/16.0/nios2eds/bin/gnu/H-x86_64-pc-linux-gnu/bin/../lib/gcc/nios2-elf/5.2.0/../../../../../H-x86_64-pc-linux-gnu/nios2-elf/lib/mno-hw-mul/libc.a(lib_a-rget.o)
 .data          0x000000000000c940        0x0 /home/pp/altera/16.0/nios2eds/bin/gnu/H-x86_64-pc-linux-gnu/bin/../lib/gcc/nios2-elf/5.2.0/../../../../../H-x86_64-pc-linux-gnu/nios2-elf/lib/mno-hw-mul/libc.a(lib_a-findfp.o)
 .data          0x000000000000c940        0x0 /home/pp/altera/16.0/nios2eds/bin/gnu/H-x86_64-pc-linux-gnu/bin/../lib/gcc/nios2-elf/5.2.0/../../../../../H-x86_64-pc-linux-gnu/nios2-elf/lib/mno-hw-mul/libc.a(lib_a-fwalk.o)
 .data          0x000000000000c940        0x0 /home/pp/altera/16.0/nios2eds/bin/gnu/H-x86_64-pc-linux-gnu/bin/../lib/gcc/nios2-elf/5.2.0/../../../../../H-x86_64-pc-linux-gnu/nios2-elf/lib/mno-hw-mul/libc.a(lib_a-mallocr.o)
 .data.__malloc_av_
                0x000000000000c940      0x408 /home/pp/altera/16.0/nios2eds/bin/gnu/H-x86_64-pc-linux-gnu/bin/../lib/gcc/nios2-elf/5.2.0/../../../../../H-x86_64-pc-linux-gnu/nios2-elf/lib/mno-hw-mul/libc.a(lib_a-mallocr.o)
                0x000000000000c940                __malloc_av_
 .data          0x000000000000cd48        0x0 /home/pp/altera/16.0/nios2eds/bin/gnu/H-x86_64-pc-linux-gnu/bin/../lib/gcc/nios2-elf/5.2.0/../../../../../H-x86_64-pc-linux-gnu/nios2-elf/lib/mno-hw-mul/libc.a(lib_a-memset.o)
 .data          0x000000000000cd48        0x0 /home/pp/altera/16.0/nios2eds/bin/gnu/H-x86_64-pc-linux-gnu/bin/../lib/gcc/nios2-elf/5.2.0/../../../../../H-x86_64-pc-linux-gnu/nios2-elf/lib/mno-hw-mul/libc.a(lib_a-refill.o)
 .data          0x000000000000cd48        0x0 /home/pp/altera/16.0/nios2eds/bin/gnu/H-x86_64-pc-linux-gnu/bin/../lib/gcc/nios2-elf/5.2.0/../../../../../H-x86_64-pc-linux-gnu/nios2-elf/lib/mno-hw-mul/libc.a(lib_a-sbrkr.o)
 .data          0x000000000000cd48        0x0 /home/pp/altera/16.0/nios2eds/bin/gnu/H-x86_64-pc-linux-gnu/bin/../lib/gcc/nios2-elf/5.2.0/../../../../../H-x86_64-pc-linux-gnu/nios2-elf/lib/mno-hw-mul/libc.a(lib_a-stdio.o)
 .data          0x000000000000cd48        0x0 /home/pp/altera/16.0/nios2eds/bin/gnu/H-x86_64-pc-linux-gnu/bin/../lib/gcc/nios2-elf/5.2.0/../../../../../H-x86_64-pc-linux-gnu/nios2-elf/lib/mno-hw-mul/libc.a(lib_a-writer.o)
 .data          0x000000000000cd48        0x0 /home/pp/altera/16.0/nios2eds/bin/gnu/H-x86_64-pc-linux-gnu/bin/../lib/gcc/nios2-elf/5.2.0/../../../../../H-x86_64-pc-linux-gnu/nios2-elf/lib/mno-hw-mul/libc.a(closer.o)
 .data          0x000000000000cd48        0x0 /home/pp/altera/16.0/nios2eds/bin/gnu/H-x86_64-pc-linux-gnu/bin/../lib/gcc/nios2-elf/5.2.0/../../../../../H-x86_64-pc-linux-gnu/nios2-elf/lib/mno-hw-mul/libc.a(lib_a-fclose.o)
 .data          0x000000000000cd48        0x0 /home/pp/altera/16.0/nios2eds/bin/gnu/H-x86_64-pc-linux-gnu/bin/../lib/gcc/nios2-elf/5.2.0/../../../../../H-x86_64-pc-linux-gnu/nios2-elf/lib/mno-hw-mul/libc.a(lib_a-fflush.o)
 .data          0x000000000000cd48        0x0 /home/pp/altera/16.0/nios2eds/bin/gnu/H-x86_64-pc-linux-gnu/bin/../lib/gcc/nios2-elf/5.2.0/../../../../../H-x86_64-pc-linux-gnu/nios2-elf/lib/mno-hw-mul/libc.a(lib_a-freer.o)
 .data          0x000000000000cd48        0x0 /home/pp/altera/16.0/nios2eds/bin/gnu/H-x86_64-pc-linux-gnu/bin/../lib/gcc/nios2-elf/5.2.0/../../../../../H-x86_64-pc-linux-gnu/nios2-elf/lib/mno-hw-mul/libc.a(lib_a-int_errno.o)
 .data          0x000000000000cd48        0x0 /home/pp/altera/16.0/nios2eds/bin/gnu/H-x86_64-pc-linux-gnu/bin/../lib/gcc/nios2-elf/5.2.0/../../../../../H-x86_64-pc-linux-gnu/nios2-elf/lib/mno-hw-mul/libc.a(lib_a-lseekr.o)
 .data          0x000000000000cd48        0x0 /home/pp/altera/16.0/nios2eds/bin/gnu/H-x86_64-pc-linux-gnu/bin/../lib/gcc/nios2-elf/5.2.0/../../../../../H-x86_64-pc-linux-gnu/nios2-elf/lib/mno-hw-mul/libc.a(lib_a-makebuf.o)
 .data          0x000000000000cd48        0x0 /home/pp/altera/16.0/nios2eds/bin/gnu/H-x86_64-pc-linux-gnu/bin/../lib/gcc/nios2-elf/5.2.0/../../../../../H-x86_64-pc-linux-gnu/nios2-elf/lib/mno-hw-mul/libc.a(lib_a-readr.o)
 .data          0x000000000000cd48        0x0 /home/pp/altera/16.0/nios2eds/bin/gnu/H-x86_64-pc-linux-gnu/bin/../lib/gcc/nios2-elf/5.2.0/../../../../../H-x86_64-pc-linux-gnu/nios2-elf/lib/mno-hw-mul/libc.a(lib_a-fstatr.o)
 .data          0x000000000000cd48        0x0 /home/pp/altera/16.0/nios2eds/bin/gnu/H-x86_64-pc-linux-gnu/bin/../lib/gcc/nios2-elf/5.2.0/../../../../../H-x86_64-pc-linux-gnu/nios2-elf/lib/mno-hw-mul/libc.a(lib_a-isattyr.o)
 .data          0x000000000000cd48        0x0 /home/pp/altera/16.0/nios2eds/bin/gnu/H-x86_64-pc-linux-gnu/bin/../lib/gcc/nios2-elf/5.2.0/mno-hw-mul/libgcc.a(lib2-mul.o)
 .data          0x000000000000cd48        0x0 hal_bsp//libhal_bsp.a(alt_close.o)
 .data          0x000000000000cd48      0x1a8 hal_bsp//libhal_bsp.a(alt_dev.o)
                0x000000000000cd48                alt_fd_list
                0x000000000000cec8                alt_dev_null
 .data          0x000000000000cef0        0x0 hal_bsp//libhal_bsp.a(alt_errno.o)
 .data          0x000000000000cef0        0x0 hal_bsp//libhal_bsp.a(alt_fstat.o)
 .data          0x000000000000cef0        0x0 hal_bsp//libhal_bsp.a(alt_isatty.o)
 .data          0x000000000000cef0        0x0 hal_bsp//libhal_bsp.a(alt_load.o)
 .data          0x000000000000cef0        0x0 hal_bsp//libhal_bsp.a(alt_lseek.o)
 .data          0x000000000000cef0        0x0 hal_bsp//libhal_bsp.a(alt_main.o)
 .data          0x000000000000cef0        0x0 hal_bsp//libhal_bsp.a(alt_malloc_lock.o)
 .data          0x000000000000cef0        0x0 hal_bsp//libhal_bsp.a(alt_read.o)
 .data          0x000000000000cef0        0x0 hal_bsp//libhal_bsp.a(alt_release_fd.o)
 .data          0x000000000000cef0        0x0 hal_bsp//libhal_bsp.a(alt_sbrk.o)
 .data          0x000000000000cef0        0x0 hal_bsp//libhal_bsp.a(alt_write.o)
 .data          0x000000000000cef0       0x58 hal_bsp//libhal_bsp.a(alt_sys_init.o)
 .data          0x000000000000cf48        0x0 hal_bsp//libhal_bsp.a(altera_avalon_jtag_uart_fd.o)
 .data          0x000000000000cf48        0x0 hal_bsp//libhal_bsp.a(altera_avalon_jtag_uart_read.o)
 .data          0x000000000000cf48        0x0 hal_bsp//libhal_bsp.a(altera_avalon_jtag_uart_write.o)
 .data          0x000000000000cf48        0x0 hal_bsp//libhal_bsp.a(altera_avalon_timer_sc.o)
 .data          0x000000000000cf48        0x0 hal_bsp//libhal_bsp.a(altera_avalon_uart_fd.o)
 .data          0x000000000000cf48        0x0 hal_bsp//libhal_bsp.a(altera_avalon_uart_read.o)
 .data          0x000000000000cf48        0x0 hal_bsp//libhal_bsp.a(altera_avalon_uart_write.o)
 .data          0x000000000000cf48        0x0 hal_bsp//libhal_bsp.a(alt_dcache_flush_all.o)
 .data          0x000000000000cf48        0x0 hal_bsp//libhal_bsp.a(alt_dev_llist_insert.o)
 .data          0x000000000000cf48        0x0 hal_bsp//libhal_bsp.a(alt_do_ctors.o)
 .data          0x000000000000cf48        0x0 hal_bsp//libhal_bsp.a(alt_do_dtors.o)
 .data          0x000000000000cf48        0x0 hal_bsp//libhal_bsp.a(alt_icache_flush_all.o)
 .data          0x000000000000cf48        0x0 hal_bsp//libhal_bsp.a(alt_iic.o)
 .data          0x000000000000cf48        0x0 hal_bsp//libhal_bsp.a(alt_iic_isr_register.o)
 .data          0x000000000000cf48        0x0 hal_bsp//libhal_bsp.a(alt_io_redirect.o)
 .data          0x000000000000cf48        0x0 hal_bsp//libhal_bsp.a(alt_irq_entry.o)
 .data          0x000000000000cf48        0x0 hal_bsp//libhal_bsp.a(alt_irq_handler.o)
 .data          0x000000000000cf48        0x0 hal_bsp//libhal_bsp.a(alt_irq_vars.o)
 .data          0x000000000000cf48        0x0 hal_bsp//libhal_bsp.a(alt_open.o)
 .data          0x000000000000cf48        0x0 hal_bsp//libhal_bsp.a(alt_tick.o)
 .data          0x000000000000cf48        0x0 hal_bsp//libhal_bsp.a(altera_nios2_gen2_irq.o)
 .data          0x000000000000cf48        0x0 hal_bsp//libhal_bsp.a(alt_exception_entry.o)
 .data          0x000000000000cf48        0x0 hal_bsp//libhal_bsp.a(alt_find_dev.o)
 .data          0x000000000000cf48        0x0 hal_bsp//libhal_bsp.a(alt_find_file.o)
 .data          0x000000000000cf48        0x0 hal_bsp//libhal_bsp.a(alt_get_fd.o)
 .data          0x000000000000cf48        0x0 hal_bsp//libhal_bsp.a(alt_instruction_exception_entry.o)
 .data          0x000000000000cf48        0x0 /home/pp/altera/16.0/nios2eds/bin/gnu/H-x86_64-pc-linux-gnu/bin/../lib/gcc/nios2-elf/5.2.0/../../../../../H-x86_64-pc-linux-gnu/nios2-elf/lib/mno-hw-mul/libc.a(lib_a-atexit.o)
 .data          0x000000000000cf48        0x0 /home/pp/altera/16.0/nios2eds/bin/gnu/H-x86_64-pc-linux-gnu/bin/../lib/gcc/nios2-elf/5.2.0/../../../../../H-x86_64-pc-linux-gnu/nios2-elf/lib/mno-hw-mul/libc.a(lib_a-exit.o)
 .data          0x000000000000cf48        0x0 /home/pp/altera/16.0/nios2eds/bin/gnu/H-x86_64-pc-linux-gnu/bin/../lib/gcc/nios2-elf/5.2.0/../../../../../H-x86_64-pc-linux-gnu/nios2-elf/lib/mno-hw-mul/libc.a(lib_a-memcmp.o)
 .data          0x000000000000cf48        0x0 /home/pp/altera/16.0/nios2eds/bin/gnu/H-x86_64-pc-linux-gnu/bin/../lib/gcc/nios2-elf/5.2.0/../../../../../H-x86_64-pc-linux-gnu/nios2-elf/lib/mno-hw-mul/libc.a(lib_a-strlen.o)
 .data          0x000000000000cf48        0x0 /home/pp/altera/16.0/nios2eds/bin/gnu/H-x86_64-pc-linux-gnu/bin/../lib/gcc/nios2-elf/5.2.0/../../../../../H-x86_64-pc-linux-gnu/nios2-elf/lib/mno-hw-mul/libc.a(lib_a-__atexit.o)
 .data          0x000000000000cf48        0x0 /home/pp/altera/16.0/nios2eds/bin/gnu/H-x86_64-pc-linux-gnu/bin/../lib/gcc/nios2-elf/5.2.0/../../../../../H-x86_64-pc-linux-gnu/nios2-elf/lib/mno-hw-mul/libc.a(lib_a-__call_atexit.o)
 .data          0x000000000000cf48        0x0 hal_bsp//libhal_bsp.a(alt_exit.o)
                0x0000000000014f48                _gp = ABSOLUTE ((. + 0x8000))
                [!provide]                        PROVIDE (gp, _gp)
 *(.rwdata .rwdata.*)
 *(.sdata .sdata.* .gnu.linkonce.s.*)
 .sdata         0x000000000000cf48        0x4 obj/default/small_printing.o
 .sdata._global_impure_ptr
                0x000000000000cf4c        0x4 /home/pp/altera/16.0/nios2eds/bin/gnu/H-x86_64-pc-linux-gnu/bin/../lib/gcc/nios2-elf/5.2.0/../../../../../H-x86_64-pc-linux-gnu/nios2-elf/lib/mno-hw-mul/libc.a(lib_a-impure.o)
                0x000000000000cf4c                _global_impure_ptr
 .sdata._impure_ptr
                0x000000000000cf50        0x4 /home/pp/altera/16.0/nios2eds/bin/gnu/H-x86_64-pc-linux-gnu/bin/../lib/gcc/nios2-elf/5.2.0/../../../../../H-x86_64-pc-linux-gnu/nios2-elf/lib/mno-hw-mul/libc.a(lib_a-impure.o)
                0x000000000000cf50                _impure_ptr
 .sdata.__malloc_sbrk_base
                0x000000000000cf54        0x4 /home/pp/altera/16.0/nios2eds/bin/gnu/H-x86_64-pc-linux-gnu/bin/../lib/gcc/nios2-elf/5.2.0/../../../../../H-x86_64-pc-linux-gnu/nios2-elf/lib/mno-hw-mul/libc.a(lib_a-mallocr.o)
                0x000000000000cf54                __malloc_sbrk_base
 .sdata.__malloc_trim_threshold
                0x000000000000cf58        0x4 /home/pp/altera/16.0/nios2eds/bin/gnu/H-x86_64-pc-linux-gnu/bin/../lib/gcc/nios2-elf/5.2.0/../../../../../H-x86_64-pc-linux-gnu/nios2-elf/lib/mno-hw-mul/libc.a(lib_a-mallocr.o)
                0x000000000000cf58                __malloc_trim_threshold
 .sdata         0x000000000000cf5c       0x14 hal_bsp//libhal_bsp.a(alt_dev.o)
                0x000000000000cf5c                alt_max_fd
                0x000000000000cf60                alt_dev_list
                0x000000000000cf68                alt_fs_list
 .sdata         0x000000000000cf70        0x4 hal_bsp//libhal_bsp.a(alt_errno.o)
                0x000000000000cf70                alt_errno
 .sdata         0x000000000000cf74        0x4 hal_bsp//libhal_bsp.a(alt_sbrk.o)
 .sdata         0x000000000000cf78        0x4 hal_bsp//libhal_bsp.a(alt_irq_vars.o)
                0x000000000000cf78                alt_priority_mask
 .sdata         0x000000000000cf7c        0x8 hal_bsp//libhal_bsp.a(alt_tick.o)
                0x000000000000cf7c                alt_alarm_list
 *(.sdata2 .sdata2.* .gnu.linkonce.s2.*)
                0x000000000000cf84                . = ALIGN (0x4)
                0x000000000000cf84                _edata = ABSOLUTE (.)
                [!provide]                        PROVIDE (edata, ABSOLUTE (.))
                0x000000000000cf84                PROVIDE (__ram_rwdata_end, ABSOLUTE (.))
                0x000000000000cf84                PROVIDE (__flash_rwdata_start, LOADADDR (.rwdata))

.bss            0x000000000000d9ec      0x160
                0x000000000000d9ec                __bss_start = ABSOLUTE (.)
                [!provide]                        PROVIDE (__sbss_start, ABSOLUTE (.))
                [!provide]                        PROVIDE (___sbss_start, ABSOLUTE (.))
 *(.dynsbss)
 *(.sbss .sbss.* .gnu.linkonce.sb.*)
 .sbss.__malloc_max_total_mem
                0x000000000000d9ec        0x4 /home/pp/altera/16.0/nios2eds/bin/gnu/H-x86_64-pc-linux-gnu/bin/../lib/gcc/nios2-elf/5.2.0/../../../../../H-x86_64-pc-linux-gnu/nios2-elf/lib/mno-hw-mul/libc.a(lib_a-mallocr.o)
                0x000000000000d9ec                __malloc_max_total_mem
 .sbss.__malloc_max_sbrked_mem
                0x000000000000d9f0        0x4 /home/pp/altera/16.0/nios2eds/bin/gnu/H-x86_64-pc-linux-gnu/bin/../lib/gcc/nios2-elf/5.2.0/../../../../../H-x86_64-pc-linux-gnu/nios2-elf/lib/mno-hw-mul/libc.a(lib_a-mallocr.o)
                0x000000000000d9f0                __malloc_max_sbrked_mem
 .sbss.__malloc_top_pad
                0x000000000000d9f4        0x4 /home/pp/altera/16.0/nios2eds/bin/gnu/H-x86_64-pc-linux-gnu/bin/../lib/gcc/nios2-elf/5.2.0/../../../../../H-x86_64-pc-linux-gnu/nios2-elf/lib/mno-hw-mul/libc.a(lib_a-mallocr.o)
                0x000000000000d9f4                __malloc_top_pad
 .sbss          0x000000000000d9f8        0x4 /home/pp/altera/16.0/nios2eds/bin/gnu/H-x86_64-pc-linux-gnu/bin/../lib/gcc/nios2-elf/5.2.0/../../../../../H-x86_64-pc-linux-gnu/nios2-elf/lib/mno-hw-mul/libc.a(lib_a-int_errno.o)
                0x000000000000d9f8                errno
 .sbss          0x000000000000d9fc        0xc hal_bsp//libhal_bsp.a(alt_main.o)
                0x000000000000d9fc                alt_envp
                0x000000000000da00                alt_argv
                0x000000000000da04                alt_argc
 .sbss          0x000000000000da08        0x4 hal_bsp//libhal_bsp.a(alt_irq_vars.o)
                0x000000000000da08                alt_irq_active
 .sbss          0x000000000000da0c        0x8 hal_bsp//libhal_bsp.a(alt_tick.o)
                0x000000000000da0c                _alt_nticks
                0x000000000000da10                _alt_tick_rate
 .sbss          0x000000000000da14        0x4 hal_bsp//libhal_bsp.a(alt_instruction_exception_entry.o)
                0x000000000000da14                alt_instruction_exception_handler
 *(.sbss2 .sbss2.* .gnu.linkonce.sb2.*)
 *(.scommon)
                [!provide]                        PROVIDE (__sbss_end, ABSOLUTE (.))
                [!provide]                        PROVIDE (___sbss_end, ABSOLUTE (.))
 *(.dynbss)
 *(.bss .bss.* .gnu.linkonce.b.*)
 .bss           0x000000000000da18        0x0 hal_bsp//obj/HAL/src/crt0.o
 .bss           0x000000000000da18        0x0 obj/default/main.o
 .bss           0x000000000000da18        0x9 obj/default/small_printing.o
 .bss           0x000000000000da21        0x0 /home/pp/altera/16.0/nios2eds/bin/gnu/H-x86_64-pc-linux-gnu/bin/../lib/gcc/nios2-elf/5.2.0/mno-hw-mul/libgcc.a(lib2-divmod.o)
 .bss           0x000000000000da21        0x0 /home/pp/altera/16.0/nios2eds/bin/gnu/H-x86_64-pc-linux-gnu/bin/../lib/gcc/nios2-elf/5.2.0/../../../../../H-x86_64-pc-linux-gnu/nios2-elf/lib/mno-hw-mul/libc.a(lib_a-getc.o)
 .bss           0x000000000000da21        0x0 /home/pp/altera/16.0/nios2eds/bin/gnu/H-x86_64-pc-linux-gnu/bin/../lib/gcc/nios2-elf/5.2.0/../../../../../H-x86_64-pc-linux-gnu/nios2-elf/lib/mno-hw-mul/libc.a(lib_a-impure.o)
 .bss           0x000000000000da21        0x0 /home/pp/altera/16.0/nios2eds/bin/gnu/H-x86_64-pc-linux-gnu/bin/../lib/gcc/nios2-elf/5.2.0/../../../../../H-x86_64-pc-linux-gnu/nios2-elf/lib/mno-hw-mul/libc.a(lib_a-rget.o)
 .bss           0x000000000000da21        0x0 /home/pp/altera/16.0/nios2eds/bin/gnu/H-x86_64-pc-linux-gnu/bin/../lib/gcc/nios2-elf/5.2.0/../../../../../H-x86_64-pc-linux-gnu/nios2-elf/lib/mno-hw-mul/libc.a(lib_a-findfp.o)
 .bss           0x000000000000da21        0x0 /home/pp/altera/16.0/nios2eds/bin/gnu/H-x86_64-pc-linux-gnu/bin/../lib/gcc/nios2-elf/5.2.0/../../../../../H-x86_64-pc-linux-gnu/nios2-elf/lib/mno-hw-mul/libc.a(lib_a-fwalk.o)
 .bss           0x000000000000da21        0x0 /home/pp/altera/16.0/nios2eds/bin/gnu/H-x86_64-pc-linux-gnu/bin/../lib/gcc/nios2-elf/5.2.0/../../../../../H-x86_64-pc-linux-gnu/nios2-elf/lib/mno-hw-mul/libc.a(lib_a-mallocr.o)
 *fill*         0x000000000000da21        0x3 
 .bss.__malloc_current_mallinfo
                0x000000000000da24       0x28 /home/pp/altera/16.0/nios2eds/bin/gnu/H-x86_64-pc-linux-gnu/bin/../lib/gcc/nios2-elf/5.2.0/../../../../../H-x86_64-pc-linux-gnu/nios2-elf/lib/mno-hw-mul/libc.a(lib_a-mallocr.o)
                0x000000000000da24                __malloc_current_mallinfo
 .bss           0x000000000000da4c        0x0 /home/pp/altera/16.0/nios2eds/bin/gnu/H-x86_64-pc-linux-gnu/bin/../lib/gcc/nios2-elf/5.2.0/../../../../../H-x86_64-pc-linux-gnu/nios2-elf/lib/mno-hw-mul/libc.a(lib_a-memset.o)
 .bss           0x000000000000da4c        0x0 /home/pp/altera/16.0/nios2eds/bin/gnu/H-x86_64-pc-linux-gnu/bin/../lib/gcc/nios2-elf/5.2.0/../../../../../H-x86_64-pc-linux-gnu/nios2-elf/lib/mno-hw-mul/libc.a(lib_a-refill.o)
 .bss           0x000000000000da4c        0x0 /home/pp/altera/16.0/nios2eds/bin/gnu/H-x86_64-pc-linux-gnu/bin/../lib/gcc/nios2-elf/5.2.0/../../../../../H-x86_64-pc-linux-gnu/nios2-elf/lib/mno-hw-mul/libc.a(lib_a-sbrkr.o)
 .bss           0x000000000000da4c        0x0 /home/pp/altera/16.0/nios2eds/bin/gnu/H-x86_64-pc-linux-gnu/bin/../lib/gcc/nios2-elf/5.2.0/../../../../../H-x86_64-pc-linux-gnu/nios2-elf/lib/mno-hw-mul/libc.a(lib_a-stdio.o)
 .bss           0x000000000000da4c        0x0 /home/pp/altera/16.0/nios2eds/bin/gnu/H-x86_64-pc-linux-gnu/bin/../lib/gcc/nios2-elf/5.2.0/../../../../../H-x86_64-pc-linux-gnu/nios2-elf/lib/mno-hw-mul/libc.a(lib_a-writer.o)
 .bss           0x000000000000da4c        0x0 /home/pp/altera/16.0/nios2eds/bin/gnu/H-x86_64-pc-linux-gnu/bin/../lib/gcc/nios2-elf/5.2.0/../../../../../H-x86_64-pc-linux-gnu/nios2-elf/lib/mno-hw-mul/libc.a(closer.o)
 .bss           0x000000000000da4c        0x0 /home/pp/altera/16.0/nios2eds/bin/gnu/H-x86_64-pc-linux-gnu/bin/../lib/gcc/nios2-elf/5.2.0/../../../../../H-x86_64-pc-linux-gnu/nios2-elf/lib/mno-hw-mul/libc.a(lib_a-fclose.o)
 .bss           0x000000000000da4c        0x0 /home/pp/altera/16.0/nios2eds/bin/gnu/H-x86_64-pc-linux-gnu/bin/../lib/gcc/nios2-elf/5.2.0/../../../../../H-x86_64-pc-linux-gnu/nios2-elf/lib/mno-hw-mul/libc.a(lib_a-fflush.o)
 .bss           0x000000000000da4c        0x0 /home/pp/altera/16.0/nios2eds/bin/gnu/H-x86_64-pc-linux-gnu/bin/../lib/gcc/nios2-elf/5.2.0/../../../../../H-x86_64-pc-linux-gnu/nios2-elf/lib/mno-hw-mul/libc.a(lib_a-freer.o)
 .bss           0x000000000000da4c        0x0 /home/pp/altera/16.0/nios2eds/bin/gnu/H-x86_64-pc-linux-gnu/bin/../lib/gcc/nios2-elf/5.2.0/../../../../../H-x86_64-pc-linux-gnu/nios2-elf/lib/mno-hw-mul/libc.a(lib_a-int_errno.o)
 .bss           0x000000000000da4c        0x0 /home/pp/altera/16.0/nios2eds/bin/gnu/H-x86_64-pc-linux-gnu/bin/../lib/gcc/nios2-elf/5.2.0/../../../../../H-x86_64-pc-linux-gnu/nios2-elf/lib/mno-hw-mul/libc.a(lib_a-lseekr.o)
 .bss           0x000000000000da4c        0x0 /home/pp/altera/16.0/nios2eds/bin/gnu/H-x86_64-pc-linux-gnu/bin/../lib/gcc/nios2-elf/5.2.0/../../../../../H-x86_64-pc-linux-gnu/nios2-elf/lib/mno-hw-mul/libc.a(lib_a-makebuf.o)
 .bss           0x000000000000da4c        0x0 /home/pp/altera/16.0/nios2eds/bin/gnu/H-x86_64-pc-linux-gnu/bin/../lib/gcc/nios2-elf/5.2.0/../../../../../H-x86_64-pc-linux-gnu/nios2-elf/lib/mno-hw-mul/libc.a(lib_a-readr.o)
 .bss           0x000000000000da4c        0x0 /home/pp/altera/16.0/nios2eds/bin/gnu/H-x86_64-pc-linux-gnu/bin/../lib/gcc/nios2-elf/5.2.0/../../../../../H-x86_64-pc-linux-gnu/nios2-elf/lib/mno-hw-mul/libc.a(lib_a-fstatr.o)
 .bss           0x000000000000da4c        0x0 /home/pp/altera/16.0/nios2eds/bin/gnu/H-x86_64-pc-linux-gnu/bin/../lib/gcc/nios2-elf/5.2.0/../../../../../H-x86_64-pc-linux-gnu/nios2-elf/lib/mno-hw-mul/libc.a(lib_a-isattyr.o)
 .bss           0x000000000000da4c        0x0 /home/pp/altera/16.0/nios2eds/bin/gnu/H-x86_64-pc-linux-gnu/bin/../lib/gcc/nios2-elf/5.2.0/mno-hw-mul/libgcc.a(lib2-mul.o)
 .bss           0x000000000000da4c        0x0 hal_bsp//libhal_bsp.a(alt_close.o)
 .bss           0x000000000000da4c        0x0 hal_bsp//libhal_bsp.a(alt_dev.o)
 .bss           0x000000000000da4c        0x0 hal_bsp//libhal_bsp.a(alt_errno.o)
 .bss           0x000000000000da4c        0x0 hal_bsp//libhal_bsp.a(alt_fstat.o)
 .bss           0x000000000000da4c        0x0 hal_bsp//libhal_bsp.a(alt_isatty.o)
 .bss           0x000000000000da4c        0x0 hal_bsp//libhal_bsp.a(alt_load.o)
 .bss           0x000000000000da4c        0x0 hal_bsp//libhal_bsp.a(alt_lseek.o)
 .bss           0x000000000000da4c        0x0 hal_bsp//libhal_bsp.a(alt_main.o)
 .bss           0x000000000000da4c        0x0 hal_bsp//libhal_bsp.a(alt_malloc_lock.o)
 .bss           0x000000000000da4c        0x0 hal_bsp//libhal_bsp.a(alt_read.o)
 .bss           0x000000000000da4c        0x0 hal_bsp//libhal_bsp.a(alt_release_fd.o)
 .bss           0x000000000000da4c        0x0 hal_bsp//libhal_bsp.a(alt_sbrk.o)
 .bss           0x000000000000da4c        0x0 hal_bsp//libhal_bsp.a(alt_write.o)
 .bss           0x000000000000da4c        0x0 hal_bsp//libhal_bsp.a(alt_sys_init.o)
 .bss           0x000000000000da4c        0x0 hal_bsp//libhal_bsp.a(altera_avalon_jtag_uart_fd.o)
 .bss           0x000000000000da4c        0x0 hal_bsp//libhal_bsp.a(altera_avalon_jtag_uart_read.o)
 .bss           0x000000000000da4c        0x0 hal_bsp//libhal_bsp.a(altera_avalon_jtag_uart_write.o)
 .bss           0x000000000000da4c        0x0 hal_bsp//libhal_bsp.a(altera_avalon_timer_sc.o)
 .bss           0x000000000000da4c        0x0 hal_bsp//libhal_bsp.a(altera_avalon_uart_fd.o)
 .bss           0x000000000000da4c        0x0 hal_bsp//libhal_bsp.a(altera_avalon_uart_read.o)
 .bss           0x000000000000da4c        0x0 hal_bsp//libhal_bsp.a(altera_avalon_uart_write.o)
 .bss           0x000000000000da4c        0x0 hal_bsp//libhal_bsp.a(alt_dcache_flush_all.o)
 .bss           0x000000000000da4c        0x0 hal_bsp//libhal_bsp.a(alt_dev_llist_insert.o)
 .bss           0x000000000000da4c        0x0 hal_bsp//libhal_bsp.a(alt_do_ctors.o)
 .bss           0x000000000000da4c        0x0 hal_bsp//libhal_bsp.a(alt_do_dtors.o)
 .bss           0x000000000000da4c        0x0 hal_bsp//libhal_bsp.a(alt_icache_flush_all.o)
 .bss           0x000000000000da4c        0x0 hal_bsp//libhal_bsp.a(alt_iic.o)
 .bss           0x000000000000da4c        0x0 hal_bsp//libhal_bsp.a(alt_iic_isr_register.o)
 .bss           0x000000000000da4c        0x0 hal_bsp//libhal_bsp.a(alt_io_redirect.o)
 .bss           0x000000000000da4c        0x0 hal_bsp//libhal_bsp.a(alt_irq_entry.o)
 .bss           0x000000000000da4c        0x0 hal_bsp//libhal_bsp.a(alt_irq_handler.o)
 .bss           0x000000000000da4c        0x0 hal_bsp//libhal_bsp.a(alt_irq_vars.o)
 .bss           0x000000000000da4c        0x0 hal_bsp//libhal_bsp.a(alt_open.o)
 .bss           0x000000000000da4c        0x0 hal_bsp//libhal_bsp.a(alt_tick.o)
 .bss           0x000000000000da4c        0x0 hal_bsp//libhal_bsp.a(altera_nios2_gen2_irq.o)
 .bss           0x000000000000da4c        0x0 hal_bsp//libhal_bsp.a(alt_exception_entry.o)
 .bss           0x000000000000da4c        0x0 hal_bsp//libhal_bsp.a(alt_find_dev.o)
 .bss           0x000000000000da4c        0x0 hal_bsp//libhal_bsp.a(alt_find_file.o)
 .bss           0x000000000000da4c        0x0 hal_bsp//libhal_bsp.a(alt_get_fd.o)
 .bss           0x000000000000da4c        0x0 hal_bsp//libhal_bsp.a(alt_instruction_exception_entry.o)
 .bss           0x000000000000da4c        0x0 /home/pp/altera/16.0/nios2eds/bin/gnu/H-x86_64-pc-linux-gnu/bin/../lib/gcc/nios2-elf/5.2.0/../../../../../H-x86_64-pc-linux-gnu/nios2-elf/lib/mno-hw-mul/libc.a(lib_a-atexit.o)
 .bss           0x000000000000da4c        0x0 /home/pp/altera/16.0/nios2eds/bin/gnu/H-x86_64-pc-linux-gnu/bin/../lib/gcc/nios2-elf/5.2.0/../../../../../H-x86_64-pc-linux-gnu/nios2-elf/lib/mno-hw-mul/libc.a(lib_a-exit.o)
 .bss           0x000000000000da4c        0x0 /home/pp/altera/16.0/nios2eds/bin/gnu/H-x86_64-pc-linux-gnu/bin/../lib/gcc/nios2-elf/5.2.0/../../../../../H-x86_64-pc-linux-gnu/nios2-elf/lib/mno-hw-mul/libc.a(lib_a-memcmp.o)
 .bss           0x000000000000da4c        0x0 /home/pp/altera/16.0/nios2eds/bin/gnu/H-x86_64-pc-linux-gnu/bin/../lib/gcc/nios2-elf/5.2.0/../../../../../H-x86_64-pc-linux-gnu/nios2-elf/lib/mno-hw-mul/libc.a(lib_a-strlen.o)
 .bss           0x000000000000da4c        0x0 /home/pp/altera/16.0/nios2eds/bin/gnu/H-x86_64-pc-linux-gnu/bin/../lib/gcc/nios2-elf/5.2.0/../../../../../H-x86_64-pc-linux-gnu/nios2-elf/lib/mno-hw-mul/libc.a(lib_a-__atexit.o)
 .bss           0x000000000000da4c        0x0 /home/pp/altera/16.0/nios2eds/bin/gnu/H-x86_64-pc-linux-gnu/bin/../lib/gcc/nios2-elf/5.2.0/../../../../../H-x86_64-pc-linux-gnu/nios2-elf/lib/mno-hw-mul/libc.a(lib_a-__call_atexit.o)
 .bss           0x000000000000da4c        0x0 hal_bsp//libhal_bsp.a(alt_exit.o)
 *(COMMON)
 COMMON         0x000000000000da4c      0x100 hal_bsp//libhal_bsp.a(alt_irq_handler.o)
                0x000000000000da4c                alt_irq
                0x000000000000db4c                . = ALIGN (0x4)
                0x000000000000db4c                __bss_end = ABSOLUTE (.)

.onchip_memory2_0
                0x000000000000db4c        0x0
                [!provide]                        PROVIDE (_alt_partition_onchip_memory2_0_start, ABSOLUTE (.))
 *(.onchip_memory2_0 .onchip_memory2_0. onchip_memory2_0.*)
                0x000000000000db4c                . = ALIGN (0x4)
                [!provide]                        PROVIDE (_alt_partition_onchip_memory2_0_end, ABSOLUTE (.))
                0x000000000000db4c                _end = ABSOLUTE (.)
                0x000000000000db4c                end = ABSOLUTE (.)
                0x000000000000db4c                __alt_stack_base = ABSOLUTE (.)
                [!provide]                        PROVIDE (_alt_partition_onchip_memory2_0_load_addr, LOADADDR (.onchip_memory2_0))

.stab
 *(.stab)

.stabstr
 *(.stabstr)

.stab.excl
 *(.stab.excl)

.stab.exclstr
 *(.stab.exclstr)

.stab.index
 *(.stab.index)

.stab.indexstr
 *(.stab.indexstr)

.comment        0x0000000000000000       0x23
 *(.comment)
 .comment       0x0000000000000000       0x23 obj/default/main.o
                                         0x24 (size before relaxing)
 .comment       0x0000000000000023       0x24 obj/default/small_printing.o
 .comment       0x0000000000000023       0x24 /home/pp/altera/16.0/nios2eds/bin/gnu/H-x86_64-pc-linux-gnu/bin/../lib/gcc/nios2-elf/5.2.0/mno-hw-mul/libgcc.a(lib2-divmod.o)
 .comment       0x0000000000000023       0x24 /home/pp/altera/16.0/nios2eds/bin/gnu/H-x86_64-pc-linux-gnu/bin/../lib/gcc/nios2-elf/5.2.0/../../../../../H-x86_64-pc-linux-gnu/nios2-elf/lib/mno-hw-mul/libc.a(lib_a-getc.o)
 .comment       0x0000000000000023       0x24 /home/pp/altera/16.0/nios2eds/bin/gnu/H-x86_64-pc-linux-gnu/bin/../lib/gcc/nios2-elf/5.2.0/../../../../../H-x86_64-pc-linux-gnu/nios2-elf/lib/mno-hw-mul/libc.a(lib_a-impure.o)
 .comment       0x0000000000000023       0x24 /home/pp/altera/16.0/nios2eds/bin/gnu/H-x86_64-pc-linux-gnu/bin/../lib/gcc/nios2-elf/5.2.0/../../../../../H-x86_64-pc-linux-gnu/nios2-elf/lib/mno-hw-mul/libc.a(lib_a-rget.o)
 .comment       0x0000000000000023       0x24 /home/pp/altera/16.0/nios2eds/bin/gnu/H-x86_64-pc-linux-gnu/bin/../lib/gcc/nios2-elf/5.2.0/../../../../../H-x86_64-pc-linux-gnu/nios2-elf/lib/mno-hw-mul/libc.a(lib_a-findfp.o)
 .comment       0x0000000000000023       0x24 /home/pp/altera/16.0/nios2eds/bin/gnu/H-x86_64-pc-linux-gnu/bin/../lib/gcc/nios2-elf/5.2.0/../../../../../H-x86_64-pc-linux-gnu/nios2-elf/lib/mno-hw-mul/libc.a(lib_a-fwalk.o)
 .comment       0x0000000000000023       0x24 /home/pp/altera/16.0/nios2eds/bin/gnu/H-x86_64-pc-linux-gnu/bin/../lib/gcc/nios2-elf/5.2.0/../../../../../H-x86_64-pc-linux-gnu/nios2-elf/lib/mno-hw-mul/libc.a(lib_a-mallocr.o)
 .comment       0x0000000000000023       0x24 /home/pp/altera/16.0/nios2eds/bin/gnu/H-x86_64-pc-linux-gnu/bin/../lib/gcc/nios2-elf/5.2.0/../../../../../H-x86_64-pc-linux-gnu/nios2-elf/lib/mno-hw-mul/libc.a(lib_a-memset.o)
 .comment       0x0000000000000023       0x24 /home/pp/altera/16.0/nios2eds/bin/gnu/H-x86_64-pc-linux-gnu/bin/../lib/gcc/nios2-elf/5.2.0/../../../../../H-x86_64-pc-linux-gnu/nios2-elf/lib/mno-hw-mul/libc.a(lib_a-refill.o)
 .comment       0x0000000000000023       0x24 /home/pp/altera/16.0/nios2eds/bin/gnu/H-x86_64-pc-linux-gnu/bin/../lib/gcc/nios2-elf/5.2.0/../../../../../H-x86_64-pc-linux-gnu/nios2-elf/lib/mno-hw-mul/libc.a(lib_a-sbrkr.o)
 .comment       0x0000000000000023       0x24 /home/pp/altera/16.0/nios2eds/bin/gnu/H-x86_64-pc-linux-gnu/bin/../lib/gcc/nios2-elf/5.2.0/../../../../../H-x86_64-pc-linux-gnu/nios2-elf/lib/mno-hw-mul/libc.a(lib_a-stdio.o)
 .comment       0x0000000000000023       0x24 /home/pp/altera/16.0/nios2eds/bin/gnu/H-x86_64-pc-linux-gnu/bin/../lib/gcc/nios2-elf/5.2.0/../../../../../H-x86_64-pc-linux-gnu/nios2-elf/lib/mno-hw-mul/libc.a(lib_a-writer.o)
 .comment       0x0000000000000023       0x24 /home/pp/altera/16.0/nios2eds/bin/gnu/H-x86_64-pc-linux-gnu/bin/../lib/gcc/nios2-elf/5.2.0/../../../../../H-x86_64-pc-linux-gnu/nios2-elf/lib/mno-hw-mul/libc.a(closer.o)
 .comment       0x0000000000000023       0x24 /home/pp/altera/16.0/nios2eds/bin/gnu/H-x86_64-pc-linux-gnu/bin/../lib/gcc/nios2-elf/5.2.0/../../../../../H-x86_64-pc-linux-gnu/nios2-elf/lib/mno-hw-mul/libc.a(lib_a-fclose.o)
 .comment       0x0000000000000023       0x24 /home/pp/altera/16.0/nios2eds/bin/gnu/H-x86_64-pc-linux-gnu/bin/../lib/gcc/nios2-elf/5.2.0/../../../../../H-x86_64-pc-linux-gnu/nios2-elf/lib/mno-hw-mul/libc.a(lib_a-fflush.o)
 .comment       0x0000000000000023       0x24 /home/pp/altera/16.0/nios2eds/bin/gnu/H-x86_64-pc-linux-gnu/bin/../lib/gcc/nios2-elf/5.2.0/../../../../../H-x86_64-pc-linux-gnu/nios2-elf/lib/mno-hw-mul/libc.a(lib_a-freer.o)
 .comment       0x0000000000000023       0x24 /home/pp/altera/16.0/nios2eds/bin/gnu/H-x86_64-pc-linux-gnu/bin/../lib/gcc/nios2-elf/5.2.0/../../../../../H-x86_64-pc-linux-gnu/nios2-elf/lib/mno-hw-mul/libc.a(lib_a-int_errno.o)
 .comment       0x0000000000000023       0x24 /home/pp/altera/16.0/nios2eds/bin/gnu/H-x86_64-pc-linux-gnu/bin/../lib/gcc/nios2-elf/5.2.0/../../../../../H-x86_64-pc-linux-gnu/nios2-elf/lib/mno-hw-mul/libc.a(lib_a-lseekr.o)
 .comment       0x0000000000000023       0x24 /home/pp/altera/16.0/nios2eds/bin/gnu/H-x86_64-pc-linux-gnu/bin/../lib/gcc/nios2-elf/5.2.0/../../../../../H-x86_64-pc-linux-gnu/nios2-elf/lib/mno-hw-mul/libc.a(lib_a-makebuf.o)
 .comment       0x0000000000000023       0x24 /home/pp/altera/16.0/nios2eds/bin/gnu/H-x86_64-pc-linux-gnu/bin/../lib/gcc/nios2-elf/5.2.0/../../../../../H-x86_64-pc-linux-gnu/nios2-elf/lib/mno-hw-mul/libc.a(lib_a-readr.o)
 .comment       0x0000000000000023       0x24 /home/pp/altera/16.0/nios2eds/bin/gnu/H-x86_64-pc-linux-gnu/bin/../lib/gcc/nios2-elf/5.2.0/../../../../../H-x86_64-pc-linux-gnu/nios2-elf/lib/mno-hw-mul/libc.a(lib_a-fstatr.o)
 .comment       0x0000000000000023       0x24 /home/pp/altera/16.0/nios2eds/bin/gnu/H-x86_64-pc-linux-gnu/bin/../lib/gcc/nios2-elf/5.2.0/../../../../../H-x86_64-pc-linux-gnu/nios2-elf/lib/mno-hw-mul/libc.a(lib_a-isattyr.o)
 .comment       0x0000000000000023       0x24 /home/pp/altera/16.0/nios2eds/bin/gnu/H-x86_64-pc-linux-gnu/bin/../lib/gcc/nios2-elf/5.2.0/mno-hw-mul/libgcc.a(lib2-mul.o)
 .comment       0x0000000000000023       0x24 hal_bsp//libhal_bsp.a(alt_close.o)
 .comment       0x0000000000000023       0x24 hal_bsp//libhal_bsp.a(alt_dev.o)
 .comment       0x0000000000000023       0x24 hal_bsp//libhal_bsp.a(alt_errno.o)
 .comment       0x0000000000000023       0x24 hal_bsp//libhal_bsp.a(alt_fstat.o)
 .comment       0x0000000000000023       0x24 hal_bsp//libhal_bsp.a(alt_isatty.o)
 .comment       0x0000000000000023       0x24 hal_bsp//libhal_bsp.a(alt_load.o)
 .comment       0x0000000000000023       0x24 hal_bsp//libhal_bsp.a(alt_lseek.o)
 .comment       0x0000000000000023       0x24 hal_bsp//libhal_bsp.a(alt_main.o)
 .comment       0x0000000000000023       0x24 hal_bsp//libhal_bsp.a(alt_malloc_lock.o)
 .comment       0x0000000000000023       0x24 hal_bsp//libhal_bsp.a(alt_read.o)
 .comment       0x0000000000000023       0x24 hal_bsp//libhal_bsp.a(alt_release_fd.o)
 .comment       0x0000000000000023       0x24 hal_bsp//libhal_bsp.a(alt_sbrk.o)
 .comment       0x0000000000000023       0x24 hal_bsp//libhal_bsp.a(alt_write.o)
 .comment       0x0000000000000023       0x24 hal_bsp//libhal_bsp.a(alt_sys_init.o)
 .comment       0x0000000000000023       0x24 hal_bsp//libhal_bsp.a(altera_avalon_jtag_uart_fd.o)
 .comment       0x0000000000000023       0x24 hal_bsp//libhal_bsp.a(altera_avalon_jtag_uart_read.o)
 .comment       0x0000000000000023       0x24 hal_bsp//libhal_bsp.a(altera_avalon_jtag_uart_write.o)
 .comment       0x0000000000000023       0x24 hal_bsp//libhal_bsp.a(altera_avalon_timer_sc.o)
 .comment       0x0000000000000023       0x24 hal_bsp//libhal_bsp.a(altera_avalon_uart_fd.o)
 .comment       0x0000000000000023       0x24 hal_bsp//libhal_bsp.a(altera_avalon_uart_read.o)
 .comment       0x0000000000000023       0x24 hal_bsp//libhal_bsp.a(altera_avalon_uart_write.o)
 .comment       0x0000000000000023       0x24 hal_bsp//libhal_bsp.a(alt_dcache_flush_all.o)
 .comment       0x0000000000000023       0x24 hal_bsp//libhal_bsp.a(alt_dev_llist_insert.o)
 .comment       0x0000000000000023       0x24 hal_bsp//libhal_bsp.a(alt_do_ctors.o)
 .comment       0x0000000000000023       0x24 hal_bsp//libhal_bsp.a(alt_do_dtors.o)
 .comment       0x0000000000000023       0x24 hal_bsp//libhal_bsp.a(alt_icache_flush_all.o)
 .comment       0x0000000000000023       0x24 hal_bsp//libhal_bsp.a(alt_iic.o)
 .comment       0x0000000000000023       0x24 hal_bsp//libhal_bsp.a(alt_iic_isr_register.o)
 .comment       0x0000000000000023       0x24 hal_bsp//libhal_bsp.a(alt_io_redirect.o)
 .comment       0x0000000000000023       0x24 hal_bsp//libhal_bsp.a(alt_irq_handler.o)
 .comment       0x0000000000000023       0x24 hal_bsp//libhal_bsp.a(alt_irq_vars.o)
 .comment       0x0000000000000023       0x24 hal_bsp//libhal_bsp.a(alt_open.o)
 .comment       0x0000000000000023       0x24 hal_bsp//libhal_bsp.a(alt_tick.o)
 .comment       0x0000000000000023       0x24 hal_bsp//libhal_bsp.a(altera_nios2_gen2_irq.o)
 .comment       0x0000000000000023       0x24 hal_bsp//libhal_bsp.a(alt_find_dev.o)
 .comment       0x0000000000000023       0x24 hal_bsp//libhal_bsp.a(alt_find_file.o)
 .comment       0x0000000000000023       0x24 hal_bsp//libhal_bsp.a(alt_get_fd.o)
 .comment       0x0000000000000023       0x24 hal_bsp//libhal_bsp.a(alt_instruction_exception_entry.o)
 .comment       0x0000000000000023       0x24 /home/pp/altera/16.0/nios2eds/bin/gnu/H-x86_64-pc-linux-gnu/bin/../lib/gcc/nios2-elf/5.2.0/../../../../../H-x86_64-pc-linux-gnu/nios2-elf/lib/mno-hw-mul/libc.a(lib_a-atexit.o)
 .comment       0x0000000000000023       0x24 /home/pp/altera/16.0/nios2eds/bin/gnu/H-x86_64-pc-linux-gnu/bin/../lib/gcc/nios2-elf/5.2.0/../../../../../H-x86_64-pc-linux-gnu/nios2-elf/lib/mno-hw-mul/libc.a(lib_a-exit.o)
 .comment       0x0000000000000023       0x24 /home/pp/altera/16.0/nios2eds/bin/gnu/H-x86_64-pc-linux-gnu/bin/../lib/gcc/nios2-elf/5.2.0/../../../../../H-x86_64-pc-linux-gnu/nios2-elf/lib/mno-hw-mul/libc.a(lib_a-memcmp.o)
 .comment       0x0000000000000023       0x24 /home/pp/altera/16.0/nios2eds/bin/gnu/H-x86_64-pc-linux-gnu/bin/../lib/gcc/nios2-elf/5.2.0/../../../../../H-x86_64-pc-linux-gnu/nios2-elf/lib/mno-hw-mul/libc.a(lib_a-strlen.o)
 .comment       0x0000000000000023       0x24 /home/pp/altera/16.0/nios2eds/bin/gnu/H-x86_64-pc-linux-gnu/bin/../lib/gcc/nios2-elf/5.2.0/../../../../../H-x86_64-pc-linux-gnu/nios2-elf/lib/mno-hw-mul/libc.a(lib_a-__atexit.o)
 .comment       0x0000000000000023       0x24 /home/pp/altera/16.0/nios2eds/bin/gnu/H-x86_64-pc-linux-gnu/bin/../lib/gcc/nios2-elf/5.2.0/../../../../../H-x86_64-pc-linux-gnu/nios2-elf/lib/mno-hw-mul/libc.a(lib_a-__call_atexit.o)
 .comment       0x0000000000000023       0x24 hal_bsp//libhal_bsp.a(alt_exit.o)

.debug
 *(.debug)

.line
 *(.line)

.debug_srcinfo
 *(.debug_srcinfo)

.debug_sfnames
 *(.debug_sfnames)

.debug_aranges  0x0000000000000000      0x9e0
 *(.debug_aranges)
 .debug_aranges
                0x0000000000000000       0x28 hal_bsp//obj/HAL/src/crt0.o
 .debug_aranges
                0x0000000000000028       0x20 obj/default/main.o
 .debug_aranges
                0x0000000000000048       0x20 obj/default/small_printing.o
 .debug_aranges
                0x0000000000000068       0x20 /home/pp/altera/16.0/nios2eds/bin/gnu/H-x86_64-pc-linux-gnu/bin/../lib/gcc/nios2-elf/5.2.0/mno-hw-mul/libgcc.a(lib2-divmod.o)
 .debug_aranges
                0x0000000000000088       0x28 /home/pp/altera/16.0/nios2eds/bin/gnu/H-x86_64-pc-linux-gnu/bin/../lib/gcc/nios2-elf/5.2.0/../../../../../H-x86_64-pc-linux-gnu/nios2-elf/lib/mno-hw-mul/libc.a(lib_a-getc.o)
 .debug_aranges
                0x00000000000000b0       0x18 /home/pp/altera/16.0/nios2eds/bin/gnu/H-x86_64-pc-linux-gnu/bin/../lib/gcc/nios2-elf/5.2.0/../../../../../H-x86_64-pc-linux-gnu/nios2-elf/lib/mno-hw-mul/libc.a(lib_a-impure.o)
 .debug_aranges
                0x00000000000000c8       0x28 /home/pp/altera/16.0/nios2eds/bin/gnu/H-x86_64-pc-linux-gnu/bin/../lib/gcc/nios2-elf/5.2.0/../../../../../H-x86_64-pc-linux-gnu/nios2-elf/lib/mno-hw-mul/libc.a(lib_a-rget.o)
 .debug_aranges
                0x00000000000000f0       0x68 /home/pp/altera/16.0/nios2eds/bin/gnu/H-x86_64-pc-linux-gnu/bin/../lib/gcc/nios2-elf/5.2.0/../../../../../H-x86_64-pc-linux-gnu/nios2-elf/lib/mno-hw-mul/libc.a(lib_a-findfp.o)
 .debug_aranges
                0x0000000000000158       0x28 /home/pp/altera/16.0/nios2eds/bin/gnu/H-x86_64-pc-linux-gnu/bin/../lib/gcc/nios2-elf/5.2.0/../../../../../H-x86_64-pc-linux-gnu/nios2-elf/lib/mno-hw-mul/libc.a(lib_a-fwalk.o)
 .debug_aranges
                0x0000000000000180       0x20 /home/pp/altera/16.0/nios2eds/bin/gnu/H-x86_64-pc-linux-gnu/bin/../lib/gcc/nios2-elf/5.2.0/../../../../../H-x86_64-pc-linux-gnu/nios2-elf/lib/mno-hw-mul/libc.a(lib_a-mallocr.o)
 .debug_aranges
                0x00000000000001a0       0x20 /home/pp/altera/16.0/nios2eds/bin/gnu/H-x86_64-pc-linux-gnu/bin/../lib/gcc/nios2-elf/5.2.0/../../../../../H-x86_64-pc-linux-gnu/nios2-elf/lib/mno-hw-mul/libc.a(lib_a-memset.o)
 .debug_aranges
                0x00000000000001c0       0x28 /home/pp/altera/16.0/nios2eds/bin/gnu/H-x86_64-pc-linux-gnu/bin/../lib/gcc/nios2-elf/5.2.0/../../../../../H-x86_64-pc-linux-gnu/nios2-elf/lib/mno-hw-mul/libc.a(lib_a-refill.o)
 .debug_aranges
                0x00000000000001e8       0x20 /home/pp/altera/16.0/nios2eds/bin/gnu/H-x86_64-pc-linux-gnu/bin/../lib/gcc/nios2-elf/5.2.0/../../../../../H-x86_64-pc-linux-gnu/nios2-elf/lib/mno-hw-mul/libc.a(lib_a-sbrkr.o)
 .debug_aranges
                0x0000000000000208       0x40 /home/pp/altera/16.0/nios2eds/bin/gnu/H-x86_64-pc-linux-gnu/bin/../lib/gcc/nios2-elf/5.2.0/../../../../../H-x86_64-pc-linux-gnu/nios2-elf/lib/mno-hw-mul/libc.a(lib_a-stdio.o)
 .debug_aranges
                0x0000000000000248       0x20 /home/pp/altera/16.0/nios2eds/bin/gnu/H-x86_64-pc-linux-gnu/bin/../lib/gcc/nios2-elf/5.2.0/../../../../../H-x86_64-pc-linux-gnu/nios2-elf/lib/mno-hw-mul/libc.a(lib_a-writer.o)
 .debug_aranges
                0x0000000000000268       0x20 /home/pp/altera/16.0/nios2eds/bin/gnu/H-x86_64-pc-linux-gnu/bin/../lib/gcc/nios2-elf/5.2.0/../../../../../H-x86_64-pc-linux-gnu/nios2-elf/lib/mno-hw-mul/libc.a(closer.o)
 .debug_aranges
                0x0000000000000288       0x28 /home/pp/altera/16.0/nios2eds/bin/gnu/H-x86_64-pc-linux-gnu/bin/../lib/gcc/nios2-elf/5.2.0/../../../../../H-x86_64-pc-linux-gnu/nios2-elf/lib/mno-hw-mul/libc.a(lib_a-fclose.o)
 .debug_aranges
                0x00000000000002b0       0x30 /home/pp/altera/16.0/nios2eds/bin/gnu/H-x86_64-pc-linux-gnu/bin/../lib/gcc/nios2-elf/5.2.0/../../../../../H-x86_64-pc-linux-gnu/nios2-elf/lib/mno-hw-mul/libc.a(lib_a-fflush.o)
 .debug_aranges
                0x00000000000002e0       0x28 /home/pp/altera/16.0/nios2eds/bin/gnu/H-x86_64-pc-linux-gnu/bin/../lib/gcc/nios2-elf/5.2.0/../../../../../H-x86_64-pc-linux-gnu/nios2-elf/lib/mno-hw-mul/libc.a(lib_a-freer.o)
 .debug_aranges
                0x0000000000000308       0x18 /home/pp/altera/16.0/nios2eds/bin/gnu/H-x86_64-pc-linux-gnu/bin/../lib/gcc/nios2-elf/5.2.0/../../../../../H-x86_64-pc-linux-gnu/nios2-elf/lib/mno-hw-mul/libc.a(lib_a-int_errno.o)
 .debug_aranges
                0x0000000000000320       0x20 /home/pp/altera/16.0/nios2eds/bin/gnu/H-x86_64-pc-linux-gnu/bin/../lib/gcc/nios2-elf/5.2.0/../../../../../H-x86_64-pc-linux-gnu/nios2-elf/lib/mno-hw-mul/libc.a(lib_a-lseekr.o)
 .debug_aranges
                0x0000000000000340       0x20 /home/pp/altera/16.0/nios2eds/bin/gnu/H-x86_64-pc-linux-gnu/bin/../lib/gcc/nios2-elf/5.2.0/../../../../../H-x86_64-pc-linux-gnu/nios2-elf/lib/mno-hw-mul/libc.a(lib_a-makebuf.o)
 .debug_aranges
                0x0000000000000360       0x20 /home/pp/altera/16.0/nios2eds/bin/gnu/H-x86_64-pc-linux-gnu/bin/../lib/gcc/nios2-elf/5.2.0/../../../../../H-x86_64-pc-linux-gnu/nios2-elf/lib/mno-hw-mul/libc.a(lib_a-readr.o)
 .debug_aranges
                0x0000000000000380       0x20 /home/pp/altera/16.0/nios2eds/bin/gnu/H-x86_64-pc-linux-gnu/bin/../lib/gcc/nios2-elf/5.2.0/../../../../../H-x86_64-pc-linux-gnu/nios2-elf/lib/mno-hw-mul/libc.a(lib_a-fstatr.o)
 .debug_aranges
                0x00000000000003a0       0x20 /home/pp/altera/16.0/nios2eds/bin/gnu/H-x86_64-pc-linux-gnu/bin/../lib/gcc/nios2-elf/5.2.0/../../../../../H-x86_64-pc-linux-gnu/nios2-elf/lib/mno-hw-mul/libc.a(lib_a-isattyr.o)
 .debug_aranges
                0x00000000000003c0       0x20 /home/pp/altera/16.0/nios2eds/bin/gnu/H-x86_64-pc-linux-gnu/bin/../lib/gcc/nios2-elf/5.2.0/mno-hw-mul/libgcc.a(lib2-mul.o)
 .debug_aranges
                0x00000000000003e0       0x20 hal_bsp//libhal_bsp.a(alt_close.o)
 .debug_aranges
                0x0000000000000400       0x20 hal_bsp//libhal_bsp.a(alt_dev.o)
 .debug_aranges
                0x0000000000000420       0x18 hal_bsp//libhal_bsp.a(alt_errno.o)
 .debug_aranges
                0x0000000000000438       0x20 hal_bsp//libhal_bsp.a(alt_fstat.o)
 .debug_aranges
                0x0000000000000458       0x20 hal_bsp//libhal_bsp.a(alt_isatty.o)
 .debug_aranges
                0x0000000000000478       0x20 hal_bsp//libhal_bsp.a(alt_load.o)
 .debug_aranges
                0x0000000000000498       0x20 hal_bsp//libhal_bsp.a(alt_lseek.o)
 .debug_aranges
                0x00000000000004b8       0x20 hal_bsp//libhal_bsp.a(alt_main.o)
 .debug_aranges
                0x00000000000004d8       0x20 hal_bsp//libhal_bsp.a(alt_malloc_lock.o)
 .debug_aranges
                0x00000000000004f8       0x20 hal_bsp//libhal_bsp.a(alt_read.o)
 .debug_aranges
                0x0000000000000518       0x20 hal_bsp//libhal_bsp.a(alt_release_fd.o)
 .debug_aranges
                0x0000000000000538       0x20 hal_bsp//libhal_bsp.a(alt_sbrk.o)
 .debug_aranges
                0x0000000000000558       0x20 hal_bsp//libhal_bsp.a(alt_write.o)
 .debug_aranges
                0x0000000000000578       0x20 hal_bsp//libhal_bsp.a(alt_sys_init.o)
 .debug_aranges
                0x0000000000000598       0x20 hal_bsp//libhal_bsp.a(altera_avalon_jtag_uart_fd.o)
 .debug_aranges
                0x00000000000005b8       0x20 hal_bsp//libhal_bsp.a(altera_avalon_jtag_uart_read.o)
 .debug_aranges
                0x00000000000005d8       0x20 hal_bsp//libhal_bsp.a(altera_avalon_jtag_uart_write.o)
 .debug_aranges
                0x00000000000005f8       0x20 hal_bsp//libhal_bsp.a(altera_avalon_timer_sc.o)
 .debug_aranges
                0x0000000000000618       0x20 hal_bsp//libhal_bsp.a(altera_avalon_uart_fd.o)
 .debug_aranges
                0x0000000000000638       0x20 hal_bsp//libhal_bsp.a(altera_avalon_uart_read.o)
 .debug_aranges
                0x0000000000000658       0x20 hal_bsp//libhal_bsp.a(altera_avalon_uart_write.o)
 .debug_aranges
                0x0000000000000678       0x20 hal_bsp//libhal_bsp.a(alt_dcache_flush_all.o)
 .debug_aranges
                0x0000000000000698       0x20 hal_bsp//libhal_bsp.a(alt_dev_llist_insert.o)
 .debug_aranges
                0x00000000000006b8       0x20 hal_bsp//libhal_bsp.a(alt_do_ctors.o)
 .debug_aranges
                0x00000000000006d8       0x20 hal_bsp//libhal_bsp.a(alt_do_dtors.o)
 .debug_aranges
                0x00000000000006f8       0x20 hal_bsp//libhal_bsp.a(alt_icache_flush_all.o)
 .debug_aranges
                0x0000000000000718       0x20 hal_bsp//libhal_bsp.a(alt_iic.o)
 .debug_aranges
                0x0000000000000738       0x20 hal_bsp//libhal_bsp.a(alt_iic_isr_register.o)
 .debug_aranges
                0x0000000000000758       0x20 hal_bsp//libhal_bsp.a(alt_io_redirect.o)
 .debug_aranges
                0x0000000000000778       0x30 hal_bsp//libhal_bsp.a(alt_irq_entry.o)
 .debug_aranges
                0x00000000000007a8       0x20 hal_bsp//libhal_bsp.a(alt_irq_handler.o)
 .debug_aranges
                0x00000000000007c8       0x18 hal_bsp//libhal_bsp.a(alt_irq_vars.o)
 .debug_aranges
                0x00000000000007e0       0x20 hal_bsp//libhal_bsp.a(alt_open.o)
 .debug_aranges
                0x0000000000000800       0x20 hal_bsp//libhal_bsp.a(alt_tick.o)
 .debug_aranges
                0x0000000000000820       0x20 hal_bsp//libhal_bsp.a(altera_nios2_gen2_irq.o)
 .debug_aranges
                0x0000000000000840       0x38 hal_bsp//libhal_bsp.a(alt_exception_entry.o)
 .debug_aranges
                0x0000000000000878       0x20 hal_bsp//libhal_bsp.a(alt_find_dev.o)
 .debug_aranges
                0x0000000000000898       0x20 hal_bsp//libhal_bsp.a(alt_find_file.o)
 .debug_aranges
                0x00000000000008b8       0x20 hal_bsp//libhal_bsp.a(alt_get_fd.o)
 .debug_aranges
                0x00000000000008d8       0x28 hal_bsp//libhal_bsp.a(alt_instruction_exception_entry.o)
 .debug_aranges
                0x0000000000000900       0x20 /home/pp/altera/16.0/nios2eds/bin/gnu/H-x86_64-pc-linux-gnu/bin/../lib/gcc/nios2-elf/5.2.0/../../../../../H-x86_64-pc-linux-gnu/nios2-elf/lib/mno-hw-mul/libc.a(lib_a-atexit.o)
 .debug_aranges
                0x0000000000000920       0x20 /home/pp/altera/16.0/nios2eds/bin/gnu/H-x86_64-pc-linux-gnu/bin/../lib/gcc/nios2-elf/5.2.0/../../../../../H-x86_64-pc-linux-gnu/nios2-elf/lib/mno-hw-mul/libc.a(lib_a-exit.o)
 .debug_aranges
                0x0000000000000940       0x20 /home/pp/altera/16.0/nios2eds/bin/gnu/H-x86_64-pc-linux-gnu/bin/../lib/gcc/nios2-elf/5.2.0/../../../../../H-x86_64-pc-linux-gnu/nios2-elf/lib/mno-hw-mul/libc.a(lib_a-memcmp.o)
 .debug_aranges
                0x0000000000000960       0x20 /home/pp/altera/16.0/nios2eds/bin/gnu/H-x86_64-pc-linux-gnu/bin/../lib/gcc/nios2-elf/5.2.0/../../../../../H-x86_64-pc-linux-gnu/nios2-elf/lib/mno-hw-mul/libc.a(lib_a-strlen.o)
 .debug_aranges
                0x0000000000000980       0x20 /home/pp/altera/16.0/nios2eds/bin/gnu/H-x86_64-pc-linux-gnu/bin/../lib/gcc/nios2-elf/5.2.0/../../../../../H-x86_64-pc-linux-gnu/nios2-elf/lib/mno-hw-mul/libc.a(lib_a-__atexit.o)
 .debug_aranges
                0x00000000000009a0       0x20 /home/pp/altera/16.0/nios2eds/bin/gnu/H-x86_64-pc-linux-gnu/bin/../lib/gcc/nios2-elf/5.2.0/../../../../../H-x86_64-pc-linux-gnu/nios2-elf/lib/mno-hw-mul/libc.a(lib_a-__call_atexit.o)
 .debug_aranges
                0x00000000000009c0       0x20 hal_bsp//libhal_bsp.a(alt_exit.o)

.debug_pubnames
 *(.debug_pubnames)

.debug_info     0x0000000000000000    0x15f9d
 *(.debug_info .gnu.linkonce.wi.*)
 .debug_info    0x0000000000000000       0x62 hal_bsp//obj/HAL/src/crt0.o
 .debug_info    0x0000000000000062      0xa06 obj/default/main.o
 .debug_info    0x0000000000000a68      0x40b obj/default/small_printing.o
 .debug_info    0x0000000000000e73      0x2c3 /home/pp/altera/16.0/nios2eds/bin/gnu/H-x86_64-pc-linux-gnu/bin/../lib/gcc/nios2-elf/5.2.0/mno-hw-mul/libgcc.a(lib2-divmod.o)
 .debug_info    0x0000000000001136      0x9a2 /home/pp/altera/16.0/nios2eds/bin/gnu/H-x86_64-pc-linux-gnu/bin/../lib/gcc/nios2-elf/5.2.0/../../../../../H-x86_64-pc-linux-gnu/nios2-elf/lib/mno-hw-mul/libc.a(lib_a-getc.o)
 .debug_info    0x0000000000001ad8      0x8a1 /home/pp/altera/16.0/nios2eds/bin/gnu/H-x86_64-pc-linux-gnu/bin/../lib/gcc/nios2-elf/5.2.0/../../../../../H-x86_64-pc-linux-gnu/nios2-elf/lib/mno-hw-mul/libc.a(lib_a-impure.o)
 .debug_info    0x0000000000002379      0x950 /home/pp/altera/16.0/nios2eds/bin/gnu/H-x86_64-pc-linux-gnu/bin/../lib/gcc/nios2-elf/5.2.0/../../../../../H-x86_64-pc-linux-gnu/nios2-elf/lib/mno-hw-mul/libc.a(lib_a-rget.o)
 .debug_info    0x0000000000002cc9      0xd24 /home/pp/altera/16.0/nios2eds/bin/gnu/H-x86_64-pc-linux-gnu/bin/../lib/gcc/nios2-elf/5.2.0/../../../../../H-x86_64-pc-linux-gnu/nios2-elf/lib/mno-hw-mul/libc.a(lib_a-findfp.o)
 .debug_info    0x00000000000039ed      0x9b0 /home/pp/altera/16.0/nios2eds/bin/gnu/H-x86_64-pc-linux-gnu/bin/../lib/gcc/nios2-elf/5.2.0/../../../../../H-x86_64-pc-linux-gnu/nios2-elf/lib/mno-hw-mul/libc.a(lib_a-fwalk.o)
 .debug_info    0x000000000000439d      0xd57 /home/pp/altera/16.0/nios2eds/bin/gnu/H-x86_64-pc-linux-gnu/bin/../lib/gcc/nios2-elf/5.2.0/../../../../../H-x86_64-pc-linux-gnu/nios2-elf/lib/mno-hw-mul/libc.a(lib_a-mallocr.o)
 .debug_info    0x00000000000050f4      0x121 /home/pp/altera/16.0/nios2eds/bin/gnu/H-x86_64-pc-linux-gnu/bin/../lib/gcc/nios2-elf/5.2.0/../../../../../H-x86_64-pc-linux-gnu/nios2-elf/lib/mno-hw-mul/libc.a(lib_a-memset.o)
 .debug_info    0x0000000000005215      0xa08 /home/pp/altera/16.0/nios2eds/bin/gnu/H-x86_64-pc-linux-gnu/bin/../lib/gcc/nios2-elf/5.2.0/../../../../../H-x86_64-pc-linux-gnu/nios2-elf/lib/mno-hw-mul/libc.a(lib_a-refill.o)
 .debug_info    0x0000000000005c1d      0x900 /home/pp/altera/16.0/nios2eds/bin/gnu/H-x86_64-pc-linux-gnu/bin/../lib/gcc/nios2-elf/5.2.0/../../../../../H-x86_64-pc-linux-gnu/nios2-elf/lib/mno-hw-mul/libc.a(lib_a-sbrkr.o)
 .debug_info    0x000000000000651d      0xb32 /home/pp/altera/16.0/nios2eds/bin/gnu/H-x86_64-pc-linux-gnu/bin/../lib/gcc/nios2-elf/5.2.0/../../../../../H-x86_64-pc-linux-gnu/nios2-elf/lib/mno-hw-mul/libc.a(lib_a-stdio.o)
 .debug_info    0x000000000000704f      0x928 /home/pp/altera/16.0/nios2eds/bin/gnu/H-x86_64-pc-linux-gnu/bin/../lib/gcc/nios2-elf/5.2.0/../../../../../H-x86_64-pc-linux-gnu/nios2-elf/lib/mno-hw-mul/libc.a(lib_a-writer.o)
 .debug_info    0x0000000000007977      0x8df /home/pp/altera/16.0/nios2eds/bin/gnu/H-x86_64-pc-linux-gnu/bin/../lib/gcc/nios2-elf/5.2.0/../../../../../H-x86_64-pc-linux-gnu/nios2-elf/lib/mno-hw-mul/libc.a(closer.o)
 .debug_info    0x0000000000008256      0xa23 /home/pp/altera/16.0/nios2eds/bin/gnu/H-x86_64-pc-linux-gnu/bin/../lib/gcc/nios2-elf/5.2.0/../../../../../H-x86_64-pc-linux-gnu/nios2-elf/lib/mno-hw-mul/libc.a(lib_a-fclose.o)
 .debug_info    0x0000000000008c79      0xa93 /home/pp/altera/16.0/nios2eds/bin/gnu/H-x86_64-pc-linux-gnu/bin/../lib/gcc/nios2-elf/5.2.0/../../../../../H-x86_64-pc-linux-gnu/nios2-elf/lib/mno-hw-mul/libc.a(lib_a-fflush.o)
 .debug_info    0x000000000000970c      0xbf7 /home/pp/altera/16.0/nios2eds/bin/gnu/H-x86_64-pc-linux-gnu/bin/../lib/gcc/nios2-elf/5.2.0/../../../../../H-x86_64-pc-linux-gnu/nios2-elf/lib/mno-hw-mul/libc.a(lib_a-freer.o)
 .debug_info    0x000000000000a303       0x8a /home/pp/altera/16.0/nios2eds/bin/gnu/H-x86_64-pc-linux-gnu/bin/../lib/gcc/nios2-elf/5.2.0/../../../../../H-x86_64-pc-linux-gnu/nios2-elf/lib/mno-hw-mul/libc.a(lib_a-int_errno.o)
 .debug_info    0x000000000000a38d      0x90b /home/pp/altera/16.0/nios2eds/bin/gnu/H-x86_64-pc-linux-gnu/bin/../lib/gcc/nios2-elf/5.2.0/../../../../../H-x86_64-pc-linux-gnu/nios2-elf/lib/mno-hw-mul/libc.a(lib_a-lseekr.o)
 .debug_info    0x000000000000ac98      0xad8 /home/pp/altera/16.0/nios2eds/bin/gnu/H-x86_64-pc-linux-gnu/bin/../lib/gcc/nios2-elf/5.2.0/../../../../../H-x86_64-pc-linux-gnu/nios2-elf/lib/mno-hw-mul/libc.a(lib_a-makebuf.o)
 .debug_info    0x000000000000b770      0x921 /home/pp/altera/16.0/nios2eds/bin/gnu/H-x86_64-pc-linux-gnu/bin/../lib/gcc/nios2-elf/5.2.0/../../../../../H-x86_64-pc-linux-gnu/nios2-elf/lib/mno-hw-mul/libc.a(lib_a-readr.o)
 .debug_info    0x000000000000c091      0xa5d /home/pp/altera/16.0/nios2eds/bin/gnu/H-x86_64-pc-linux-gnu/bin/../lib/gcc/nios2-elf/5.2.0/../../../../../H-x86_64-pc-linux-gnu/nios2-elf/lib/mno-hw-mul/libc.a(lib_a-fstatr.o)
 .debug_info    0x000000000000caee      0x8df /home/pp/altera/16.0/nios2eds/bin/gnu/H-x86_64-pc-linux-gnu/bin/../lib/gcc/nios2-elf/5.2.0/../../../../../H-x86_64-pc-linux-gnu/nios2-elf/lib/mno-hw-mul/libc.a(lib_a-isattyr.o)
 .debug_info    0x000000000000d3cd       0xb4 /home/pp/altera/16.0/nios2eds/bin/gnu/H-x86_64-pc-linux-gnu/bin/../lib/gcc/nios2-elf/5.2.0/mno-hw-mul/libgcc.a(lib2-mul.o)
 .debug_info    0x000000000000d481      0x368 hal_bsp//libhal_bsp.a(alt_close.o)
 .debug_info    0x000000000000d7e9      0x499 hal_bsp//libhal_bsp.a(alt_dev.o)
 .debug_info    0x000000000000dc82       0xa6 hal_bsp//libhal_bsp.a(alt_errno.o)
 .debug_info    0x000000000000dd28      0x49e hal_bsp//libhal_bsp.a(alt_fstat.o)
 .debug_info    0x000000000000e1c6      0x4af hal_bsp//libhal_bsp.a(alt_isatty.o)
 .debug_info    0x000000000000e675      0x1c9 hal_bsp//libhal_bsp.a(alt_load.o)
 .debug_info    0x000000000000e83e      0x375 hal_bsp//libhal_bsp.a(alt_lseek.o)
 .debug_info    0x000000000000ebb3      0x20d hal_bsp//libhal_bsp.a(alt_main.o)
 .debug_info    0x000000000000edc0      0x8a2 hal_bsp//libhal_bsp.a(alt_malloc_lock.o)
 .debug_info    0x000000000000f662      0x4f1 hal_bsp//libhal_bsp.a(alt_read.o)
 .debug_info    0x000000000000fb53      0x2b1 hal_bsp//libhal_bsp.a(alt_release_fd.o)
 .debug_info    0x000000000000fe04      0x1ac hal_bsp//libhal_bsp.a(alt_sbrk.o)
 .debug_info    0x000000000000ffb0      0x4f8 hal_bsp//libhal_bsp.a(alt_write.o)
 .debug_info    0x00000000000104a8      0x512 hal_bsp//libhal_bsp.a(alt_sys_init.o)
 .debug_info    0x00000000000109ba      0x3f5 hal_bsp//libhal_bsp.a(altera_avalon_jtag_uart_fd.o)
 .debug_info    0x0000000000010daf      0x1b4 hal_bsp//libhal_bsp.a(altera_avalon_jtag_uart_read.o)
 .debug_info    0x0000000000010f63      0x197 hal_bsp//libhal_bsp.a(altera_avalon_jtag_uart_write.o)
 .debug_info    0x00000000000110fa      0x270 hal_bsp//libhal_bsp.a(altera_avalon_timer_sc.o)
 .debug_info    0x000000000001136a      0x3d6 hal_bsp//libhal_bsp.a(altera_avalon_uart_fd.o)
 .debug_info    0x0000000000011740      0x1b2 hal_bsp//libhal_bsp.a(altera_avalon_uart_read.o)
 .debug_info    0x00000000000118f2      0x1c6 hal_bsp//libhal_bsp.a(altera_avalon_uart_write.o)
 .debug_info    0x0000000000011ab8       0x92 hal_bsp//libhal_bsp.a(alt_dcache_flush_all.o)
 .debug_info    0x0000000000011b4a      0x1b7 hal_bsp//libhal_bsp.a(alt_dev_llist_insert.o)
 .debug_info    0x0000000000011d01       0x84 hal_bsp//libhal_bsp.a(alt_do_ctors.o)
 .debug_info    0x0000000000011d85       0x84 hal_bsp//libhal_bsp.a(alt_do_dtors.o)
 .debug_info    0x0000000000011e09       0x92 hal_bsp//libhal_bsp.a(alt_icache_flush_all.o)
 .debug_info    0x0000000000011e9b      0x386 hal_bsp//libhal_bsp.a(alt_iic.o)