Archive member included to satisfy reference by file (symbol)

/home/wintermute/altera/16.0/nios2eds/bin/gnu/H-x86_64-pc-linux-gnu/bin/../lib/gcc/nios2-elf/5.2.0/mno-hw-mul/libgcc.a(lib2-divmod.o)
                              obj/default/small_printing.o (__udivsi3)
/home/wintermute/altera/16.0/nios2eds/bin/gnu/H-x86_64-pc-linux-gnu/bin/../lib/gcc/nios2-elf/5.2.0/../../../../../H-x86_64-pc-linux-gnu/nios2-elf/lib/mno-hw-mul/libc.a(lib_a-getc.o)
                              obj/default/main.o (getc)
/home/wintermute/altera/16.0/nios2eds/bin/gnu/H-x86_64-pc-linux-gnu/bin/../lib/gcc/nios2-elf/5.2.0/../../../../../H-x86_64-pc-linux-gnu/nios2-elf/lib/mno-hw-mul/libc.a(lib_a-impure.o)
                              obj/default/main.o (_impure_ptr)
/home/wintermute/altera/16.0/nios2eds/bin/gnu/H-x86_64-pc-linux-gnu/bin/../lib/gcc/nios2-elf/5.2.0/../../../../../H-x86_64-pc-linux-gnu/nios2-elf/lib/mno-hw-mul/libc.a(lib_a-rget.o)
                              /home/wintermute/altera/16.0/nios2eds/bin/gnu/H-x86_64-pc-linux-gnu/bin/../lib/gcc/nios2-elf/5.2.0/../../../../../H-x86_64-pc-linux-gnu/nios2-elf/lib/mno-hw-mul/libc.a(lib_a-getc.o) (__srget_r)
/home/wintermute/altera/16.0/nios2eds/bin/gnu/H-x86_64-pc-linux-gnu/bin/../lib/gcc/nios2-elf/5.2.0/../../../../../H-x86_64-pc-linux-gnu/nios2-elf/lib/mno-hw-mul/libc.a(lib_a-findfp.o)
                              /home/wintermute/altera/16.0/nios2eds/bin/gnu/H-x86_64-pc-linux-gnu/bin/../lib/gcc/nios2-elf/5.2.0/../../../../../H-x86_64-pc-linux-gnu/nios2-elf/lib/mno-hw-mul/libc.a(lib_a-getc.o) (__sinit)
/home/wintermute/altera/16.0/nios2eds/bin/gnu/H-x86_64-pc-linux-gnu/bin/../lib/gcc/nios2-elf/5.2.0/../../../../../H-x86_64-pc-linux-gnu/nios2-elf/lib/mno-hw-mul/libc.a(lib_a-fwalk.o)
                              /home/wintermute/altera/16.0/nios2eds/bin/gnu/H-x86_64-pc-linux-gnu/bin/../lib/gcc/nios2-elf/5.2.0/../../../../../H-x86_64-pc-linux-gnu/nios2-elf/lib/mno-hw-mul/libc.a(lib_a-findfp.o) (_fwalk)
/home/wintermute/altera/16.0/nios2eds/bin/gnu/H-x86_64-pc-linux-gnu/bin/../lib/gcc/nios2-elf/5.2.0/../../../../../H-x86_64-pc-linux-gnu/nios2-elf/lib/mno-hw-mul/libc.a(lib_a-mallocr.o)
                              /home/wintermute/altera/16.0/nios2eds/bin/gnu/H-x86_64-pc-linux-gnu/bin/../lib/gcc/nios2-elf/5.2.0/../../../../../H-x86_64-pc-linux-gnu/nios2-elf/lib/mno-hw-mul/libc.a(lib_a-findfp.o) (_malloc_r)
/home/wintermute/altera/16.0/nios2eds/bin/gnu/H-x86_64-pc-linux-gnu/bin/../lib/gcc/nios2-elf/5.2.0/../../../../../H-x86_64-pc-linux-gnu/nios2-elf/lib/mno-hw-mul/libc.a(lib_a-memset.o)
                              /home/wintermute/altera/16.0/nios2eds/bin/gnu/H-x86_64-pc-linux-gnu/bin/../lib/gcc/nios2-elf/5.2.0/../../../../../H-x86_64-pc-linux-gnu/nios2-elf/lib/mno-hw-mul/libc.a(lib_a-findfp.o) (memset)
/home/wintermute/altera/16.0/nios2eds/bin/gnu/H-x86_64-pc-linux-gnu/bin/../lib/gcc/nios2-elf/5.2.0/../../../../../H-x86_64-pc-linux-gnu/nios2-elf/lib/mno-hw-mul/libc.a(lib_a-refill.o)
                              /home/wintermute/altera/16.0/nios2eds/bin/gnu/H-x86_64-pc-linux-gnu/bin/../lib/gcc/nios2-elf/5.2.0/../../../../../H-x86_64-pc-linux-gnu/nios2-elf/lib/mno-hw-mul/libc.a(lib_a-rget.o) (__srefill_r)
/home/wintermute/altera/16.0/nios2eds/bin/gnu/H-x86_64-pc-linux-gnu/bin/../lib/gcc/nios2-elf/5.2.0/../../../../../H-x86_64-pc-linux-gnu/nios2-elf/lib/mno-hw-mul/libc.a(lib_a-sbrkr.o)
                              /home/wintermute/altera/16.0/nios2eds/bin/gnu/H-x86_64-pc-linux-gnu/bin/../lib/gcc/nios2-elf/5.2.0/../../../../../H-x86_64-pc-linux-gnu/nios2-elf/lib/mno-hw-mul/libc.a(lib_a-mallocr.o) (_sbrk_r)
/home/wintermute/altera/16.0/nios2eds/bin/gnu/H-x86_64-pc-linux-gnu/bin/../lib/gcc/nios2-elf/5.2.0/../../../../../H-x86_64-pc-linux-gnu/nios2-elf/lib/mno-hw-mul/libc.a(lib_a-stdio.o)
                              /home/wintermute/altera/16.0/nios2eds/bin/gnu/H-x86_64-pc-linux-gnu/bin/../lib/gcc/nios2-elf/5.2.0/../../../../../H-x86_64-pc-linux-gnu/nios2-elf/lib/mno-hw-mul/libc.a(lib_a-findfp.o) (__sread)
/home/wintermute/altera/16.0/nios2eds/bin/gnu/H-x86_64-pc-linux-gnu/bin/../lib/gcc/nios2-elf/5.2.0/../../../../../H-x86_64-pc-linux-gnu/nios2-elf/lib/mno-hw-mul/libc.a(lib_a-writer.o)
                              /home/wintermute/altera/16.0/nios2eds/bin/gnu/H-x86_64-pc-linux-gnu/bin/../lib/gcc/nios2-elf/5.2.0/../../../../../H-x86_64-pc-linux-gnu/nios2-elf/lib/mno-hw-mul/libc.a(lib_a-stdio.o) (_write_r)
/home/wintermute/altera/16.0/nios2eds/bin/gnu/H-x86_64-pc-linux-gnu/bin/../lib/gcc/nios2-elf/5.2.0/../../../../../H-x86_64-pc-linux-gnu/nios2-elf/lib/mno-hw-mul/libc.a(closer.o)
                              /home/wintermute/altera/16.0/nios2eds/bin/gnu/H-x86_64-pc-linux-gnu/bin/../lib/gcc/nios2-elf/5.2.0/../../../../../H-x86_64-pc-linux-gnu/nios2-elf/lib/mno-hw-mul/libc.a(lib_a-stdio.o) (_close_r)
[...]
Memory Configuration

Name             Origin             Length             Attributes
reset            0x0000000000008000 0x0000000000000020
onchip_memory2_0 0x0000000000008020 0x0000000000007fe0
*default*        0x0000000000000000 0xffffffffffffffff

Linker script and memory map

LOAD hal_bsp//obj/HAL/src/crt0.o
LOAD obj/default/main.o
LOAD obj/default/small_printing.o
LOAD /home/wintermute/altera/16.0/nios2eds/bin/gnu/H-x86_64-pc-linux-gnu/bin/../lib/gcc/nios2-elf/5.2.0/../../../../../H-x86_64-pc-linux-gnu/nios2-elf/lib/mno-hw-mul/libstdc++.a
LOAD /home/wintermute/altera/16.0/nios2eds/bin/gnu/H-x86_64-pc-linux-gnu/bin/../lib/gcc/nios2-elf/5.2.0/../../../../../H-x86_64-pc-linux-gnu/nios2-elf/lib/mno-hw-mul/libm.a
LOAD /home/wintermute/altera/16.0/nios2eds/bin/gnu/H-x86_64-pc-linux-gnu/bin/../lib/gcc/nios2-elf/5.2.0/mno-hw-mul/libgcc.a
START GROUP
LOAD /home/wintermute/altera/16.0/nios2eds/bin/gnu/H-x86_64-pc-linux-gnu/bin/../lib/gcc/nios2-elf/5.2.0/../../../../../H-x86_64-pc-linux-gnu/nios2-elf/lib/mno-hw-mul/libc.a
LOAD /home/wintermute/altera/16.0/nios2eds/bin/gnu/H-x86_64-pc-linux-gnu/bin/../lib/gcc/nios2-elf/5.2.0/mno-hw-mul/libgcc.a
LOAD hal_bsp//libhal_bsp.a
LOAD /home/wintermute/altera/16.0/nios2eds/bin/gnu/H-x86_64-pc-linux-gnu/bin/../lib/gcc/nios2-elf/5.2.0/../../../../../H-x86_64-pc-linux-gnu/nios2-elf/lib/mno-hw-mul/libm.a
END GROUP
LOAD /home/wintermute/altera/16.0/nios2eds/bin/gnu/H-x86_64-pc-linux-gnu/bin/../lib/gcc/nios2-elf/5.2.0/mno-hw-mul/libgcc.a
                0x0000000000008000                __alt_mem_onchip_memory2_0 = 0x8000

.entry          0x0000000000008000       0x20
 *(.entry)
 .entry         0x0000000000008000       0x20 hal_bsp//obj/HAL/src/crt0.o
                0x0000000000008000                __reset

.exceptions     0x0000000000008020      0x164
                0x0000000000008020                PROVIDE (__ram_exceptions_start, ABSOLUTE (.))
                0x0000000000008020                . = ALIGN (0x20)
 *(.irq)
 *(.exceptions.entry.label)
 .exceptions.entry.label
                0x0000000000008020        0x0 hal_bsp//libhal_bsp.a(alt_irq_entry.o)
                0x0000000000008020                alt_irq_entry
 .exceptions.entry.label
                0x0000000000008020        0x0 hal_bsp//libhal_bsp.a(alt_exception_entry.o)
                0x0000000000008020                alt_exception
 *(.exceptions.entry.user)
 *(.exceptions.entry.ecc_fatal)
 *(.exceptions.entry)
 .exceptions.entry
                0x0000000000008020       0x54 hal_bsp//libhal_bsp.a(alt_exception_entry.o)
 *(.exceptions.irqtest.user)
 *(.exceptions.irqtest)
 .exceptions.irqtest
                0x0000000000008074       0x10 hal_bsp//libhal_bsp.a(alt_irq_entry.o)
 *(.exceptions.irqhandler.user)
 *(.exceptions.irqhandler)
 .exceptions.irqhandler
                0x0000000000008084        0x4 hal_bsp//libhal_bsp.a(alt_irq_entry.o)
 *(.exceptions.irqreturn.user)
 *(.exceptions.irqreturn)
 .exceptions.irqreturn
                0x0000000000008088        0x4 hal_bsp//libhal_bsp.a(alt_irq_entry.o)
 *(.exceptions.notirq.label)
 .exceptions.notirq.label
                0x000000000000808c        0x0 hal_bsp//libhal_bsp.a(alt_irq_entry.o)
 *(.exceptions.notirq.user)
 *(.exceptions.notirq)
 .exceptions.notirq
                0x000000000000808c        0x8 hal_bsp//libhal_bsp.a(alt_exception_entry.o)
 *(.exceptions.soft.user)
 *(.exceptions.soft)
 *(.exceptions.unknown.user)
 *(.exceptions.unknown)
 .exceptions.unknown
                0x0000000000008094       0x14 hal_bsp//libhal_bsp.a(alt_exception_entry.o)
 *(.exceptions.exit.label)
 .exceptions.exit.label
                0x00000000000080a8        0x0 hal_bsp//libhal_bsp.a(alt_irq_entry.o)
 .exceptions.exit.label
                0x00000000000080a8        0x0 hal_bsp//libhal_bsp.a(alt_exception_entry.o)
 *(.exceptions.exit.user)
 *(.exceptions.exit)
 .exceptions.exit
                0x00000000000080a8       0x54 hal_bsp//libhal_bsp.a(alt_exception_entry.o)
 *(.exceptions)
 .exceptions    0x00000000000080fc       0x64 hal_bsp//libhal_bsp.a(alt_irq_handler.o)
                0x00000000000080fc                alt_irq_handler
 .exceptions    0x0000000000008160       0x24 hal_bsp//libhal_bsp.a(alt_instruction_exception_entry.o)
                0x0000000000008160                alt_instruction_exception_entry
                0x0000000000008184                PROVIDE (__ram_exceptions_end, ABSOLUTE (.))
                0x0000000000008020                PROVIDE (__flash_exceptions_start, LOADADDR (.exceptions))

.text           0x0000000000008184     0x434c
                [!provide]                        PROVIDE (stext, ABSOLUTE (.))
 *(.interp)
 *(.hash)
 *(.dynsym)
 *(.dynstr)
 *(.gnu.version)
 *(.gnu.version_d)
 *(.gnu.version_r)
 *(.rel.init)
 *(.rela.init)
 *(.rel.text .rel.text.* .rel.gnu.linkonce.t.*)
 *(.rela.text .rela.text.* .rela.gnu.linkonce.t.*)
 *(.rel.fini)
 *(.rela.fini)
 *(.rel.rodata .rel.rodata.* .rel.gnu.linkonce.r.*)
 *(.rela.rodata .rela.rodata.* .rela.gnu.linkonce.r.*)
 *(.rel.data .rel.data.* .rel.gnu.linkonce.d.*)
 *(.rela.data .rela.data.* .rela.gnu.linkonce.d.*)
 *(.rel.tdata .rel.tdata.* .rel.gnu.linkonce.td.*)
 *(.rela.tdata .rela.tdata.* .rela.gnu.linkonce.td.*)
 *(.rel.tbss .rel.tbss.* .rel.gnu.linkonce.tb.*)
 *(.rela.tbss .rela.tbss.* .rela.gnu.linkonce.tb.*)
 *(.rel.ctors)
 *(.rela.ctors)
 *(.rel.dtors)
 *(.rela.dtors)
 *(.rel.got)
 *(.rela.got)
 *(.rel.sdata .rel.sdata.* .rel.gnu.linkonce.s.*)
 *(.rela.sdata .rela.sdata.* .rela.gnu.linkonce.s.*)
 *(.rel.sbss .rel.sbss.* .rel.gnu.linkonce.sb.*)
 *(.rela.sbss .rela.sbss.* .rela.gnu.linkonce.sb.*)
 *(.rel.sdata2 .rel.sdata2.* .rel.gnu.linkonce.s2.*)
 *(.rela.sdata2 .rela.sdata2.* .rela.gnu.linkonce.s2.*)
 *(.rel.sbss2 .rel.sbss2.* .rel.gnu.linkonce.sb2.*)
 *(.rela.sbss2 .rela.sbss2.* .rela.gnu.linkonce.sb2.*)
 *(.rel.bss .rel.bss.* .rel.gnu.linkonce.b.*)
 *(.rela.bss .rela.bss.* .rela.gnu.linkonce.b.*)
 *(.rel.plt)
 *(.rela.plt)
 *(.rel.dyn)
 *(.init)
 *(.plt)
 *(.text .stub .text.* .gnu.linkonce.t.*)
 .text          0x0000000000008184       0x3c hal_bsp//obj/HAL/src/crt0.o
                0x0000000000008184                _start
 .text          0x00000000000081c0      0x354 obj/default/main.o
                0x00000000000081c0                ntohl
                0x0000000000008214                cg_write
                0x0000000000008258                cg_read
                0x00000000000082d8                handle_transaction
                0x00000000000084f0                main
 .text          0x0000000000008514      0x798 obj/default/small_printing.o
                0x0000000000008594                putf
                0x00000000000085bc                s_prints
                0x000000000000861c                __int2strn
                0x00000000000086c8                s_putd
                0x00000000000087a8                s_putx
                0x0000000000008850                dump_hex
                0x000000000000891c                s_printd
                0x00000000000089cc                s_printl
                0x0000000000008a88                s_printx
                0x0000000000008b44                s_printb
                0x0000000000008bf8                s_printlx
 .text          0x0000000000008cac      0x1b4 /home/wintermute/altera/16.0/nios2eds/bin/gnu/H-x86_64-pc-linux-gnu/bin/../lib/gcc/nios2-elf/5.2.0/mno-hw-mul/libgcc.a(lib2-divmod.o)
                0x0000000000008cac                __divsi3
                0x0000000000008d30                __modsi3
                0x0000000000008da4                __udivsi3
                0x0000000000008e08                __umodsi3
 .text          0x0000000000008e60        0x0 /home/wintermute/altera/16.0/nios2eds/bin/gnu/H-x86_64-pc-linux-gnu/bin/../lib/gcc/nios2-elf/5.2.0/../../../../../H-x86_64-pc-linux-gnu/nios2-elf/lib/mno-hw-mul/libc.a(lib_a-getc.o)
 .text._getc_r  0x0000000000008e60       0x70 /home/wintermute/altera/16.0/nios2eds/bin/gnu/H-x86_64-pc-linux-gnu/bin/../lib/gcc/nios2-elf/5.2.0/../../../../../H-x86_64-pc-linux-gnu/nios2-elf/lib/mno-hw-mul/libc.a(lib_a-getc.o)
                0x0000000000008e60                _getc_r
 .text.getc     0x0000000000008ed0       0x88 /home/wintermute/altera/16.0/nios2eds/bin/gnu/H-x86_64-pc-linux-gnu/bin/../lib/gcc/nios2-elf/5.2.0/../../../../../H-x86_64-pc-linux-gnu/nios2-elf/lib/mno-hw-mul/libc.a(lib_a-getc.o)
                0x0000000000008ed0                getc
 .text          0x0000000000008f58        0x0 /home/wintermute/altera/16.0/nios2eds/bin/gnu/H-x86_64-pc-linux-gnu/bin/../lib/gcc/nios2-elf/5.2.0/../../../../../H-x86_64-pc-linux-gnu/nios2-elf/lib/mno-hw-mul/libc.a(lib_a-impure.o)
 .text          0x0000000000008f58        0x0 /home/wintermute/altera/16.0/nios2eds/bin/gnu/H-x86_64-pc-linux-gnu/bin/../lib/gcc/nios2-elf/5.2.0/../../../../../H-x86_64-pc-linux-gnu/nios2-elf/lib/mno-hw-mul/libc.a(lib_a-rget.o)
 .text.__srget_r
                0x0000000000008f58       0x74 /home/wintermute/altera/16.0/nios2eds/bin/gnu/H-x86_64-pc-linux-gnu/bin/../lib/gcc/nios2-elf/5.2.0/../../../../../H-x86_64-pc-linux-gnu/nios2-elf/lib/mno-hw-mul/libc.a(lib_a-rget.o)
                0x0000000000008f58                __srget_r
 .text.__srget  0x0000000000008fcc       0x14 /home/wintermute/altera/16.0/nios2eds/bin/gnu/H-x86_64-pc-linux-gnu/bin/../lib/gcc/nios2-elf/5.2.0/../../../../../H-x86_64-pc-linux-gnu/nios2-elf/lib/mno-hw-mul/libc.a(lib_a-rget.o)
                0x0000000000008fcc                __srget
 .text          0x0000000000008fe0        0x0 /home/wintermute/altera/16.0/nios2eds/bin/gnu/H-x86_64-pc-linux-gnu/bin/../lib/gcc/nios2-elf/5.2.0/../../../../../H-x86_64-pc-linux-gnu/nios2-elf/lib/mno-hw-mul/libc.a(lib_a-findfp.o)
 .text.__fp_unlock
                0x0000000000008fe0        0x8 /home/wintermute/altera/16.0/nios2eds/bin/gnu/H-x86_64-pc-linux-gnu/bin/../lib/gcc/nios2-elf/5.2.0/../../../../../H-x86_64-pc-linux-gnu/nios2-elf/lib/mno-hw-mul/libc.a(lib_a-findfp.o)
 .text._cleanup_r
                0x0000000000008fe8        0xc /home/wintermute/altera/16.0/nios2eds/bin/gnu/H-x86_64-pc-linux-gnu/bin/../lib/gcc/nios2-elf/5.2.0/../../../../../H-x86_64-pc-linux-gnu/nios2-elf/lib/mno-hw-mul/libc.a(lib_a-findfp.o)
                0x0000000000008fe8                _cleanup_r
 .text.__sinit.part.1
                0x0000000000008ff4      0x19c /home/wintermute/altera/16.0/nios2eds/bin/gnu/H-x86_64-pc-linux-gnu/bin/../lib/gcc/nios2-elf/5.2.0/../../../../../H-x86_64-pc-linux-gnu/nios2-elf/lib/mno-hw-mul/libc.a(lib_a-findfp.o)
 .text.__fp_lock
                0x0000000000009190        0x8 /home/wintermute/altera/16.0/nios2eds/bin/gnu/H-x86_64-pc-linux-gnu/bin/../lib/gcc/nios2-elf/5.2.0/../../../../../H-x86_64-pc-linux-gnu/nios2-elf/lib/mno-hw-mul/libc.a(lib_a-findfp.o)
 .text.__sfmoreglue
                0x0000000000009198       0x78 /home/wintermute/altera/16.0/nios2eds/bin/gnu/H-x86_64-pc-linux-gnu/bin/../lib/gcc/nios2-elf/5.2.0/../../../../../H-x86_64-pc-linux-gnu/nios2-elf/lib/mno-hw-mul/libc.a(lib_a-findfp.o)
                0x0000000000009198                __sfmoreglue
 .text.__sfp    0x0000000000009210      0x118 /home/wintermute/altera/16.0/nios2eds/bin/gnu/H-x86_64-pc-linux-gnu/bin/../lib/gcc/nios2-elf/5.2.0/../../../../../H-x86_64-pc-linux-gnu/nios2-elf/lib/mno-hw-mul/libc.a(lib_a-findfp.o)
                0x0000000000009210                __sfp
 .text._cleanup
                0x0000000000009328       0x18 /home/wintermute/altera/16.0/nios2eds/bin/gnu/H-x86_64-pc-linux-gnu/bin/../lib/gcc/nios2-elf/5.2.0/../../../../../H-x86_64-pc-linux-gnu/nios2-elf/lib/mno-hw-mul/libc.a(lib_a-findfp.o)
                0x0000000000009328                _cleanup
 .text.__sinit  0x0000000000009340       0x10 /home/wintermute/altera/16.0/nios2eds/bin/gnu/H-x86_64-pc-linux-gnu/bin/../lib/gcc/nios2-elf/5.2.0/../../../../../H-x86_64-pc-linux-gnu/nios2-elf/lib/mno-hw-mul/libc.a(lib_a-findfp.o)
                0x0000000000009340                __sinit
 .text.__sfp_lock_acquire
                0x0000000000009350        0x4 /home/wintermute/altera/16.0/nios2eds/bin/gnu/H-x86_64-pc-linux-gnu/bin/../lib/gcc/nios2-elf/5.2.0/../../../../../H-x86_64-pc-linux-gnu/nios2-elf/lib/mno-hw-mul/libc.a(lib_a-findfp.o)
                0x0000000000009350                __sfp_lock_acquire
 .text.__sfp_lock_release
                0x0000000000009354        0x4 /home/wintermute/altera/16.0/nios2eds/bin/gnu/H-x86_64-pc-linux-gnu/bin/../lib/gcc/nios2-elf/5.2.0/../../../../../H-x86_64-pc-linux-gnu/nios2-elf/lib/mno-hw-mul/libc.a(lib_a-findfp.o)
                0x0000000000009354                __sfp_lock_release
 .text.__sinit_lock_acquire
                0x0000000000009358        0x4 /home/wintermute/altera/16.0/nios2eds/bin/gnu/H-x86_64-pc-linux-gnu/bin/../lib/gcc/nios2-elf/5.2.0/../../../../../H-x86_64-pc-linux-gnu/nios2-elf/lib/mno-hw-mul/libc.a(lib_a-findfp.o)
                0x0000000000009358                __sinit_lock_acquire
 .text.__sinit_lock_release
                0x000000000000935c        0x4 /home/wintermute/altera/16.0/nios2eds/bin/gnu/H-x86_64-pc-linux-gnu/bin/../lib/gcc/nios2-elf/5.2.0/../../../../../H-x86_64-pc-linux-gnu/nios2-elf/lib/mno-hw-mul/libc.a(lib_a-findfp.o)
                0x000000000000935c                __sinit_lock_release
 .text.__fp_lock_all
                0x0000000000009360       0x18 /home/wintermute/altera/16.0/nios2eds/bin/gnu/H-x86_64-pc-linux-gnu/bin/../lib/gcc/nios2-elf/5.2.0/../../../../../H-x86_64-pc-linux-gnu/nios2-elf/lib/mno-hw-mul/libc.a(lib_a-findfp.o)
                0x0000000000009360                __fp_lock_all
 .text.__fp_unlock_all
                0x0000000000009378       0x18 /home/wintermute/altera/16.0/nios2eds/bin/gnu/H-x86_64-pc-linux-gnu/bin/../lib/gcc/nios2-elf/5.2.0/../../../../../H-x86_64-pc-linux-gnu/nios2-elf/lib/mno-hw-mul/libc.a(lib_a-findfp.o)
                0x0000000000009378                __fp_unlock_all
 .text          0x0000000000009390        0x0 /home/wintermute/altera/16.0/nios2eds/bin/gnu/H-x86_64-pc-linux-gnu/bin/../lib/gcc/nios2-elf/5.2.0/../../../../../H-x86_64-pc-linux-gnu/nios2-elf/lib/mno-hw-mul/libc.a(lib_a-fwalk.o)
 .text._fwalk   0x0000000000009390       0xc4 /home/wintermute/altera/16.0/nios2eds/bin/gnu/H-x86_64-pc-linux-gnu/bin/../lib/gcc/nios2-elf/5.2.0/../../../../../H-x86_64-pc-linux-gnu/nios2-elf/lib/mno-hw-mul/libc.a(lib_a-fwalk.o)
                0x0000000000009390                _fwalk
 .text._fwalk_reent
                0x0000000000009454       0xc4 /home/wintermute/altera/16.0/nios2eds/bin/gnu/H-x86_64-pc-linux-gnu/bin/../lib/gcc/nios2-elf/5.2.0/../../../../../H-x86_64-pc-linux-gnu/nios2-elf/lib/mno-hw-mul/libc.a(lib_a-fwalk.o)
                0x0000000000009454                _fwalk_reent
 .text          0x0000000000009518        0x0 /home/wintermute/altera/16.0/nios2eds/bin/gnu/H-x86_64-pc-linux-gnu/bin/../lib/gcc/nios2-elf/5.2.0/../../../../../H-x86_64-pc-linux-gnu/nios2-elf/lib/mno-hw-mul/libc.a(lib_a-mallocr.o)
 .text._malloc_r
                0x0000000000009518      0x80c /home/wintermute/altera/16.0/nios2eds/bin/gnu/H-x86_64-pc-linux-gnu/bin/../lib/gcc/nios2-elf/5.2.0/../../../../../H-x86_64-pc-linux-gnu/nios2-elf/lib/mno-hw-mul/libc.a(lib_a-mallocr.o)
                0x0000000000009518                _malloc_r
 .text          0x0000000000009d24        0x0 /home/wintermute/altera/16.0/nios2eds/bin/gnu/H-x86_64-pc-linux-gnu/bin/../lib/gcc/nios2-elf/5.2.0/../../../../../H-x86_64-pc-linux-gnu/nios2-elf/lib/mno-hw-mul/libc.a(lib_a-memset.o)
 .text.memset   0x0000000000009d24      0x128 /home/wintermute/altera/16.0/nios2eds/bin/gnu/H-x86_64-pc-linux-gnu/bin/../lib/gcc/nios2-elf/5.2.0/../../../../../H-x86_64-pc-linux-gnu/nios2-elf/lib/mno-hw-mul/libc.a(lib_a-memset.o)
                0x0000000000009d24                memset
 .text          0x0000000000009e4c        0x0 /home/wintermute/altera/16.0/nios2eds/bin/gnu/H-x86_64-pc-linux-gnu/bin/../lib/gcc/nios2-elf/5.2.0/../../../../../H-x86_64-pc-linux-gnu/nios2-elf/lib/mno-hw-mul/libc.a(lib_a-refill.o)
 .text.lflush   0x0000000000009e4c       0x1c /home/wintermute/altera/16.0/nios2eds/bin/gnu/H-x86_64-pc-linux-gnu/bin/../lib/gcc/nios2-elf/5.2.0/../../../../../H-x86_64-pc-linux-gnu/nios2-elf/lib/mno-hw-mul/libc.a(lib_a-refill.o)
 .text.__srefill_r
                0x0000000000009e68      0x1d4 /home/wintermute/altera/16.0/nios2eds/bin/gnu/H-x86_64-pc-linux-gnu/bin/../lib/gcc/nios2-elf/5.2.0/../../../../../H-x86_64-pc-linux-gnu/nios2-elf/lib/mno-hw-mul/libc.a(lib_a-refill.o)
                0x0000000000009e68                __srefill_r
 .text          0x000000000000a03c        0x0 /home/wintermute/altera/16.0/nios2eds/bin/gnu/H-x86_64-pc-linux-gnu/bin/../lib/gcc/nios2-elf/5.2.0/../../../../../H-x86_64-pc-linux-gnu/nios2-elf/lib/mno-hw-mul/libc.a(lib_a-sbrkr.o)
 .text._sbrk_r  0x000000000000a03c       0x54 /home/wintermute/altera/16.0/nios2eds/bin/gnu/H-x86_64-pc-linux-gnu/bin/../lib/gcc/nios2-elf/5.2.0/../../../../../H-x86_64-pc-linux-gnu/nios2-elf/lib/mno-hw-mul/libc.a(lib_a-sbrkr.o)
                0x000000000000a03c                _sbrk_r
 .text          0x000000000000a090        0x0 /home/wintermute/altera/16.0/nios2eds/bin/gnu/H-x86_64-pc-linux-gnu/bin/../lib/gcc/nios2-elf/5.2.0/../../../../../H-x86_64-pc-linux-gnu/nios2-elf/lib/mno-hw-mul/libc.a(lib_a-stdio.o)
 .text.__sread  0x000000000000a090       0x54 /home/wintermute/altera/16.0/nios2eds/bin/gnu/H-x86_64-pc-linux-gnu/bin/../lib/gcc/nios2-elf/5.2.0/../../../../../H-x86_64-pc-linux-gnu/nios2-elf/lib/mno-hw-mul/libc.a(lib_a-stdio.o)
                0x000000000000a090                __sread
 .text.__seofread
                0x000000000000a0e4        0x8 /home/wintermute/altera/16.0/nios2eds/bin/gnu/H-x86_64-pc-linux-gnu/bin/../lib/gcc/nios2-elf/5.2.0/../../../../../H-x86_64-pc-linux-gnu/nios2-elf/lib/mno-hw-mul/libc.a(lib_a-stdio.o)
                0x000000000000a0e4                __seofread
 .text.__swrite
                0x000000000000a0ec       0x7c /home/wintermute/altera/16.0/nios2eds/bin/gnu/H-x86_64-pc-linux-gnu/bin/../lib/gcc/nios2-elf/5.2.0/../../../../../H-x86_64-pc-linux-gnu/nios2-elf/lib/mno-hw-mul/libc.a(lib_a-stdio.o)
                0x000000000000a0ec                __swrite
 .text.__sseek  0x000000000000a168       0x5c /home/wintermute/altera/16.0/nios2eds/bin/gnu/H-x86_64-pc-linux-gnu/bin/../lib/gcc/nios2-elf/5.2.0/../../../../../H-x86_64-pc-linux-gnu/nios2-elf/lib/mno-hw-mul/libc.a(lib_a-stdio.o)
                0x000000000000a168                __sseek
 .text.__sclose
                0x000000000000a1c4        0x8 /home/wintermute/altera/16.0/nios2eds/bin/gnu/H-x86_64-pc-linux-gnu/bin/../lib/gcc/nios2-elf/5.2.0/../../../../../H-x86_64-pc-linux-gnu/nios2-elf/lib/mno-hw-mul/libc.a(lib_a-stdio.o)
                0x000000000000a1c4                __sclose
 .text          0x000000000000a1cc        0x0 /home/wintermute/altera/16.0/nios2eds/bin/gnu/H-x86_64-pc-linux-gnu/bin/../lib/gcc/nios2-elf/5.2.0/../../../../../H-x86_64-pc-linux-gnu/nios2-elf/lib/mno-hw-mul/libc.a(lib_a-writer.o)
 .text._write_r
                0x000000000000a1cc       0x60 /home/wintermute/altera/16.0/nios2eds/bin/gnu/H-x86_64-pc-linux-gnu/bin/../lib/gcc/nios2-elf/5.2.0/../../../../../H-x86_64-pc-linux-gnu/nios2-elf/lib/mno-hw-mul/libc.a(lib_a-writer.o)
                0x000000000000a1cc                _write_r
 .text          0x000000000000a22c        0x0 /home/wintermute/altera/16.0/nios2eds/bin/gnu/H-x86_64-pc-linux-gnu/bin/../lib/gcc/nios2-elf/5.2.0/../../../../../H-x86_64-pc-linux-gnu/nios2-elf/lib/mno-hw-mul/libc.a(closer.o)
 .text._close_r
                0x000000000000a22c       0x54 /home/wintermute/altera/16.0/nios2eds/bin/gnu/H-x86_64-pc-linux-gnu/bin/../lib/gcc/nios2-elf/5.2.0/../../../../../H-x86_64-pc-linux-gnu/nios2-elf/lib/mno-hw-mul/libc.a(closer.o)
                0x000000000000a22c                _close_r
 .text          0x000000000000a280        0x0 /home/wintermute/altera/16.0/nios2eds/bin/gnu/H-x86_64-pc-linux-gnu/bin/../lib/gcc/nios2-elf/5.2.0/../../../../../H-x86_64-pc-linux-gnu/nios2-elf/lib/mno-hw-mul/libc.a(lib_a-fclose.o)
 .text._fclose_r
                0x000000000000a280       0xf0 /home/wintermute/altera/16.0/nios2eds/bin/gnu/H-x86_64-pc-linux-gnu/bin/../lib/gcc/nios2-elf/5.2.0/../../../../../H-x86_64-pc-linux-gnu/nios2-elf/lib/mno-hw-mul/libc.a(lib_a-fclose.o)
                0x000000000000a280                _fclose_r
 .text.fclose   0x000000000000a370       0x14 /home/wintermute/altera/16.0/nios2eds/bin/gnu/H-x86_64-pc-linux-gnu/bin/../lib/gcc/nios2-elf/5.2.0/../../../../../H-x86_64-pc-linux-gnu/nios2-elf/lib/mno-hw-mul/libc.a(lib_a-fclose.o)
                0x000000000000a370                fclose
 .text          0x000000000000a384        0x0 /home/wintermute/altera/16.0/nios2eds/bin/gnu/H-x86_64-pc-linux-gnu/bin/../lib/gcc/nios2-elf/5.2.0/../../../../../H-x86_64-pc-linux-gnu/nios2-elf/lib/mno-hw-mul/libc.a(lib_a-fflush.o)
 .text.__sflush_r
                0x000000000000a384      0x21c /home/wintermute/altera/16.0/nios2eds/bin/gnu/H-x86_64-pc-linux-gnu/bin/../lib/gcc/nios2-elf/5.2.0/../../../../../H-x86_64-pc-linux-gnu/nios2-elf/lib/mno-hw-mul/libc.a(lib_a-fflush.o)
                0x000000000000a384                __sflush_r
 .text._fflush_r
                0x000000000000a5a0       0x5c /home/wintermute/altera/16.0/nios2eds/bin/gnu/H-x86_64-pc-linux-gnu/bin/../lib/gcc/nios2-elf/5.2.0/../../../../../H-x86_64-pc-linux-gnu/nios2-elf/lib/mno-hw-mul/libc.a(lib_a-fflush.o)
                0x000000000000a5a0                _fflush_r
 .text.fflush   0x000000000000a5fc       0x30 /home/wintermute/altera/16.0/nios2eds/bin/gnu/H-x86_64-pc-linux-gnu/bin/../lib/gcc/nios2-elf/5.2.0/../../../../../H-x86_64-pc-linux-gnu/nios2-elf/lib/mno-hw-mul/libc.a(lib_a-fflush.o)
                0x000000000000a5fc                fflush
 .text          0x000000000000a62c        0x0 /home/wintermute/altera/16.0/nios2eds/bin/gnu/H-x86_64-pc-linux-gnu/bin/../lib/gcc/nios2-elf/5.2.0/../../../../../H-x86_64-pc-linux-gnu/nios2-elf/lib/mno-hw-mul/libc.a(lib_a-freer.o)
 .text._malloc_trim_r
                0x000000000000a62c      0x124 /home/wintermute/altera/16.0/nios2eds/bin/gnu/H-x86_64-pc-linux-gnu/bin/../lib/gcc/nios2-elf/5.2.0/../../../../../H-x86_64-pc-linux-gnu/nios2-elf/lib/mno-hw-mul/libc.a(lib_a-freer.o)
                0x000000000000a62c                _malloc_trim_r
 .text._free_r  0x000000000000a750      0x310 /home/wintermute/altera/16.0/nios2eds/bin/gnu/H-x86_64-pc-linux-gnu/bin/../lib/gcc/nios2-elf/5.2.0/../../../../../H-x86_64-pc-linux-gnu/nios2-elf/lib/mno-hw-mul/libc.a(lib_a-freer.o)
                0x000000000000a750                _free_r
 .text          0x000000000000aa60        0x0 /home/wintermute/altera/16.0/nios2eds/bin/gnu/H-x86_64-pc-linux-gnu/bin/../lib/gcc/nios2-elf/5.2.0/../../../../../H-x86_64-pc-linux-gnu/nios2-elf/lib/mno-hw-mul/libc.a(lib_a-int_errno.o)
 .text          0x000000000000aa60        0x0 /home/wintermute/altera/16.0/nios2eds/bin/gnu/H-x86_64-pc-linux-gnu/bin/../lib/gcc/nios2-elf/5.2.0/../../../../../H-x86_64-pc-linux-gnu/nios2-elf/lib/mno-hw-mul/libc.a(lib_a-lseekr.o)
 .text._lseek_r
                0x000000000000aa60       0x60 /home/wintermute/altera/16.0/nios2eds/bin/gnu/H-x86_64-pc-linux-gnu/bin/../lib/gcc/nios2-elf/5.2.0/../../../../../H-x86_64-pc-linux-gnu/nios2-elf/lib/mno-hw-mul/libc.a(lib_a-lseekr.o)
                0x000000000000aa60                _lseek_r
 .text          0x000000000000aac0        0x0 /home/wintermute/altera/16.0/nios2eds/bin/gnu/H-x86_64-pc-linux-gnu/bin/../lib/gcc/nios2-elf/5.2.0/../../../../../H-x86_64-pc-linux-gnu/nios2-elf/lib/mno-hw-mul/libc.a(lib_a-makebuf.o)
 .text.__smakebuf_r
                0x000000000000aac0      0x1bc /home/wintermute/altera/16.0/nios2eds/bin/gnu/H-x86_64-pc-linux-gnu/bin/../lib/gcc/nios2-elf/5.2.0/../../../../../H-x86_64-pc-linux-gnu/nios2-elf/lib/mno-hw-mul/libc.a(lib_a-makebuf.o)
                0x000000000000aac0                __smakebuf_r
 .text          0x000000000000ac7c        0x0 /home/wintermute/altera/16.0/nios2eds/bin/gnu/H-x86_64-pc-linux-gnu/bin/../lib/gcc/nios2-elf/5.2.0/../../../../../H-x86_64-pc-linux-gnu/nios2-elf/lib/mno-hw-mul/libc.a(lib_a-readr.o)
 .text._read_r  0x000000000000ac7c       0x60 /home/wintermute/altera/16.0/nios2eds/bin/gnu/H-x86_64-pc-linux-gnu/bin/../lib/gcc/nios2-elf/5.2.0/../../../../../H-x86_64-pc-linux-gnu/nios2-elf/lib/mno-hw-mul/libc.a(lib_a-readr.o)
                0x000000000000ac7c                _read_r
 .text          0x000000000000acdc        0x0 /home/wintermute/altera/16.0/nios2eds/bin/gnu/H-x86_64-pc-linux-gnu/bin/../lib/gcc/nios2-elf/5.2.0/../../../../../H-x86_64-pc-linux-gnu/nios2-elf/lib/mno-hw-mul/libc.a(lib_a-fstatr.o)
 .text._fstat_r
                0x000000000000acdc       0x5c /home/wintermute/altera/16.0/nios2eds/bin/gnu/H-x86_64-pc-linux-gnu/bin/../lib/gcc/nios2-elf/5.2.0/../../../../../H-x86_64-pc-linux-gnu/nios2-elf/lib/mno-hw-mul/libc.a(lib_a-fstatr.o)
                0x000000000000acdc                _fstat_r
 .text          0x000000000000ad38        0x0 /home/wintermute/altera/16.0/nios2eds/bin/gnu/H-x86_64-pc-linux-gnu/bin/../lib/gcc/nios2-elf/5.2.0/../../../../../H-x86_64-pc-linux-gnu/nios2-elf/lib/mno-hw-mul/libc.a(lib_a-isattyr.o)
 .text._isatty_r
                0x000000000000ad38       0x54 /home/wintermute/altera/16.0/nios2eds/bin/gnu/H-x86_64-pc-linux-gnu/bin/../lib/gcc/nios2-elf/5.2.0/../../../../../H-x86_64-pc-linux-gnu/nios2-elf/lib/mno-hw-mul/libc.a(lib_a-isattyr.o)
                0x000000000000ad38                _isatty_r
 .text          0x000000000000ad8c       0x28 /home/wintermute/altera/16.0/nios2eds/bin/gnu/H-x86_64-pc-linux-gnu/bin/../lib/gcc/nios2-elf/5.2.0/mno-hw-mul/libgcc.a(lib2-mul.o)
                0x000000000000ad8c                __mulsi3
 .text          0x000000000000adb4       0xd8 hal_bsp//libhal_bsp.a(alt_close.o)
                0x000000000000adb4                close
 .text          0x000000000000ae8c        0x8 hal_bsp//libhal_bsp.a(alt_dev.o)
 .text          0x000000000000ae94        0x0 hal_bsp//libhal_bsp.a(alt_errno.o)
 .text          0x000000000000ae94       0xd4 hal_bsp//libhal_bsp.a(alt_fstat.o)
                0x000000000000ae94                fstat
 .text          0x000000000000af68       0xac hal_bsp//libhal_bsp.a(alt_isatty.o)
                0x000000000000af68                isatty
 .text          0x000000000000b014      0x114 hal_bsp//libhal_bsp.a(alt_load.o)
                0x000000000000b014                alt_load
 .text          0x000000000000b128       0xd4 hal_bsp//libhal_bsp.a(alt_lseek.o)
                0x000000000000b128                lseek
 .text          0x000000000000b1fc       0x64 hal_bsp//libhal_bsp.a(alt_main.o)
                0x000000000000b1fc                alt_main
 .text          0x000000000000b260        0x8 hal_bsp//libhal_bsp.a(alt_malloc_lock.o)
                0x000000000000b260                __malloc_lock
                0x000000000000b264                __malloc_unlock
 .text          0x000000000000b268      0x138 hal_bsp//libhal_bsp.a(alt_read.o)
                0x000000000000b268                read
 .text          0x000000000000b3a0       0x5c hal_bsp//libhal_bsp.a(alt_release_fd.o)
                0x000000000000b3a0                alt_release_fd
 .text          0x000000000000b3fc       0x4c hal_bsp//libhal_bsp.a(alt_sbrk.o)
                0x000000000000b3fc                sbrk
 .text          0x000000000000b448      0x134 hal_bsp//libhal_bsp.a(alt_write.o)
                0x000000000000b448                write
 .text          0x000000000000b57c       0x78 hal_bsp//libhal_bsp.a(alt_sys_init.o)
                0x000000000000b57c                alt_irq_init
                0x000000000000b59c                alt_sys_init
 .text          0x000000000000b5f4       0x20 hal_bsp//libhal_bsp.a(altera_avalon_jtag_uart_fd.o)
                0x000000000000b5f4                altera_avalon_jtag_uart_read_fd
                0x000000000000b604                altera_avalon_jtag_uart_write_fd
 .text          0x000000000000b614       0x74 hal_bsp//libhal_bsp.a(altera_avalon_jtag_uart_read.o)
                0x000000000000b614                altera_avalon_jtag_uart_read
 .text          0x000000000000b688       0x34 hal_bsp//libhal_bsp.a(altera_avalon_jtag_uart_write.o)
                0x000000000000b688                altera_avalon_jtag_uart_write
 .text          0x000000000000b6bc       0x8c hal_bsp//libhal_bsp.a(altera_avalon_timer_sc.o)
                0x000000000000b6f8                alt_avalon_timer_sc_init
 .text          0x000000000000b748       0x20 hal_bsp//libhal_bsp.a(altera_avalon_uart_fd.o)
                0x000000000000b748                altera_avalon_uart_read_fd
                0x000000000000b758                altera_avalon_uart_write_fd
 .text          0x000000000000b768       0x88 hal_bsp//libhal_bsp.a(altera_avalon_uart_read.o)
                0x000000000000b768                altera_avalon_uart_read
 .text          0x000000000000b7f0       0x8c hal_bsp//libhal_bsp.a(altera_avalon_uart_write.o)
                0x000000000000b7f0                altera_avalon_uart_write
 .text          0x000000000000b87c        0x4 hal_bsp//libhal_bsp.a(alt_dcache_flush_all.o)
                0x000000000000b87c                alt_dcache_flush_all
 .text          0x000000000000b880       0x78 hal_bsp//libhal_bsp.a(alt_dev_llist_insert.o)
                0x000000000000b880                alt_dev_llist_insert
 .text          0x000000000000b8f8       0x64 hal_bsp//libhal_bsp.a(alt_do_ctors.o)
                0x000000000000b8f8                _do_ctors
 .text          0x000000000000b95c       0x64 hal_bsp//libhal_bsp.a(alt_do_dtors.o)
                0x000000000000b95c                _do_dtors
 .text          0x000000000000b9c0        0x4 hal_bsp//libhal_bsp.a(alt_icache_flush_all.o)
                0x000000000000b9c0                alt_icache_flush_all
 .text          0x000000000000b9c4       0x9c hal_bsp//libhal_bsp.a(alt_iic.o)
                0x000000000000b9c4                alt_ic_isr_register
                0x000000000000b9c8                alt_ic_irq_enable
                0x000000000000ba08                alt_ic_irq_disable
                0x000000000000ba48                alt_ic_irq_enabled
 .text          0x000000000000ba60       0x68 hal_bsp//libhal_bsp.a(alt_iic_isr_register.o)
                0x000000000000ba60                alt_iic_isr_register
 .text          0x000000000000bac8      0x100 hal_bsp//libhal_bsp.a(alt_io_redirect.o)
                0x000000000000bb54                alt_io_redirect
 .text          0x000000000000bbc8        0x0 hal_bsp//libhal_bsp.a(alt_irq_entry.o)
 .text          0x000000000000bbc8        0x0 hal_bsp//libhal_bsp.a(alt_irq_handler.o)
 .text          0x000000000000bbc8        0x0 hal_bsp//libhal_bsp.a(alt_irq_vars.o)
 .text          0x000000000000bbc8      0x1a0 hal_bsp//libhal_bsp.a(alt_open.o)
                0x000000000000bbc8                open
 .text          0x000000000000bd68      0x128 hal_bsp//libhal_bsp.a(alt_tick.o)
                0x000000000000bd68                alt_alarm_stop
                0x000000000000bd9c                alt_tick
 .text          0x000000000000be90        0x8 hal_bsp//libhal_bsp.a(altera_nios2_gen2_irq.o)
                0x000000000000be90                altera_nios2_gen2_irq_init
 .text          0x000000000000be98        0x0 hal_bsp//libhal_bsp.a(alt_exception_entry.o)
 .text          0x000000000000be98       0x78 hal_bsp//libhal_bsp.a(alt_find_dev.o)
                0x000000000000be98                alt_find_dev
 .text          0x000000000000bf10       0xb0 hal_bsp//libhal_bsp.a(alt_find_file.o)
                0x000000000000bf10                alt_find_file
 .text          0x000000000000bfc0       0x90 hal_bsp//libhal_bsp.a(alt_get_fd.o)
                0x000000000000bfc0                alt_get_fd
 .text          0x000000000000c050       0x74 hal_bsp//libhal_bsp.a(alt_instruction_exception_entry.o)
                0x000000000000c050                alt_exception_cause_generated_bad_addr
 .text          0x000000000000c0c4        0x0 /home/wintermute/altera/16.0/nios2eds/bin/gnu/H-x86_64-pc-linux-gnu/bin/../lib/gcc/nios2-elf/5.2.0/../../../../../H-x86_64-pc-linux-gnu/nios2-elf/lib/mno-hw-mul/libc.a(lib_a-atexit.o)
 .text.atexit   0x000000000000c0c4       0x14 /home/wintermute/altera/16.0/nios2eds/bin/gnu/H-x86_64-pc-linux-gnu/bin/../lib/gcc/nios2-elf/5.2.0/../../../../../H-x86_64-pc-linux-gnu/nios2-elf/lib/mno-hw-mul/libc.a(lib_a-atexit.o)
                0x000000000000c0c4                atexit
 .text          0x000000000000c0d8        0x0 /home/wintermute/altera/16.0/nios2eds/bin/gnu/H-x86_64-pc-linux-gnu/bin/../lib/gcc/nios2-elf/5.2.0/../../../../../H-x86_64-pc-linux-gnu/nios2-elf/lib/mno-hw-mul/libc.a(lib_a-exit.o)
 .text.exit     0x000000000000c0d8       0x38 /home/wintermute/altera/16.0/nios2eds/bin/gnu/H-x86_64-pc-linux-gnu/bin/../lib/gcc/nios2-elf/5.2.0/../../../../../H-x86_64-pc-linux-gnu/nios2-elf/lib/mno-hw-mul/libc.a(lib_a-exit.o)
                0x000000000000c0d8                exit
 .text          0x000000000000c110        0x0 /home/wintermute/altera/16.0/nios2eds/bin/gnu/H-x86_64-pc-linux-gnu/bin/../lib/gcc/nios2-elf/5.2.0/../../../../../H-x86_64-pc-linux-gnu/nios2-elf/lib/mno-hw-mul/libc.a(lib_a-memcmp.o)
 .text.memcmp   0x000000000000c110       0x7c /home/wintermute/altera/16.0/nios2eds/bin/gnu/H-x86_64-pc-linux-gnu/bin/../lib/gcc/nios2-elf/5.2.0/../../../../../H-x86_64-pc-linux-gnu/nios2-elf/lib/mno-hw-mul/libc.a(lib_a-memcmp.o)
                0x000000000000c110                memcmp
 .text          0x000000000000c18c        0x0 /home/wintermute/altera/16.0/nios2eds/bin/gnu/H-x86_64-pc-linux-gnu/bin/../lib/gcc/nios2-elf/5.2.0/../../../../../H-x86_64-pc-linux-gnu/nios2-elf/lib/mno-hw-mul/libc.a(lib_a-strlen.o)
 .text.strlen   0x000000000000c18c       0x98 /home/wintermute/altera/16.0/nios2eds/bin/gnu/H-x86_64-pc-linux-gnu/bin/../lib/gcc/nios2-elf/5.2.0/../../../../../H-x86_64-pc-linux-gnu/nios2-elf/lib/mno-hw-mul/libc.a(lib_a-strlen.o)
                0x000000000000c18c                strlen
 .text          0x000000000000c224        0x0 /home/wintermute/altera/16.0/nios2eds/bin/gnu/H-x86_64-pc-linux-gnu/bin/../lib/gcc/nios2-elf/5.2.0/../../../../../H-x86_64-pc-linux-gnu/nios2-elf/lib/mno-hw-mul/libc.a(lib_a-__atexit.o)
 .text.__register_exitproc
                0x000000000000c224      0x118 /home/wintermute/altera/16.0/nios2eds/bin/gnu/H-x86_64-pc-linux-gnu/bin/../lib/gcc/nios2-elf/5.2.0/../../../../../H-x86_64-pc-linux-gnu/nios2-elf/lib/mno-hw-mul/libc.a(lib_a-__atexit.o)
                0x000000000000c224                __register_exitproc
 .text          0x000000000000c33c        0x0 /home/wintermute/altera/16.0/nios2eds/bin/gnu/H-x86_64-pc-linux-gnu/bin/../lib/gcc/nios2-elf/5.2.0/../../../../../H-x86_64-pc-linux-gnu/nios2-elf/lib/mno-hw-mul/libc.a(lib_a-__call_atexit.o)
 .text.__call_exitprocs
                0x000000000000c33c      0x180 /home/wintermute/altera/16.0/nios2eds/bin/gnu/H-x86_64-pc-linux-gnu/bin/../lib/gcc/nios2-elf/5.2.0/../../../../../H-x86_64-pc-linux-gnu/nios2-elf/lib/mno-hw-mul/libc.a(lib_a-__call_atexit.o)
                0x000000000000c33c                __call_exitprocs
 .text          0x000000000000c4bc       0x14 hal_bsp//libhal_bsp.a(alt_exit.o)
                0x000000000000c4bc                _exit
 *(.gnu.warning.*)
 *(.fini)
                [!provide]                        PROVIDE (__etext, ABSOLUTE (.))
                [!provide]                        PROVIDE (_etext, ABSOLUTE (.))
                [!provide]                        PROVIDE (etext, ABSOLUTE (.))
 *(.eh_frame_hdr)
                0x000000000000c4d0                . = ALIGN (0x4)
                [!provide]                        PROVIDE (__preinit_array_start, ABSOLUTE (.))
 *(.preinit_array)
                [!provide]                        PROVIDE (__preinit_array_end, ABSOLUTE (.))
                [!provide]                        PROVIDE (__init_array_start, ABSOLUTE (.))
 *(.init_array)
                [!provide]                        PROVIDE (__init_array_end, ABSOLUTE (.))
                [!provide]                        PROVIDE (__fini_array_start, ABSOLUTE (.))
 *(.fini_array)
                [!provide]                        PROVIDE (__fini_array_end, ABSOLUTE (.))
 *(.eh_frame)
 *(.gcc_except_table .gcc_except_table.*)
 *(.dynamic)
                0x000000000000c4d0                PROVIDE (__CTOR_LIST__, ABSOLUTE (.))
 *(.ctors)
 *(SORT(.ctors.*))
                0x000000000000c4d0                PROVIDE (__CTOR_END__, ABSOLUTE (.))
                0x000000000000c4d0                PROVIDE (__DTOR_LIST__, ABSOLUTE (.))
 *(.dtors)
 *(SORT(.dtors.*))
                0x000000000000c4d0                PROVIDE (__DTOR_END__, ABSOLUTE (.))
 *(.jcr)
                0x000000000000c4d0                . = ALIGN (0x4)

.rodata         0x000000000000c4d0       0xd8
                0x000000000000c4d0                PROVIDE (__ram_rodata_start, ABSOLUTE (.))
                0x000000000000c4d0                . = ALIGN (0x4)
 *(.rodata .rodata.* .gnu.linkonce.r.*)
 .rodata        0x000000000000c4d0       0x8e obj/default/main.o
 *fill*         0x000000000000c55e        0x2 
 .rodata.str1.4
                0x000000000000c560       0x15 obj/default/small_printing.o
 *fill*         0x000000000000c575        0x3 
 .rodata.str1.4
                0x000000000000c578        0x2 /home/wintermute/altera/16.0/nios2eds/bin/gnu/H-x86_64-pc-linux-gnu/bin/../lib/gcc/nios2-elf/5.2.0/../../../../../H-x86_64-pc-linux-gnu/nios2-elf/lib/mno-hw-mul/libc.a(lib_a-impure.o)
 *fill*         0x000000000000c57a        0x2 
 .rodata.str1.4
                0x000000000000c57c        0xa hal_bsp//libhal_bsp.a(alt_dev.o)
 *fill*         0x000000000000c586        0x2 
 .rodata.str1.4
                0x000000000000c588       0x20 hal_bsp//libhal_bsp.a(alt_main.o)
 .rodata.str1.4
                0x000000000000c5a8       0x1d hal_bsp//libhal_bsp.a(alt_sys_init.o)
 *(.rodata1)
                0x000000000000c5c8                . = ALIGN (0x4)
                0x000000000000c5c8                PROVIDE (__ram_rodata_end, ABSOLUTE (.))
                0x000000000000c4d0                PROVIDE (__flash_rodata_start, LOADADDR (.rodata))

.rwdata         0x000000000000c5a8      0xa64 load address 0x000000000000d00c
                0x000000000000c5a8                PROVIDE (__ram_rwdata_start, ABSOLUTE (.))
                0x000000000000c5a8                . = ALIGN (0x4)
 *(.got.plt)
 *(.got)
 *(.data1)
 *(.data .data.* .gnu.linkonce.d.*)
 .data          0x000000000000c5a8        0x0 hal_bsp//obj/HAL/src/crt0.o
 .data          0x000000000000c5a8        0x0 obj/default/main.o
 .data          0x000000000000c5a8        0x0 obj/default/small_printing.o
 .data          0x000000000000c5a8        0x0 /home/wintermute/altera/16.0/nios2eds/bin/gnu/H-x86_64-pc-linux-gnu/bin/../lib/gcc/nios2-elf/5.2.0/mno-hw-mul/libgcc.a(lib2-divmod.o)
 .data          0x000000000000c5a8        0x0 /home/wintermute/altera/16.0/nios2eds/bin/gnu/H-x86_64-pc-linux-gnu/bin/../lib/gcc/nios2-elf/5.2.0/../../../../../H-x86_64-pc-linux-gnu/nios2-elf/lib/mno-hw-mul/libc.a(lib_a-getc.o)
 .data          0x000000000000c5a8        0x0 /home/wintermute/altera/16.0/nios2eds/bin/gnu/H-x86_64-pc-linux-gnu/bin/../lib/gcc/nios2-elf/5.2.0/../../../../../H-x86_64-pc-linux-gnu/nios2-elf/lib/mno-hw-mul/libc.a(lib_a-impure.o)
 .data.impure_data
                0x000000000000c5a8      0x424 /home/wintermute/altera/16.0/nios2eds/bin/gnu/H-x86_64-pc-linux-gnu/bin/../lib/gcc/nios2-elf/5.2.0/../../../../../H-x86_64-pc-linux-gnu/nios2-elf/lib/mno-hw-mul/libc.a(lib_a-impure.o)
 .data          0x000000000000c9cc        0x0 /home/wintermute/altera/16.0/nios2eds/bin/gnu/H-x86_64-pc-linux-gnu/bin/../lib/gcc/nios2-elf/5.2.0/../../../../../H-x86_64-pc-linux-gnu/nios2-elf/lib/mno-hw-mul/libc.a(lib_a-rget.o)
 .data          0x000000000000c9cc        0x0 /home/wintermute/altera/16.0/nios2eds/bin/gnu/H-x86_64-pc-linux-gnu/bin/../lib/gcc/nios2-elf/5.2.0/../../../../../H-x86_64-pc-linux-gnu/nios2-elf/lib/mno-hw-mul/libc.a(lib_a-findfp.o)
 .data          0x000000000000c9cc        0x0 /home/wintermute/altera/16.0/nios2eds/bin/gnu/H-x86_64-pc-linux-gnu/bin/../lib/gcc/nios2-elf/5.2.0/../../../../../H-x86_64-pc-linux-gnu/nios2-elf/lib/mno-hw-mul/libc.a(lib_a-fwalk.o)
 .data          0x000000000000c9cc        0x0 /home/wintermute/altera/16.0/nios2eds/bin/gnu/H-x86_64-pc-linux-gnu/bin/../lib/gcc/nios2-elf/5.2.0/../../../../../H-x86_64-pc-linux-gnu/nios2-elf/lib/mno-hw-mul/libc.a(lib_a-mallocr.o)
 .data.__malloc_av_
                0x000000000000c9cc      0x408 /home/wintermute/altera/16.0/nios2eds/bin/gnu/H-x86_64-pc-linux-gnu/bin/../lib/gcc/nios2-elf/5.2.0/../../../../../H-x86_64-pc-linux-gnu/nios2-elf/lib/mno-hw-mul/libc.a(lib_a-mallocr.o)
                0x000000000000c9cc                __malloc_av_
 .data          0x000000000000cdd4        0x0 /home/wintermute/altera/16.0/nios2eds/bin/gnu/H-x86_64-pc-linux-gnu/bin/../lib/gcc/nios2-elf/5.2.0/../../../../../H-x86_64-pc-linux-gnu/nios2-elf/lib/mno-hw-mul/libc.a(lib_a-memset.o)
 .data          0x000000000000cdd4        0x0 /home/wintermute/altera/16.0/nios2eds/bin/gnu/H-x86_64-pc-linux-gnu/bin/../lib/gcc/nios2-elf/5.2.0/../../../../../H-x86_64-pc-linux-gnu/nios2-elf/lib/mno-hw-mul/libc.a(lib_a-refill.o)
 .data          0x000000000000cdd4        0x0 /home/wintermute/altera/16.0/nios2eds/bin/gnu/H-x86_64-pc-linux-gnu/bin/../lib/gcc/nios2-elf/5.2.0/../../../../../H-x86_64-pc-linux-gnu/nios2-elf/lib/mno-hw-mul/libc.a(lib_a-sbrkr.o)
 .data          0x000000000000cdd4        0x0 /home/wintermute/altera/16.0/nios2eds/bin/gnu/H-x86_64-pc-linux-gnu/bin/../lib/gcc/nios2-elf/5.2.0/../../../../../H-x86_64-pc-linux-gnu/nios2-elf/lib/mno-hw-mul/libc.a(lib_a-stdio.o)
 .data          0x000000000000cdd4        0x0 /home/wintermute/altera/16.0/nios2eds/bin/gnu/H-x86_64-pc-linux-gnu/bin/../lib/gcc/nios2-elf/5.2.0/../../../../../H-x86_64-pc-linux-gnu/nios2-elf/lib/mno-hw-mul/libc.a(lib_a-writer.o)
 .data          0x000000000000cdd4        0x0 /home/wintermute/altera/16.0/nios2eds/bin/gnu/H-x86_64-pc-linux-gnu/bin/../lib/gcc/nios2-elf/5.2.0/../../../../../H-x86_64-pc-linux-gnu/nios2-elf/lib/mno-hw-mul/libc.a(closer.o)
 .data          0x000000000000cdd4        0x0 /home/wintermute/altera/16.0/nios2eds/bin/gnu/H-x86_64-pc-linux-gnu/bin/../lib/gcc/nios2-elf/5.2.0/../../../../../H-x86_64-pc-linux-gnu/nios2-elf/lib/mno-hw-mul/libc.a(lib_a-fclose.o)
 .data          0x000000000000cdd4        0x0 /home/wintermute/altera/16.0/nios2eds/bin/gnu/H-x86_64-pc-linux-gnu/bin/../lib/gcc/nios2-elf/5.2.0/../../../../../H-x86_64-pc-linux-gnu/nios2-elf/lib/mno-hw-mul/libc.a(lib_a-fflush.o)
 .data          0x000000000000cdd4        0x0 /home/wintermute/altera/16.0/nios2eds/bin/gnu/H-x86_64-pc-linux-gnu/bin/../lib/gcc/nios2-elf/5.2.0/../../../../../H-x86_64-pc-linux-gnu/nios2-elf/lib/mno-hw-mul/libc.a(lib_a-freer.o)
 .data          0x000000000000cdd4        0x0 /home/wintermute/altera/16.0/nios2eds/bin/gnu/H-x86_64-pc-linux-gnu/bin/../lib/gcc/nios2-elf/5.2.0/../../../../../H-x86_64-pc-linux-gnu/nios2-elf/lib/mno-hw-mul/libc.a(lib_a-int_errno.o)
 .data          0x000000000000cdd4        0x0 /home/wintermute/altera/16.0/nios2eds/bin/gnu/H-x86_64-pc-linux-gnu/bin/../lib/gcc/nios2-elf/5.2.0/../../../../../H-x86_64-pc-linux-gnu/nios2-elf/lib/mno-hw-mul/libc.a(lib_a-lseekr.o)
 .data          0x000000000000cdd4        0x0 /home/wintermute/altera/16.0/nios2eds/bin/gnu/H-x86_64-pc-linux-gnu/bin/../lib/gcc/nios2-elf/5.2.0/../../../../../H-x86_64-pc-linux-gnu/nios2-elf/lib/mno-hw-mul/libc.a(lib_a-makebuf.o)
 .data          0x000000000000cdd4        0x0 /home/wintermute/altera/16.0/nios2eds/bin/gnu/H-x86_64-pc-linux-gnu/bin/../lib/gcc/nios2-elf/5.2.0/../../../../../H-x86_64-pc-linux-gnu/nios2-elf/lib/mno-hw-mul/libc.a(lib_a-readr.o)
 .data          0x000000000000cdd4        0x0 /home/wintermute/altera/16.0/nios2eds/bin/gnu/H-x86_64-pc-linux-gnu/bin/../lib/gcc/nios2-elf/5.2.0/../../../../../H-x86_64-pc-linux-gnu/nios2-elf/lib/mno-hw-mul/libc.a(lib_a-fstatr.o)
 .data          0x000000000000cdd4        0x0 /home/wintermute/altera/16.0/nios2eds/bin/gnu/H-x86_64-pc-linux-gnu/bin/../lib/gcc/nios2-elf/5.2.0/../../../../../H-x86_64-pc-linux-gnu/nios2-elf/lib/mno-hw-mul/libc.a(lib_a-isattyr.o)
 .data          0x000000000000cdd4        0x0 /home/wintermute/altera/16.0/nios2eds/bin/gnu/H-x86_64-pc-linux-gnu/bin/../lib/gcc/nios2-elf/5.2.0/mno-hw-mul/libgcc.a(lib2-mul.o)
 .data          0x000000000000cdd4        0x0 hal_bsp//libhal_bsp.a(alt_close.o)
 .data          0x000000000000cdd4      0x1a8 hal_bsp//libhal_bsp.a(alt_dev.o)
                0x000000000000cdd4                alt_fd_list
                0x000000000000cf54                alt_dev_null
 .data          0x000000000000cf7c        0x0 hal_bsp//libhal_bsp.a(alt_errno.o)
 .data          0x000000000000cf7c        0x0 hal_bsp//libhal_bsp.a(alt_fstat.o)
 .data          0x000000000000cf7c        0x0 hal_bsp//libhal_bsp.a(alt_isatty.o)
 .data          0x000000000000cf7c        0x0 hal_bsp//libhal_bsp.a(alt_load.o)
 .data          0x000000000000cf7c        0x0 hal_bsp//libhal_bsp.a(alt_lseek.o)
 .data          0x000000000000cf7c        0x0 hal_bsp//libhal_bsp.a(alt_main.o)
 .data          0x000000000000cf7c        0x0 hal_bsp//libhal_bsp.a(alt_malloc_lock.o)
 .data          0x000000000000cf7c        0x0 hal_bsp//libhal_bsp.a(alt_read.o)
 .data          0x000000000000cf7c        0x0 hal_bsp//libhal_bsp.a(alt_release_fd.o)
 .data          0x000000000000cf7c        0x0 hal_bsp//libhal_bsp.a(alt_sbrk.o)
 .data          0x000000000000cf7c        0x0 hal_bsp//libhal_bsp.a(alt_write.o)
 .data          0x000000000000cf7c       0x58 hal_bsp//libhal_bsp.a(alt_sys_init.o)
 .data          0x000000000000cfd4        0x0 hal_bsp//libhal_bsp.a(altera_avalon_jtag_uart_fd.o)
 .data          0x000000000000cfd4        0x0 hal_bsp//libhal_bsp.a(altera_avalon_jtag_uart_read.o)
 .data          0x000000000000cfd4        0x0 hal_bsp//libhal_bsp.a(altera_avalon_jtag_uart_write.o)
 .data          0x000000000000cfd4        0x0 hal_bsp//libhal_bsp.a(altera_avalon_timer_sc.o)
 .data          0x000000000000cfd4        0x0 hal_bsp//libhal_bsp.a(altera_avalon_uart_fd.o)
 .data          0x000000000000cfd4        0x0 hal_bsp//libhal_bsp.a(altera_avalon_uart_read.o)
 .data          0x000000000000cfd4        0x0 hal_bsp//libhal_bsp.a(altera_avalon_uart_write.o)
 .data          0x000000000000cfd4        0x0 hal_bsp//libhal_bsp.a(alt_dcache_flush_all.o)
 .data          0x000000000000cfd4        0x0 hal_bsp//libhal_bsp.a(alt_dev_llist_insert.o)
 .data          0x000000000000cfd4        0x0 hal_bsp//libhal_bsp.a(alt_do_ctors.o)
 .data          0x000000000000cfd4        0x0 hal_bsp//libhal_bsp.a(alt_do_dtors.o)
 .data          0x000000000000cfd4        0x0 hal_bsp//libhal_bsp.a(alt_icache_flush_all.o)
 .data          0x000000000000cfd4        0x0 hal_bsp//libhal_bsp.a(alt_iic.o)
 .data          0x000000000000cfd4        0x0 hal_bsp//libhal_bsp.a(alt_iic_isr_register.o)
 .data          0x000000000000cfd4        0x0 hal_bsp//libhal_bsp.a(alt_io_redirect.o)
 .data          0x000000000000cfd4        0x0 hal_bsp//libhal_bsp.a(alt_irq_entry.o)
 .data          0x000000000000cfd4        0x0 hal_bsp//libhal_bsp.a(alt_irq_handler.o)
 .data          0x000000000000cfd4        0x0 hal_bsp//libhal_bsp.a(alt_irq_vars.o)
 .data          0x000000000000cfd4        0x0 hal_bsp//libhal_bsp.a(alt_open.o)
 .data          0x000000000000cfd4        0x0 hal_bsp//libhal_bsp.a(alt_tick.o)
 .data          0x000000000000cfd4        0x0 hal_bsp//libhal_bsp.a(altera_nios2_gen2_irq.o)
 .data          0x000000000000cfd4        0x0 hal_bsp//libhal_bsp.a(alt_exception_entry.o)
 .data          0x000000000000cfd4        0x0 hal_bsp//libhal_bsp.a(alt_find_dev.o)
 .data          0x000000000000cfd4        0x0 hal_bsp//libhal_bsp.a(alt_find_file.o)
 .data          0x000000000000cfd4        0x0 hal_bsp//libhal_bsp.a(alt_get_fd.o)
 .data          0x000000000000cfd4        0x0 hal_bsp//libhal_bsp.a(alt_instruction_exception_entry.o)
 .data          0x000000000000cfd4        0x0 /home/wintermute/altera/16.0/nios2eds/bin/gnu/H-x86_64-pc-linux-gnu/bin/../lib/gcc/nios2-elf/5.2.0/../../../../../H-x86_64-pc-linux-gnu/nios2-elf/lib/mno-hw-mul/libc.a(lib_a-atexit.o)
 .data          0x000000000000cfd4        0x0 /home/wintermute/altera/16.0/nios2eds/bin/gnu/H-x86_64-pc-linux-gnu/bin/../lib/gcc/nios2-elf/5.2.0/../../../../../H-x86_64-pc-linux-gnu/nios2-elf/lib/mno-hw-mul/libc.a(lib_a-exit.o)
 .data          0x000000000000cfd4        0x0 /home/wintermute/altera/16.0/nios2eds/bin/gnu/H-x86_64-pc-linux-gnu/bin/../lib/gcc/nios2-elf/5.2.0/../../../../../H-x86_64-pc-linux-gnu/nios2-elf/lib/mno-hw-mul/libc.a(lib_a-memcmp.o)
 .data          0x000000000000cfd4        0x0 /home/wintermute/altera/16.0/nios2eds/bin/gnu/H-x86_64-pc-linux-gnu/bin/../lib/gcc/nios2-elf/5.2.0/../../../../../H-x86_64-pc-linux-gnu/nios2-elf/lib/mno-hw-mul/libc.a(lib_a-strlen.o)
 .data          0x000000000000cfd4        0x0 /home/wintermute/altera/16.0/nios2eds/bin/gnu/H-x86_64-pc-linux-gnu/bin/../lib/gcc/nios2-elf/5.2.0/../../../../../H-x86_64-pc-linux-gnu/nios2-elf/lib/mno-hw-mul/libc.a(lib_a-__atexit.o)
 .data          0x000000000000cfd4        0x0 /home/wintermute/altera/16.0/nios2eds/bin/gnu/H-x86_64-pc-linux-gnu/bin/../lib/gcc/nios2-elf/5.2.0/../../../../../H-x86_64-pc-linux-gnu/nios2-elf/lib/mno-hw-mul/libc.a(lib_a-__call_atexit.o)
 .data          0x000000000000cfd4        0x0 hal_bsp//libhal_bsp.a(alt_exit.o)
                0x0000000000014fd4                _gp = ABSOLUTE ((. + 0x8000))
                [!provide]                        PROVIDE (gp, _gp)
 *(.rwdata .rwdata.*)
 *(.sdata .sdata.* .gnu.linkonce.s.*)
 .sdata._global_impure_ptr
                0x000000000000cfd4        0x4 /home/wintermute/altera/16.0/nios2eds/bin/gnu/H-x86_64-pc-linux-gnu/bin/../lib/gcc/nios2-elf/5.2.0/../../../../../H-x86_64-pc-linux-gnu/nios2-elf/lib/mno-hw-mul/libc.a(lib_a-impure.o)
                0x000000000000cfd4                _global_impure_ptr
 .sdata._impure_ptr
                0x000000000000cfd8        0x4 /home/wintermute/altera/16.0/nios2eds/bin/gnu/H-x86_64-pc-linux-gnu/bin/../lib/gcc/nios2-elf/5.2.0/../../../../../H-x86_64-pc-linux-gnu/nios2-elf/lib/mno-hw-mul/libc.a(lib_a-impure.o)
                0x000000000000cfd8                _impure_ptr
 .sdata.__malloc_sbrk_base
                0x000000000000cfdc        0x4 /home/wintermute/altera/16.0/nios2eds/bin/gnu/H-x86_64-pc-linux-gnu/bin/../lib/gcc/nios2-elf/5.2.0/../../../../../H-x86_64-pc-linux-gnu/nios2-elf/lib/mno-hw-mul/libc.a(lib_a-mallocr.o)
                0x000000000000cfdc                __malloc_sbrk_base
 .sdata.__malloc_trim_threshold
                0x000000000000cfe0        0x4 /home/wintermute/altera/16.0/nios2eds/bin/gnu/H-x86_64-pc-linux-gnu/bin/../lib/gcc/nios2-elf/5.2.0/../../../../../H-x86_64-pc-linux-gnu/nios2-elf/lib/mno-hw-mul/libc.a(lib_a-mallocr.o)
                0x000000000000cfe0                __malloc_trim_threshold
 .sdata         0x000000000000cfe4       0x14 hal_bsp//libhal_bsp.a(alt_dev.o)
                0x000000000000cfe4                alt_max_fd
                0x000000000000cfe8                alt_dev_list
                0x000000000000cff0                alt_fs_list
 .sdata         0x000000000000cff8        0x4 hal_bsp//libhal_bsp.a(alt_errno.o)
                0x000000000000cff8                alt_errno
 .sdata         0x000000000000cffc        0x4 hal_bsp//libhal_bsp.a(alt_sbrk.o)
 .sdata         0x000000000000d000        0x4 hal_bsp//libhal_bsp.a(alt_irq_vars.o)
                0x000000000000d000                alt_priority_mask
 .sdata         0x000000000000d004        0x8 hal_bsp//libhal_bsp.a(alt_tick.o)
                0x000000000000d004                alt_alarm_list
 *(.sdata2 .sdata2.* .gnu.linkonce.s2.*)
                0x000000000000d00c                . = ALIGN (0x4)
                0x000000000000d00c                _edata = ABSOLUTE (.)
                [!provide]                        PROVIDE (edata, ABSOLUTE (.))
                0x000000000000d00c                PROVIDE (__ram_rwdata_end, ABSOLUTE (.))
                0x000000000000d00c                PROVIDE (__flash_rwdata_start, LOADADDR (.rwdata))

.bss            0x000000000000da70      0x160
                0x000000000000da70                __bss_start = ABSOLUTE (.)
                [!provide]                        PROVIDE (__sbss_start, ABSOLUTE (.))
                [!provide]                        PROVIDE (___sbss_start, ABSOLUTE (.))
 *(.dynsbss)
 *(.sbss .sbss.* .gnu.linkonce.sb.*)
 .sbss.__malloc_max_total_mem
                0x000000000000da70        0x4 /home/wintermute/altera/16.0/nios2eds/bin/gnu/H-x86_64-pc-linux-gnu/bin/../lib/gcc/nios2-elf/5.2.0/../../../../../H-x86_64-pc-linux-gnu/nios2-elf/lib/mno-hw-mul/libc.a(lib_a-mallocr.o)
                0x000000000000da70                __malloc_max_total_mem
 .sbss.__malloc_max_sbrked_mem
                0x000000000000da74        0x4 /home/wintermute/altera/16.0/nios2eds/bin/gnu/H-x86_64-pc-linux-gnu/bin/../lib/gcc/nios2-elf/5.2.0/../../../../../H-x86_64-pc-linux-gnu/nios2-elf/lib/mno-hw-mul/libc.a(lib_a-mallocr.o)
                0x000000000000da74                __malloc_max_sbrked_mem
 .sbss.__malloc_top_pad
                0x000000000000da78        0x4 /home/wintermute/altera/16.0/nios2eds/bin/gnu/H-x86_64-pc-linux-gnu/bin/../lib/gcc/nios2-elf/5.2.0/../../../../../H-x86_64-pc-linux-gnu/nios2-elf/lib/mno-hw-mul/libc.a(lib_a-mallocr.o)
                0x000000000000da78                __malloc_top_pad
 .sbss          0x000000000000da7c        0x4 /home/wintermute/altera/16.0/nios2eds/bin/gnu/H-x86_64-pc-linux-gnu/bin/../lib/gcc/nios2-elf/5.2.0/../../../../../H-x86_64-pc-linux-gnu/nios2-elf/lib/mno-hw-mul/libc.a(lib_a-int_errno.o)
                0x000000000000da7c                errno
 .sbss          0x000000000000da80        0xc hal_bsp//libhal_bsp.a(alt_main.o)
                0x000000000000da80                alt_envp
                0x000000000000da84                alt_argv
                0x000000000000da88                alt_argc
 .sbss          0x000000000000da8c        0x4 hal_bsp//libhal_bsp.a(alt_irq_vars.o)
                0x000000000000da8c                alt_irq_active
 .sbss          0x000000000000da90        0x8 hal_bsp//libhal_bsp.a(alt_tick.o)
                0x000000000000da90                _alt_nticks
                0x000000000000da94                _alt_tick_rate
 .sbss          0x000000000000da98        0x4 hal_bsp//libhal_bsp.a(alt_instruction_exception_entry.o)
                0x000000000000da98                alt_instruction_exception_handler
 *(.sbss2 .sbss2.* .gnu.linkonce.sb2.*)
 *(.scommon)
                [!provide]                        PROVIDE (__sbss_end, ABSOLUTE (.))
                [!provide]                        PROVIDE (___sbss_end, ABSOLUTE (.))
 *(.dynbss)
 *(.bss .bss.* .gnu.linkonce.b.*)
 .bss           0x000000000000da9c        0x0 hal_bsp//obj/HAL/src/crt0.o
 .bss           0x000000000000da9c        0x0 obj/default/main.o
 .bss           0x000000000000da9c        0x9 obj/default/small_printing.o
 .bss           0x000000000000daa5        0x0 /home/wintermute/altera/16.0/nios2eds/bin/gnu/H-x86_64-pc-linux-gnu/bin/../lib/gcc/nios2-elf/5.2.0/mno-hw-mul/libgcc.a(lib2-divmod.o)
 .bss           0x000000000000daa5        0x0 /home/wintermute/altera/16.0/nios2eds/bin/gnu/H-x86_64-pc-linux-gnu/bin/../lib/gcc/nios2-elf/5.2.0/../../../../../H-x86_64-pc-linux-gnu/nios2-elf/lib/mno-hw-mul/libc.a(lib_a-getc.o)
 .bss           0x000000000000daa5        0x0 /home/wintermute/altera/16.0/nios2eds/bin/gnu/H-x86_64-pc-linux-gnu/bin/../lib/gcc/nios2-elf/5.2.0/../../../../../H-x86_64-pc-linux-gnu/nios2-elf/lib/mno-hw-mul/libc.a(lib_a-impure.o)
 .bss           0x000000000000daa5        0x0 /home/wintermute/altera/16.0/nios2eds/bin/gnu/H-x86_64-pc-linux-gnu/bin/../lib/gcc/nios2-elf/5.2.0/../../../../../H-x86_64-pc-linux-gnu/nios2-elf/lib/mno-hw-mul/libc.a(lib_a-rget.o)
 .bss           0x000000000000daa5        0x0 /home/wintermute/altera/16.0/nios2eds/bin/gnu/H-x86_64-pc-linux-gnu/bin/../lib/gcc/nios2-elf/5.2.0/../../../../../H-x86_64-pc-linux-gnu/nios2-elf/lib/mno-hw-mul/libc.a(lib_a-findfp.o)
 .bss           0x000000000000daa5        0x0 /home/wintermute/altera/16.0/nios2eds/bin/gnu/H-x86_64-pc-linux-gnu/bin/../lib/gcc/nios2-elf/5.2.0/../../../../../H-x86_64-pc-linux-gnu/nios2-elf/lib/mno-hw-mul/libc.a(lib_a-fwalk.o)
 .bss           0x000000000000daa5        0x0 /home/wintermute/altera/16.0/nios2eds/bin/gnu/H-x86_64-pc-linux-gnu/bin/../lib/gcc/nios2-elf/5.2.0/../../../../../H-x86_64-pc-linux-gnu/nios2-elf/lib/mno-hw-mul/libc.a(lib_a-mallocr.o)
 *fill*         0x000000000000daa5        0x3 
 .bss.__malloc_current_mallinfo
                0x000000000000daa8       0x28 /home/wintermute/altera/16.0/nios2eds/bin/gnu/H-x86_64-pc-linux-gnu/bin/../lib/gcc/nios2-elf/5.2.0/../../../../../H-x86_64-pc-linux-gnu/nios2-elf/lib/mno-hw-mul/libc.a(lib_a-mallocr.o)
                0x000000000000daa8                __malloc_current_mallinfo
 .bss           0x000000000000dad0        0x0 /home/wintermute/altera/16.0/nios2eds/bin/gnu/H-x86_64-pc-linux-gnu/bin/../lib/gcc/nios2-elf/5.2.0/../../../../../H-x86_64-pc-linux-gnu/nios2-elf/lib/mno-hw-mul/libc.a(lib_a-memset.o)
 .bss           0x000000000000dad0        0x0 /home/wintermute/altera/16.0/nios2eds/bin/gnu/H-x86_64-pc-linux-gnu/bin/../lib/gcc/nios2-elf/5.2.0/../../../../../H-x86_64-pc-linux-gnu/nios2-elf/lib/mno-hw-mul/libc.a(lib_a-refill.o)
 .bss           0x000000000000dad0        0x0 /home/wintermute/altera/16.0/nios2eds/bin/gnu/H-x86_64-pc-linux-gnu/bin/../lib/gcc/nios2-elf/5.2.0/../../../../../H-x86_64-pc-linux-gnu/nios2-elf/lib/mno-hw-mul/libc.a(lib_a-sbrkr.o)
 .bss           0x000000000000dad0        0x0 /home/wintermute/altera/16.0/nios2eds/bin/gnu/H-x86_64-pc-linux-gnu/bin/../lib/gcc/nios2-elf/5.2.0/../../../../../H-x86_64-pc-linux-gnu/nios2-elf/lib/mno-hw-mul/libc.a(lib_a-stdio.o)
 .bss           0x000000000000dad0        0x0 /home/wintermute/altera/16.0/nios2eds/bin/gnu/H-x86_64-pc-linux-gnu/bin/../lib/gcc/nios2-elf/5.2.0/../../../../../H-x86_64-pc-linux-gnu/nios2-elf/lib/mno-hw-mul/libc.a(lib_a-writer.o)
 .bss           0x000000000000dad0        0x0 /home/wintermute/altera/16.0/nios2eds/bin/gnu/H-x86_64-pc-linux-gnu/bin/../lib/gcc/nios2-elf/5.2.0/../../../../../H-x86_64-pc-linux-gnu/nios2-elf/lib/mno-hw-mul/libc.a(closer.o)
 .bss           0x000000000000dad0        0x0 /home/wintermute/altera/16.0/nios2eds/bin/gnu/H-x86_64-pc-linux-gnu/bin/../lib/gcc/nios2-elf/5.2.0/../../../../../H-x86_64-pc-linux-gnu/nios2-elf/lib/mno-hw-mul/libc.a(lib_a-fclose.o)
 .bss           0x000000000000dad0        0x0 /home/wintermute/altera/16.0/nios2eds/bin/gnu/H-x86_64-pc-linux-gnu/bin/../lib/gcc/nios2-elf/5.2.0/../../../../../H-x86_64-pc-linux-gnu/nios2-elf/lib/mno-hw-mul/libc.a(lib_a-fflush.o)
 .bss           0x000000000000dad0        0x0 /home/wintermute/altera/16.0/nios2eds/bin/gnu/H-x86_64-pc-linux-gnu/bin/../lib/gcc/nios2-elf/5.2.0/../../../../../H-x86_64-pc-linux-gnu/nios2-elf/lib/mno-hw-mul/libc.a(lib_a-freer.o)
 .bss           0x000000000000dad0        0x0 /home/wintermute/altera/16.0/nios2eds/bin/gnu/H-x86_64-pc-linux-gnu/bin/../lib/gcc/nios2-elf/5.2.0/../../../../../H-x86_64-pc-linux-gnu/nios2-elf/lib/mno-hw-mul/libc.a(lib_a-int_errno.o)
 .bss           0x000000000000dad0        0x0 /home/wintermute/altera/16.0/nios2eds/bin/gnu/H-x86_64-pc-linux-gnu/bin/../lib/gcc/nios2-elf/5.2.0/../../../../../H-x86_64-pc-linux-gnu/nios2-elf/lib/mno-hw-mul/libc.a(lib_a-lseekr.o)
 .bss           0x000000000000dad0        0x0 /home/wintermute/altera/16.0/nios2eds/bin/gnu/H-x86_64-pc-linux-gnu/bin/../lib/gcc/nios2-elf/5.2.0/../../../../../H-x86_64-pc-linux-gnu/nios2-elf/lib/mno-hw-mul/libc.a(lib_a-makebuf.o)
 .bss           0x000000000000dad0        0x0 /home/wintermute/altera/16.0/nios2eds/bin/gnu/H-x86_64-pc-linux-gnu/bin/../lib/gcc/nios2-elf/5.2.0/../../../../../H-x86_64-pc-linux-gnu/nios2-elf/lib/mno-hw-mul/libc.a(lib_a-readr.o)
 .bss           0x000000000000dad0        0x0 /home/wintermute/altera/16.0/nios2eds/bin/gnu/H-x86_64-pc-linux-gnu/bin/../lib/gcc/nios2-elf/5.2.0/../../../../../H-x86_64-pc-linux-gnu/nios2-elf/lib/mno-hw-mul/libc.a(lib_a-fstatr.o)
 .bss           0x000000000000dad0        0x0 /home/wintermute/altera/16.0/nios2eds/bin/gnu/H-x86_64-pc-linux-gnu/bin/../lib/gcc/nios2-elf/5.2.0/../../../../../H-x86_64-pc-linux-gnu/nios2-elf/lib/mno-hw-mul/libc.a(lib_a-isattyr.o)
 .bss           0x000000000000dad0        0x0 /home/wintermute/altera/16.0/nios2eds/bin/gnu/H-x86_64-pc-linux-gnu/bin/../lib/gcc/nios2-elf/5.2.0/mno-hw-mul/libgcc.a(lib2-mul.o)
 .bss           0x000000000000dad0        0x0 hal_bsp//libhal_bsp.a(alt_close.o)
 .bss           0x000000000000dad0        0x0 hal_bsp//libhal_bsp.a(alt_dev.o)
 .bss           0x000000000000dad0        0x0 hal_bsp//libhal_bsp.a(alt_errno.o)
 .bss           0x000000000000dad0        0x0 hal_bsp//libhal_bsp.a(alt_fstat.o)
 .bss           0x000000000000dad0        0x0 hal_bsp//libhal_bsp.a(alt_isatty.o)
 .bss           0x000000000000dad0        0x0 hal_bsp//libhal_bsp.a(alt_load.o)
 .bss           0x000000000000dad0        0x0 hal_bsp//libhal_bsp.a(alt_lseek.o)
 .bss           0x000000000000dad0        0x0 hal_bsp//libhal_bsp.a(alt_main.o)
 .bss           0x000000000000dad0        0x0 hal_bsp//libhal_bsp.a(alt_malloc_lock.o)
 .bss           0x000000000000dad0        0x0 hal_bsp//libhal_bsp.a(alt_read.o)
 .bss           0x000000000000dad0        0x0 hal_bsp//libhal_bsp.a(alt_release_fd.o)
 .bss           0x000000000000dad0        0x0 hal_bsp//libhal_bsp.a(alt_sbrk.o)
 .bss           0x000000000000dad0        0x0 hal_bsp//libhal_bsp.a(alt_write.o)
 .bss           0x000000000000dad0        0x0 hal_bsp//libhal_bsp.a(alt_sys_init.o)
 .bss           0x000000000000dad0        0x0 hal_bsp//libhal_bsp.a(altera_avalon_jtag_uart_fd.o)
 .bss           0x000000000000dad0        0x0 hal_bsp//libhal_bsp.a(altera_avalon_jtag_uart_read.o)
 .bss           0x000000000000dad0        0x0 hal_bsp//libhal_bsp.a(altera_avalon_jtag_uart_write.o)
 .bss           0x000000000000dad0        0x0 hal_bsp//libhal_bsp.a(altera_avalon_timer_sc.o)
 .bss           0x000000000000dad0        0x0 hal_bsp//libhal_bsp.a(altera_avalon_uart_fd.o)
 .bss           0x000000000000dad0        0x0 hal_bsp//libhal_bsp.a(altera_avalon_uart_read.o)
 .bss           0x000000000000dad0        0x0 hal_bsp//libhal_bsp.a(altera_avalon_uart_write.o)
 .bss           0x000000000000dad0        0x0 hal_bsp//libhal_bsp.a(alt_dcache_flush_all.o)
 .bss           0x000000000000dad0        0x0 hal_bsp//libhal_bsp.a(alt_dev_llist_insert.o)
 .bss           0x000000000000dad0        0x0 hal_bsp//libhal_bsp.a(alt_do_ctors.o)
 .bss           0x000000000000dad0        0x0 hal_bsp//libhal_bsp.a(alt_do_dtors.o)
 .bss           0x000000000000dad0        0x0 hal_bsp//libhal_bsp.a(alt_icache_flush_all.o)
 .bss           0x000000000000dad0        0x0 hal_bsp//libhal_bsp.a(alt_iic.o)
 .bss           0x000000000000dad0        0x0 hal_bsp//libhal_bsp.a(alt_iic_isr_register.o)
 .bss           0x000000000000dad0        0x0 hal_bsp//libhal_bsp.a(alt_io_redirect.o)
 .bss           0x000000000000dad0        0x0 hal_bsp//libhal_bsp.a(alt_irq_entry.o)
 .bss           0x000000000000dad0        0x0 hal_bsp//libhal_bsp.a(alt_irq_handler.o)
 .bss           0x000000000000dad0        0x0 hal_bsp//libhal_bsp.a(alt_irq_vars.o)
 .bss           0x000000000000dad0        0x0 hal_bsp//libhal_bsp.a(alt_open.o)
 .bss           0x000000000000dad0        0x0 hal_bsp//libhal_bsp.a(alt_tick.o)
 .bss           0x000000000000dad0        0x0 hal_bsp//libhal_bsp.a(altera_nios2_gen2_irq.o)
 .bss           0x000000000000dad0        0x0 hal_bsp//libhal_bsp.a(alt_exception_entry.o)
 .bss           0x000000000000dad0        0x0 hal_bsp//libhal_bsp.a(alt_find_dev.o)
 .bss           0x000000000000dad0        0x0 hal_bsp//libhal_bsp.a(alt_find_file.o)
 .bss           0x000000000000dad0        0x0 hal_bsp//libhal_bsp.a(alt_get_fd.o)
 .bss           0x000000000000dad0        0x0 hal_bsp//libhal_bsp.a(alt_instruction_exception_entry.o)
 .bss           0x000000000000dad0        0x0 /home/wintermute/altera/16.0/nios2eds/bin/gnu/H-x86_64-pc-linux-gnu/bin/../lib/gcc/nios2-elf/5.2.0/../../../../../H-x86_64-pc-linux-gnu/nios2-elf/lib/mno-hw-mul/libc.a(lib_a-atexit.o)
 .bss           0x000000000000dad0        0x0 /home/wintermute/altera/16.0/nios2eds/bin/gnu/H-x86_64-pc-linux-gnu/bin/../lib/gcc/nios2-elf/5.2.0/../../../../../H-x86_64-pc-linux-gnu/nios2-elf/lib/mno-hw-mul/libc.a(lib_a-exit.o)
 .bss           0x000000000000dad0        0x0 /home/wintermute/altera/16.0/nios2eds/bin/gnu/H-x86_64-pc-linux-gnu/bin/../lib/gcc/nios2-elf/5.2.0/../../../../../H-x86_64-pc-linux-gnu/nios2-elf/lib/mno-hw-mul/libc.a(lib_a-memcmp.o)
 .bss           0x000000000000dad0        0x0 /home/wintermute/altera/16.0/nios2eds/bin/gnu/H-x86_64-pc-linux-gnu/bin/../lib/gcc/nios2-elf/5.2.0/../../../../../H-x86_64-pc-linux-gnu/nios2-elf/lib/mno-hw-mul/libc.a(lib_a-strlen.o)
 .bss           0x000000000000dad0        0x0 /home/wintermute/altera/16.0/nios2eds/bin/gnu/H-x86_64-pc-linux-gnu/bin/../lib/gcc/nios2-elf/5.2.0/../../../../../H-x86_64-pc-linux-gnu/nios2-elf/lib/mno-hw-mul/libc.a(lib_a-__atexit.o)
 .bss           0x000000000000dad0        0x0 /home/wintermute/altera/16.0/nios2eds/bin/gnu/H-x86_64-pc-linux-gnu/bin/../lib/gcc/nios2-elf/5.2.0/../../../../../H-x86_64-pc-linux-gnu/nios2-elf/lib/mno-hw-mul/libc.a(lib_a-__call_atexit.o)
 .bss           0x000000000000dad0        0x0 hal_bsp//libhal_bsp.a(alt_exit.o)
 *(COMMON)
 COMMON         0x000000000000dad0      0x100 hal_bsp//libhal_bsp.a(alt_irq_handler.o)
                0x000000000000dad0                alt_irq
                0x000000000000dbd0                . = ALIGN (0x4)
                0x000000000000dbd0                __bss_end = ABSOLUTE (.)

.onchip_memory2_0
                0x000000000000dbd0        0x0
                [!provide]                        PROVIDE (_alt_partition_onchip_memory2_0_start, ABSOLUTE (.))
 *(.onchip_memory2_0 .onchip_memory2_0. onchip_memory2_0.*)
                0x000000000000dbd0                . = ALIGN (0x4)
                [!provide]                        PROVIDE (_alt_partition_onchip_memory2_0_end, ABSOLUTE (.))
                0x000000000000dbd0                _end = ABSOLUTE (.)
                0x000000000000dbd0                end = ABSOLUTE (.)
                0x000000000000dbd0                __alt_stack_base = ABSOLUTE (.)
                [!provide]                        PROVIDE (_alt_partition_onchip_memory2_0_load_addr, LOADADDR (.onchip_memory2_0))

.stab
 *(.stab)

.stabstr
 *(.stabstr)

.stab.excl
 *(.stab.excl)

.stab.exclstr
 *(.stab.exclstr)

.stab.index
 *(.stab.index)

.stab.indexstr
 *(.stab.indexstr)

.comment        0x0000000000000000       0x23
 *(.comment)
 .comment       0x0000000000000000       0x23 obj/default/main.o
                                         0x24 (size before relaxing)
 .comment       0x0000000000000023       0x24 obj/default/small_printing.o
 .comment       0x0000000000000023       0x24 /home/wintermute/altera/16.0/nios2eds/bin/gnu/H-x86_64-pc-linux-gnu/bin/../lib/gcc/nios2-elf/5.2.0/mno-hw-mul/libgcc.a(lib2-divmod.o)
 .comment       0x0000000000000023       0x24 /home/wintermute/altera/16.0/nios2eds/bin/gnu/H-x86_64-pc-linux-gnu/bin/../lib/gcc/nios2-elf/5.2.0/../../../../../H-x86_64-pc-linux-gnu/nios2-elf/lib/mno-hw-mul/libc.a(lib_a-getc.o)
 .comment       0x0000000000000023       0x24 /home/wintermute/altera/16.0/nios2eds/bin/gnu/H-x86_64-pc-linux-gnu/bin/../lib/gcc/nios2-elf/5.2.0/../../../../../H-x86_64-pc-linux-gnu/nios2-elf/lib/mno-hw-mul/libc.a(lib_a-impure.o)
 .comment       0x0000000000000023       0x24 /home/wintermute/altera/16.0/nios2eds/bin/gnu/H-x86_64-pc-linux-gnu/bin/../lib/gcc/nios2-elf/5.2.0/../../../../../H-x86_64-pc-linux-gnu/nios2-elf/lib/mno-hw-mul/libc.a(lib_a-rget.o)
 .comment       0x0000000000000023       0x24 /home/wintermute/altera/16.0/nios2eds/bin/gnu/H-x86_64-pc-linux-gnu/bin/../lib/gcc/nios2-elf/5.2.0/../../../../../H-x86_64-pc-linux-gnu/nios2-elf/lib/mno-hw-mul/libc.a(lib_a-findfp.o)
 .comment       0x0000000000000023       0x24 /home/wintermute/altera/16.0/nios2eds/bin/gnu/H-x86_64-pc-linux-gnu/bin/../lib/gcc/nios2-elf/5.2.0/../../../../../H-x86_64-pc-linux-gnu/nios2-elf/lib/mno-hw-mul/libc.a(lib_a-fwalk.o)
 .comment       0x0000000000000023       0x24 /home/wintermute/altera/16.0/nios2eds/bin/gnu/H-x86_64-pc-linux-gnu/bin/../lib/gcc/nios2-elf/5.2.0/../../../../../H-x86_64-pc-linux-gnu/nios2-elf/lib/mno-hw-mul/libc.a(lib_a-mallocr.o)
 .comment       0x0000000000000023       0x24 /home/wintermute/altera/16.0/nios2eds/bin/gnu/H-x86_64-pc-linux-gnu/bin/../lib/gcc/nios2-elf/5.2.0/../../../../../H-x86_64-pc-linux-gnu/nios2-elf/lib/mno-hw-mul/libc.a(lib_a-memset.o)
 .comment       0x0000000000000023       0x24 /home/wintermute/altera/16.0/nios2eds/bin/gnu/H-x86_64-pc-linux-gnu/bin/../lib/gcc/nios2-elf/5.2.0/../../../../../H-x86_64-pc-linux-gnu/nios2-elf/lib/mno-hw-mul/libc.a(lib_a-refill.o)
 .comment       0x0000000000000023       0x24 /home/wintermute/altera/16.0/nios2eds/bin/gnu/H-x86_64-pc-linux-gnu/bin/../lib/gcc/nios2-elf/5.2.0/../../../../../H-x86_64-pc-linux-gnu/nios2-elf/lib/mno-hw-mul/libc.a(lib_a-sbrkr.o)
 .comment       0x0000000000000023       0x24 /home/wintermute/altera/16.0/nios2eds/bin/gnu/H-x86_64-pc-linux-gnu/bin/../lib/gcc/nios2-elf/5.2.0/../../../../../H-x86_64-pc-linux-gnu/nios2-elf/lib/mno-hw-mul/libc.a(lib_a-stdio.o)
 .comment       0x0000000000000023       0x24 /home/wintermute/altera/16.0/nios2eds/bin/gnu/H-x86_64-pc-linux-gnu/bin/../lib/gcc/nios2-elf/5.2.0/../../../../../H-x86_64-pc-linux-gnu/nios2-elf/lib/mno-hw-mul/libc.a(lib_a-writer.o)
 .comment       0x0000000000000023       0x24 /home/wintermute/altera/16.0/nios2eds/bin/gnu/H-x86_64-pc-linux-gnu/bin/../lib/gcc/nios2-elf/5.2.0/../../../../../H-x86_64-pc-linux-gnu/nios2-elf/lib/mno-hw-mul/libc.a(closer.o)
 .comment       0x0000000000000023       0x24 /home/wintermute/altera/16.0/nios2eds/bin/gnu/H-x86_64-pc-linux-gnu/bin/../lib/gcc/nios2-elf/5.2.0/../../../../../H-x86_64-pc-linux-gnu/nios2-elf/lib/mno-hw-mul/libc.a(lib_a-fclose.o)
 .comment       0x0000000000000023       0x24 /home/wintermute/altera/16.0/nios2eds/bin/gnu/H-x86_64-pc-linux-gnu/bin/../lib/gcc/nios2-elf/5.2.0/../../../../../H-x86_64-pc-linux-gnu/nios2-elf/lib/mno-hw-mul/libc.a(lib_a-fflush.o)
 .comment       0x0000000000000023       0x24 /home/wintermute/altera/16.0/nios2eds/bin/gnu/H-x86_64-pc-linux-gnu/bin/../lib/gcc/nios2-elf/5.2.0/../../../../../H-x86_64-pc-linux-gnu/nios2-elf/lib/mno-hw-mul/libc.a(lib_a-freer.o)
 .comment       0x0000000000000023       0x24 /home/wintermute/altera/16.0/nios2eds/bin/gnu/H-x86_64-pc-linux-gnu/bin/../lib/gcc/nios2-elf/5.2.0/../../../../../H-x86_64-pc-linux-gnu/nios2-elf/lib/mno-hw-mul/libc.a(lib_a-int_errno.o)
 .comment       0x0000000000000023       0x24 /home/wintermute/altera/16.0/nios2eds/bin/gnu/H-x86_64-pc-linux-gnu/bin/../lib/gcc/nios2-elf/5.2.0/../../../../../H-x86_64-pc-linux-gnu/nios2-elf/lib/mno-hw-mul/libc.a(lib_a-lseekr.o)
 .comment       0x0000000000000023       0x24 /home/wintermute/altera/16.0/nios2eds/bin/gnu/H-x86_64-pc-linux-gnu/bin/../lib/gcc/nios2-elf/5.2.0/../../../../../H-x86_64-pc-linux-gnu/nios2-elf/lib/mno-hw-mul/libc.a(lib_a-makebuf.o)
 .comment       0x0000000000000023       0x24 /home/wintermute/altera/16.0/nios2eds/bin/gnu/H-x86_64-pc-linux-gnu/bin/../lib/gcc/nios2-elf/5.2.0/../../../../../H-x86_64-pc-linux-gnu/nios2-elf/lib/mno-hw-mul/libc.a(lib_a-readr.o)
 .comment       0x0000000000000023       0x24 /home/wintermute/altera/16.0/nios2eds/bin/gnu/H-x86_64-pc-linux-gnu/bin/../lib/gcc/nios2-elf/5.2.0/../../../../../H-x86_64-pc-linux-gnu/nios2-elf/lib/mno-hw-mul/libc.a(lib_a-fstatr.o)
 .comment       0x0000000000000023       0x24 /home/wintermute/altera/16.0/nios2eds/bin/gnu/H-x86_64-pc-linux-gnu/bin/../lib/gcc/nios2-elf/5.2.0/../../../../../H-x86_64-pc-linux-gnu/nios2-elf/lib/mno-hw-mul/libc.a(lib_a-isattyr.o)
 .comment       0x0000000000000023       0x24 /home/wintermute/altera/16.0/nios2eds/bin/gnu/H-x86_64-pc-linux-gnu/bin/../lib/gcc/nios2-elf/5.2.0/mno-hw-mul/libgcc.a(lib2-mul.o)
 .comment       0x0000000000000023       0x24 hal_bsp//libhal_bsp.a(alt_close.o)
 .comment       0x0000000000000023       0x24 hal_bsp//libhal_bsp.a(alt_dev.o)
 .comment       0x0000000000000023       0x24 hal_bsp//libhal_bsp.a(alt_errno.o)
 .comment       0x0000000000000023       0x24 hal_bsp//libhal_bsp.a(alt_fstat.o)
 .comment       0x0000000000000023       0x24 hal_bsp//libhal_bsp.a(alt_isatty.o)
 .comment       0x0000000000000023       0x24 hal_bsp//libhal_bsp.a(alt_load.o)
 .comment       0x0000000000000023       0x24 hal_bsp//libhal_bsp.a(alt_lseek.o)
 .comment       0x0000000000000023       0x24 hal_bsp//libhal_bsp.a(alt_main.o)
 .comment       0x0000000000000023       0x24 hal_bsp//libhal_bsp.a(alt_malloc_lock.o)
 .comment       0x0000000000000023       0x24 hal_bsp//libhal_bsp.a(alt_read.o)
 .comment       0x0000000000000023       0x24 hal_bsp//libhal_bsp.a(alt_release_fd.o)
 .comment       0x0000000000000023       0x24 hal_bsp//libhal_bsp.a(alt_sbrk.o)
 .comment       0x0000000000000023       0x24 hal_bsp//libhal_bsp.a(alt_write.o)
 .comment       0x0000000000000023       0x24 hal_bsp//libhal_bsp.a(alt_sys_init.o)
 .comment       0x0000000000000023       0x24 hal_bsp//libhal_bsp.a(altera_avalon_jtag_uart_fd.o)
 .comment       0x0000000000000023       0x24 hal_bsp//libhal_bsp.a(altera_avalon_jtag_uart_read.o)
 .comment       0x0000000000000023       0x24 hal_bsp//libhal_bsp.a(altera_avalon_jtag_uart_write.o)
 .comment       0x0000000000000023       0x24 hal_bsp//libhal_bsp.a(altera_avalon_timer_sc.o)
 .comment       0x0000000000000023       0x24 hal_bsp//libhal_bsp.a(altera_avalon_uart_fd.o)
 .comment       0x0000000000000023       0x24 hal_bsp//libhal_bsp.a(altera_avalon_uart_read.o)
 .comment       0x0000000000000023       0x24 hal_bsp//libhal_bsp.a(altera_avalon_uart_write.o)
 .comment       0x0000000000000023       0x24 hal_bsp//libhal_bsp.a(alt_dcache_flush_all.o)
 .comment       0x0000000000000023       0x24 hal_bsp//libhal_bsp.a(alt_dev_llist_insert.o)
 .comment       0x0000000000000023       0x24 hal_bsp//libhal_bsp.a(alt_do_ctors.o)
 .comment       0x0000000000000023       0x24 hal_bsp//libhal_bsp.a(alt_do_dtors.o)
 .comment       0x0000000000000023       0x24 hal_bsp//libhal_bsp.a(alt_icache_flush_all.o)
 .comment       0x0000000000000023       0x24 hal_bsp//libhal_bsp.a(alt_iic.o)
 .comment       0x0000000000000023       0x24 hal_bsp//libhal_bsp.a(alt_iic_isr_register.o)
 .comment       0x0000000000000023       0x24 hal_bsp//libhal_bsp.a(alt_io_redirect.o)
 .comment       0x0000000000000023       0x24 hal_bsp//libhal_bsp.a(alt_irq_handler.o)
 .comment       0x0000000000000023       0x24 hal_bsp//libhal_bsp.a(alt_irq_vars.o)
 .comment       0x0000000000000023       0x24 hal_bsp//libhal_bsp.a(alt_open.o)
 .comment       0x0000000000000023       0x24 hal_bsp//libhal_bsp.a(alt_tick.o)
 .comment       0x0000000000000023       0x24 hal_bsp//libhal_bsp.a(altera_nios2_gen2_irq.o)
 .comment       0x0000000000000023       0x24 hal_bsp//libhal_bsp.a(alt_find_dev.o)
 .comment       0x0000000000000023       0x24 hal_bsp//libhal_bsp.a(alt_find_file.o)
 .comment       0x0000000000000023       0x24 hal_bsp//libhal_bsp.a(alt_get_fd.o)
 .comment       0x0000000000000023       0x24 hal_bsp//libhal_bsp.a(alt_instruction_exception_entry.o)
 .comment       0x0000000000000023       0x24 /home/wintermute/altera/16.0/nios2eds/bin/gnu/H-x86_64-pc-linux-gnu/bin/../lib/gcc/nios2-elf/5.2.0/../../../../../H-x86_64-pc-linux-gnu/nios2-elf/lib/mno-hw-mul/libc.a(lib_a-atexit.o)
 .comment       0x0000000000000023       0x24 /home/wintermute/altera/16.0/nios2eds/bin/gnu/H-x86_64-pc-linux-gnu/bin/../lib/gcc/nios2-elf/5.2.0/../../../../../H-x86_64-pc-linux-gnu/nios2-elf/lib/mno-hw-mul/libc.a(lib_a-exit.o)
 .comment       0x0000000000000023       0x24 /home/wintermute/altera/16.0/nios2eds/bin/gnu/H-x86_64-pc-linux-gnu/bin/../lib/gcc/nios2-elf/5.2.0/../../../../../H-x86_64-pc-linux-gnu/nios2-elf/lib/mno-hw-mul/libc.a(lib_a-memcmp.o)
 .comment       0x0000000000000023       0x24 /home/wintermute/altera/16.0/nios2eds/bin/gnu/H-x86_64-pc-linux-gnu/bin/../lib/gcc/nios2-elf/5.2.0/../../../../../H-x86_64-pc-linux-gnu/nios2-elf/lib/mno-hw-mul/libc.a(lib_a-strlen.o)
 .comment       0x0000000000000023       0x24 /home/wintermute/altera/16.0/nios2eds/bin/gnu/H-x86_64-pc-linux-gnu/bin/../lib/gcc/nios2-elf/5.2.0/../../../../../H-x86_64-pc-linux-gnu/nios2-elf/lib/mno-hw-mul/libc.a(lib_a-__atexit.o)
 .comment       0x0000000000000023       0x24 /home/wintermute/altera/16.0/nios2eds/bin/gnu/H-x86_64-pc-linux-gnu/bin/../lib/gcc/nios2-elf/5.2.0/../../../../../H-x86_64-pc-linux-gnu/nios2-elf/lib/mno-hw-mul/libc.a(lib_a-__call_atexit.o)
 .comment       0x0000000000000023       0x24 hal_bsp//libhal_bsp.a(alt_exit.o)

.debug
 *(.debug)

.line
 *(.line)

.debug_srcinfo
 *(.debug_srcinfo)

.debug_sfnames
 *(.debug_sfnames)

.debug_aranges  0x0000000000000000      0x9e0
 *(.debug_aranges)
 .debug_aranges
                0x0000000000000000       0x28 hal_bsp//obj/HAL/src/crt0.o
 .debug_aranges
                0x0000000000000028       0x20 obj/default/main.o
 .debug_aranges
                0x0000000000000048       0x20 obj/default/small_printing.o
 .debug_aranges
                0x0000000000000068       0x20 /home/wintermute/altera/16.0/nios2eds/bin/gnu/H-x86_64-pc-linux-gnu/bin/../lib/gcc/nios2-elf/5.2.0/mno-hw-mul/libgcc.a(lib2-divmod.o)
 .debug_aranges
                0x0000000000000088       0x28 /home/wintermute/altera/16.0/nios2eds/bin/gnu/H-x86_64-pc-linux-gnu/bin/../lib/gcc/nios2-elf/5.2.0/../../../../../H-x86_64-pc-linux-gnu/nios2-elf/lib/mno-hw-mul/libc.a(lib_a-getc.o)
 .debug_aranges
                0x00000000000000b0       0x18 /home/wintermute/altera/16.0/nios2eds/bin/gnu/H-x86_64-pc-linux-gnu/bin/../lib/gcc/nios2-elf/5.2.0/../../../../../H-x86_64-pc-linux-gnu/nios2-elf/lib/mno-hw-mul/libc.a(lib_a-impure.o)
 .debug_aranges
                0x00000000000000c8       0x28 /home/wintermute/altera/16.0/nios2eds/bin/gnu/H-x86_64-pc-linux-gnu/bin/../lib/gcc/nios2-elf/5.2.0/../../../../../H-x86_64-pc-linux-gnu/nios2-elf/lib/mno-hw-mul/libc.a(lib_a-rget.o)
 .debug_aranges
                0x00000000000000f0       0x68 /home/wintermute/altera/16.0/nios2eds/bin/gnu/H-x86_64-pc-linux-gnu/bin/../lib/gcc/nios2-elf/5.2.0/../../../../../H-x86_64-pc-linux-gnu/nios2-elf/lib/mno-hw-mul/libc.a(lib_a-findfp.o)
 .debug_aranges
                0x0000000000000158       0x28 /home/wintermute/altera/16.0/nios2eds/bin/gnu/H-x86_64-pc-linux-gnu/bin/../lib/gcc/nios2-elf/5.2.0/../../../../../H-x86_64-pc-linux-gnu/nios2-elf/lib/mno-hw-mul/libc.a(lib_a-fwalk.o)
 .debug_aranges
                0x0000000000000180       0x20 /home/wintermute/altera/16.0/nios2eds/bin/gnu/H-x86_64-pc-linux-gnu/bin/../lib/gcc/nios2-elf/5.2.0/../../../../../H-x86_64-pc-linux-gnu/nios2-elf/lib/mno-hw-mul/libc.a(lib_a-mallocr.o)
 .debug_aranges
                0x00000000000001a0       0x20 /home/wintermute/altera/16.0/nios2eds/bin/gnu/H-x86_64-pc-linux-gnu/bin/../lib/gcc/nios2-elf/5.2.0/../../../../../H-x86_64-pc-linux-gnu/nios2-elf/lib/mno-hw-mul/libc.a(lib_a-memset.o)
 .debug_aranges
                0x00000000000001c0       0x28 /home/wintermute/altera/16.0/nios2eds/bin/gnu/H-x86_64-pc-linux-gnu/bin/../lib/gcc/nios2-elf/5.2.0/../../../../../H-x86_64-pc-linux-gnu/nios2-elf/lib/mno-hw-mul/libc.a(lib_a-refill.o)
 .debug_aranges
                0x00000000000001e8       0x20 /home/wintermute/altera/16.0/nios2eds/bin/gnu/H-x86_64-pc-linux-gnu/bin/../lib/gcc/nios2-elf/5.2.0/../../../../../H-x86_64-pc-linux-gnu/nios2-elf/lib/mno-hw-mul/libc.a(lib_a-sbrkr.o)
 .debug_aranges
                0x0000000000000208       0x40 /home/wintermute/altera/16.0/nios2eds/bin/gnu/H-x86_64-pc-linux-gnu/bin/../lib/gcc/nios2-elf/5.2.0/../../../../../H-x86_64-pc-linux-gnu/nios2-elf/lib/mno-hw-mul/libc.a(lib_a-stdio.o)
 .debug_aranges
                0x0000000000000248       0x20 /home/wintermute/altera/16.0/nios2eds/bin/gnu/H-x86_64-pc-linux-gnu/bin/../lib/gcc/nios2-elf/5.2.0/../../../../../H-x86_64-pc-linux-gnu/nios2-elf/lib/mno-hw-mul/libc.a(lib_a-writer.o)
 .debug_aranges
                0x0000000000000268       0x20 /home/wintermute/altera/16.0/nios2eds/bin/gnu/H-x86_64-pc-linux-gnu/bin/../lib/gcc/nios2-elf/5.2.0/../../../../../H-x86_64-pc-linux-gnu/nios2-elf/lib/mno-hw-mul/libc.a(closer.o)
 .debug_aranges
                0x0000000000000288       0x28 /home/wintermute/altera/16.0/nios2eds/bin/gnu/H-x86_64-pc-linux-gnu/bin/../lib/gcc/nios2-elf/5.2.0/../../../../../H-x86_64-pc-linux-gnu/nios2-elf/lib/mno-hw-mul/libc.a(lib_a-fclose.o)
 .debug_aranges
                0x00000000000002b0       0x30 /home/wintermute/altera/16.0/nios2eds/bin/gnu/H-x86_64-pc-linux-gnu/bin/../lib/gcc/nios2-elf/5.2.0/../../../../../H-x86_64-pc-linux-gnu/nios2-elf/lib/mno-hw-mul/libc.a(lib_a-fflush.o)
 .debug_aranges
                0x00000000000002e0       0x28 /home/wintermute/altera/16.0/nios2eds/bin/gnu/H-x86_64-pc-linux-gnu/bin/../lib/gcc/nios2-elf/5.2.0/../../../../../H-x86_64-pc-linux-gnu/nios2-elf/lib/mno-hw-mul/libc.a(lib_a-freer.o)
 .debug_aranges
                0x0000000000000308       0x18 /home/wintermute/altera/16.0/nios2eds/bin/gnu/H-x86_64-pc-linux-gnu/bin/../lib/gcc/nios2-elf/5.2.0/../../../../../H-x86_64-pc-linux-gnu/nios2-elf/lib/mno-hw-mul/libc.a(lib_a-int_errno.o)
 .debug_aranges
                0x0000000000000320       0x20 /home/wintermute/altera/16.0/nios2eds/bin/gnu/H-x86_64-pc-linux-gnu/bin/../lib/gcc/nios2-elf/5.2.0/../../../../../H-x86_64-pc-linux-gnu/nios2-elf/lib/mno-hw-mul/libc.a(lib_a-lseekr.o)
 .debug_aranges
                0x0000000000000340       0x20 /home/wintermute/altera/16.0/nios2eds/bin/gnu/H-x86_64-pc-linux-gnu/bin/../lib/gcc/nios2-elf/5.2.0/../../../../../H-x86_64-pc-linux-gnu/nios2-elf/lib/mno-hw-mul/libc.a(lib_a-makebuf.o)
 .debug_aranges
                0x0000000000000360       0x20 /home/wintermute/altera/16.0/nios2eds/bin/gnu/H-x86_64-pc-linux-gnu/bin/../lib/gcc/nios2-elf/5.2.0/../../../../../H-x86_64-pc-linux-gnu/nios2-elf/lib/mno-hw-mul/libc.a(lib_a-readr.o)
 .debug_aranges
                0x0000000000000380       0x20 /home/wintermute/altera/16.0/nios2eds/bin/gnu/H-x86_64-pc-linux-gnu/bin/../lib/gcc/nios2-elf/5.2.0/../../../../../H-x86_64-pc-linux-gnu/nios2-elf/lib/mno-hw-mul/libc.a(lib_a-fstatr.o)
 .debug_aranges
                0x00000000000003a0       0x20 /home/wintermute/altera/16.0/nios2eds/bin/gnu/H-x86_64-pc-linux-gnu/bin/../lib/gcc/nios2-elf/5.2.0/../../../../../H-x86_64-pc-linux-gnu/nios2-elf/lib/mno-hw-mul/libc.a(lib_a-isattyr.o)
 .debug_aranges
                0x00000000000003c0       0x20 /home/wintermute/altera/16.0/nios2eds/bin/gnu/H-x86_64-pc-linux-gnu/bin/../lib/gcc/nios2-elf/5.2.0/mno-hw-mul/libgcc.a(lib2-mul.o)
 .debug_aranges
                0x00000000000003e0       0x20 hal_bsp//libhal_bsp.a(alt_close.o)
 .debug_aranges
                0x0000000000000400       0x20 hal_bsp//libhal_bsp.a(alt_dev.o)
 .debug_aranges
                0x0000000000000420       0x18 hal_bsp//libhal_bsp.a(alt_errno.o)
 .debug_aranges
                0x0000000000000438       0x20 hal_bsp//libhal_bsp.a(alt_fstat.o)
 .debug_aranges
                0x0000000000000458       0x20 hal_bsp//libhal_bsp.a(alt_isatty.o)
 .debug_aranges
                0x0000000000000478       0x20 hal_bsp//libhal_bsp.a(alt_load.o)
 .debug_aranges
                0x0000000000000498       0x20 hal_bsp//libhal_bsp.a(alt_lseek.o)
 .debug_aranges
                0x00000000000004b8       0x20 hal_bsp//libhal_bsp.a(alt_main.o)
 .debug_aranges
                0x00000000000004d8       0x20 hal_bsp//libhal_bsp.a(alt_malloc_lock.o)
 .debug_aranges
                0x00000000000004f8       0x20 hal_bsp//libhal_bsp.a(alt_read.o)
 .debug_aranges
                0x0000000000000518       0x20 hal_bsp//libhal_bsp.a(alt_release_fd.o)
 .debug_aranges
                0x0000000000000538       0x20 hal_bsp//libhal_bsp.a(alt_sbrk.o)
 .debug_aranges
                0x0000000000000558       0x20 hal_bsp//libhal_bsp.a(alt_write.o)
 .debug_aranges
                0x0000000000000578       0x20 hal_bsp//libhal_bsp.a(alt_sys_init.o)
 .debug_aranges
                0x0000000000000598       0x20 hal_bsp//libhal_bsp.a(altera_avalon_jtag_uart_fd.o)
 .debug_aranges
                0x00000000000005b8       0x20 hal_bsp//libhal_bsp.a(altera_avalon_jtag_uart_read.o)
 .debug_aranges
                0x00000000000005d8       0x20 hal_bsp//libhal_bsp.a(altera_avalon_jtag_uart_write.o)
 .debug_aranges
                0x00000000000005f8       0x20 hal_bsp//libhal_bsp.a(altera_avalon_timer_sc.o)
 .debug_aranges
                0x0000000000000618       0x20 hal_bsp//libhal_bsp.a(altera_avalon_uart_fd.o)
 .debug_aranges
                0x0000000000000638       0x20 hal_bsp//libhal_bsp.a(altera_avalon_uart_read.o)
 .debug_aranges
                0x0000000000000658       0x20 hal_bsp//libhal_bsp.a(altera_avalon_uart_write.o)
 .debug_aranges
                0x0000000000000678       0x20 hal_bsp//libhal_bsp.a(alt_dcache_flush_all.o)
 .debug_aranges
                0x0000000000000698       0x20 hal_bsp//libhal_bsp.a(alt_dev_llist_insert.o)
 .debug_aranges
                0x00000000000006b8       0x20 hal_bsp//libhal_bsp.a(alt_do_ctors.o)
 .debug_aranges
                0x00000000000006d8       0x20 hal_bsp//libhal_bsp.a(alt_do_dtors.o)
 .debug_aranges
                0x00000000000006f8       0x20 hal_bsp//libhal_bsp.a(alt_icache_flush_all.o)
 .debug_aranges
                0x0000000000000718       0x20 hal_bsp//libhal_bsp.a(alt_iic.o)
 .debug_aranges
                0x0000000000000738       0x20 hal_bsp//libhal_bsp.a(alt_iic_isr_register.o)
 .debug_aranges
                0x0000000000000758       0x20 hal_bsp//libhal_bsp.a(alt_io_redirect.o)
 .debug_aranges
                0x0000000000000778       0x30 hal_bsp//libhal_bsp.a(alt_irq_entry.o)
 .debug_aranges
                0x00000000000007a8       0x20 hal_bsp//libhal_bsp.a(alt_irq_handler.o)
 .debug_aranges
                0x00000000000007c8       0x18 hal_bsp//libhal_bsp.a(alt_irq_vars.o)
 .debug_aranges
                0x00000000000007e0       0x20 hal_bsp//libhal_bsp.a(alt_open.o)
 .debug_aranges
                0x0000000000000800       0x20 hal_bsp//libhal_bsp.a(alt_tick.o)
 .debug_aranges
                0x0000000000000820       0x20 hal_bsp//libhal_bsp.a(altera_nios2_gen2_irq.o)
 .debug_aranges
                0x0000000000000840       0x38 hal_bsp//libhal_bsp.a(alt_exception_entry.o)
 .debug_aranges
                0x0000000000000878       0x20 hal_bsp//libhal_bsp.a(alt_find_dev.o)
 .debug_aranges
                0x0000000000000898       0x20 hal_bsp//libhal_bsp.a(alt_find_file.o)
 .debug_aranges
                0x00000000000008b8       0x20 hal_bsp//libhal_bsp.a(alt_get_fd.o)
 .debug_aranges
                0x00000000000008d8       0x28 hal_bsp//libhal_bsp.a(alt_instruction_exception_entry.o)
 .debug_aranges
                0x0000000000000900       0x20 /home/wintermute/altera/16.0/nios2eds/bin/gnu/H-x86_64-pc-linux-gnu/bin/../lib/gcc/nios2-elf/5.2.0/../../../../../H-x86_64-pc-linux-gnu/nios2-elf/lib/mno-hw-mul/libc.a(lib_a-atexit.o)
 .debug_aranges
                0x0000000000000920       0x20 /home/wintermute/altera/16.0/nios2eds/bin/gnu/H-x86_64-pc-linux-gnu/bin/../lib/gcc/nios2-elf/5.2.0/../../../../../H-x86_64-pc-linux-gnu/nios2-elf/lib/mno-hw-mul/libc.a(lib_a-exit.o)
 .debug_aranges
                0x0000000000000940       0x20 /home/wintermute/altera/16.0/nios2eds/bin/gnu/H-x86_64-pc-linux-gnu/bin/../lib/gcc/nios2-elf/5.2.0/../../../../../H-x86_64-pc-linux-gnu/nios2-elf/lib/mno-hw-mul/libc.a(lib_a-memcmp.o)
 .debug_aranges
                0x0000000000000960       0x20 /home/wintermute/altera/16.0/nios2eds/bin/gnu/H-x86_64-pc-linux-gnu/bin/../lib/gcc/nios2-elf/5.2.0/../../../../../H-x86_64-pc-linux-gnu/nios2-elf/lib/mno-hw-mul/libc.a(lib_a-strlen.o)
 .debug_aranges
                0x0000000000000980       0x20 /home/wintermute/altera/16.0/nios2eds/bin/gnu/H-x86_64-pc-linux-gnu/bin/../lib/gcc/nios2-elf/5.2.0/../../../../../H-x86_64-pc-linux-gnu/nios2-elf/lib/mno-hw-mul/libc.a(lib_a-__atexit.o)
 .debug_aranges
                0x00000000000009a0       0x20 /home/wintermute/altera/16.0/nios2eds/bin/gnu/H-x86_64-pc-linux-gnu/bin/../lib/gcc/nios2-elf/5.2.0/../../../../../H-x86_64-pc-linux-gnu/nios2-elf/lib/mno-hw-mul/libc.a(lib_a-__call_atexit.o)
 .debug_aranges
                0x00000000000009c0       0x20 hal_bsp//libhal_bsp.a(alt_exit.o)

.debug_pubnames
 *(.debug_pubnames)

.debug_info     0x0000000000000000    0x16613
 *(.debug_info .gnu.linkonce.wi.*)
 .debug_info    0x0000000000000000       0x6a hal_bsp//obj/HAL/src/crt0.o
 .debug_info    0x000000000000006a      0xa06 obj/default/main.o
 .debug_info    0x0000000000000a70      0xa69 obj/default/small_printing.o
 .debug_info    0x00000000000014d9      0x2c3 /home/wintermute/altera/16.0/nios2eds/bin/gnu/H-x86_64-pc-linux-gnu/bin/../lib/gcc/nios2-elf/5.2.0/mno-hw-mul/libgcc.a(lib2-divmod.o)
 .debug_info    0x000000000000179c      0x9a2 /home/wintermute/altera/16.0/nios2eds/bin/gnu/H-x86_64-pc-linux-gnu/bin/../lib/gcc/nios2-elf/5.2.0/../../../../../H-x86_64-pc-linux-gnu/nios2-elf/lib/mno-hw-mul/libc.a(lib_a-getc.o)
 .debug_info    0x000000000000213e      0x8a1 /home/wintermute/altera/16.0/nios2eds/bin/gnu/H-x86_64-pc-linux-gnu/bin/../lib/gcc/nios2-elf/5.2.0/../../../../../H-x86_64-pc-linux-gnu/nios2-elf/lib/mno-hw-mul/libc.a(lib_a-impure.o)
 .debug_info    0x00000000000029df      0x950 /home/wintermute/altera/16.0/nios2eds/bin/gnu/H-x86_64-pc-linux-gnu/bin/../lib/gcc/nios2-elf/5.2.0/../../../../../H-x86_64-pc-linux-gnu/nios2-elf/lib/mno-hw-mul/libc.a(lib_a-rget.o)
 .debug_info    0x000000000000332f      0xd24 /home/wintermute/altera/16.0/nios2eds/bin/gnu/H-x86_64-pc-linux-gnu/bin/../lib/gcc/nios2-elf/5.2.0/../../../../../H-x86_64-pc-linux-gnu/nios2-elf/lib/mno-hw-mul/libc.a(lib_a-findfp.o)
 .debug_info    0x0000000000004053      0x9b0 /home/wintermute/altera/16.0/nios2eds/bin/gnu/H-x86_64-pc-linux-gnu/bin/../lib/gcc/nios2-elf/5.2.0/../../../../../H-x86_64-pc-linux-gnu/nios2-elf/lib/mno-hw-mul/libc.a(lib_a-fwalk.o)
 .debug_info    0x0000000000004a03      0xd57 /home/wintermute/altera/16.0/nios2eds/bin/gnu/H-x86_64-pc-linux-gnu/bin/../lib/gcc/nios2-elf/5.2.0/../../../../../H-x86_64-pc-linux-gnu/nios2-elf/lib/mno-hw-mul/libc.a(lib_a-mallocr.o)
 .debug_info    0x000000000000575a      0x121 /home/wintermute/altera/16.0/nios2eds/bin/gnu/H-x86_64-pc-linux-gnu/bin/../lib/gcc/nios2-elf/5.2.0/../../../../../H-x86_64-pc-linux-gnu/nios2-elf/lib/mno-hw-mul/libc.a(lib_a-memset.o)
 .debug_info    0x000000000000587b      0xa08 /home/wintermute/altera/16.0/nios2eds/bin/gnu/H-x86_64-pc-linux-gnu/bin/../lib/gcc/nios2-elf/5.2.0/../../../../../H-x86_64-pc-linux-gnu/nios2-elf/lib/mno-hw-mul/libc.a(lib_a-refill.o)
 .debug_info    0x0000000000006283      0x900 /home/wintermute/altera/16.0/nios2eds/bin/gnu/H-x86_64-pc-linux-gnu/bin/../lib/gcc/nios2-elf/5.2.0/../../../../../H-x86_64-pc-linux-gnu/nios2-elf/lib/mno-hw-mul/libc.a(lib_a-sbrkr.o)
 .debug_info    0x0000000000006b83      0xb32 /home/wintermute/altera/16.0/nios2eds/bin/gnu/H-x86_64-pc-linux-gnu/bin/../lib/gcc/nios2-elf/5.2.0/../../../../../H-x86_64-pc-linux-gnu/nios2-elf/lib/mno-hw-mul/libc.a(lib_a-stdio.o)
 .debug_info    0x00000000000076b5      0x928 /home/wintermute/altera/16.0/nios2eds/bin/gnu/H-x86_64-pc-linux-gnu/bin/../lib/gcc/nios2-elf/5.2.0/../../../../../H-x86_64-pc-linux-gnu/nios2-elf/lib/mno-hw-mul/libc.a(lib_a-writer.o)
 .debug_info    0x0000000000007fdd      0x8df /home/wintermute/altera/16.0/nios2eds/bin/gnu/H-x86_64-pc-linux-gnu/bin/../lib/gcc/nios2-elf/5.2.0/../../../../../H-x86_64-pc-linux-gnu/nios2-elf/lib/mno-hw-mul/libc.a(closer.o)
 .debug_info    0x00000000000088bc      0xa23 /home/wintermute/altera/16.0/nios2eds/bin/gnu/H-x86_64-pc-linux-gnu/bin/../lib/gcc/nios2-elf/5.2.0/../../../../../H-x86_64-pc-linux-gnu/nios2-elf/lib/mno-hw-mul/libc.a(lib_a-fclose.o)
 .debug_info    0x00000000000092df      0xa93 /home/wintermute/altera/16.0/nios2eds/bin/gnu/H-x86_64-pc-linux-gnu/bin/../lib/gcc/nios2-elf/5.2.0/../../../../../H-x86_64-pc-linux-gnu/nios2-elf/lib/mno-hw-mul/libc.a(lib_a-fflush.o)
 .debug_info    0x0000000000009d72      0xbf7 /home/wintermute/altera/16.0/nios2eds/bin/gnu/H-x86_64-pc-linux-gnu/bin/../lib/gcc/nios2-elf/5.2.0/../../../../../H-x86_64-pc-linux-gnu/nios2-elf/lib/mno-hw-mul/libc.a(lib_a-freer.o)
 .debug_info    0x000000000000a969       0x8a /home/wintermute/altera/16.0/nios2eds/bin/gnu/H-x86_64-pc-linux-gnu/bin/../lib/gcc/nios2-elf/5.2.0/../../../../../H-x86_64-pc-linux-gnu/nios2-elf/lib/mno-hw-mul/libc.a(lib_a-int_errno.o)
 .debug_info    0x000000000000a9f3      0x90b /home/wintermute/altera/16.0/nios2eds/bin/gnu/H-x86_64-pc-linux-gnu/bin/../lib/gcc/nios2-elf/5.2.0/../../../../../H-x86_64-pc-linux-gnu/nios2-elf/lib/mno-hw-mul/libc.a(lib_a-lseekr.o)
 .debug_info    0x000000000000b2fe      0xad8 /home/wintermute/altera/16.0/nios2eds/bin/gnu/H-x86_64-pc-linux-gnu/bin/../lib/gcc/nios2-elf/5.2.0/../../../../../H-x86_64-pc-linux-gnu/nios2-elf/lib/mno-hw-mul/libc.a(lib_a-makebuf.o)
 .debug_info    0x000000000000bdd6      0x921 /home/wintermute/altera/16.0/nios2eds/bin/gnu/H-x86_64-pc-linux-gnu/bin/../lib/gcc/nios2-elf/5.2.0/../../../../../H-x86_64-pc-linux-gnu/nios2-elf/lib/mno-hw-mul/libc.a(lib_a-readr.o)
 .debug_info    0x000000000000c6f7      0xa5d /home/wintermute/altera/16.0/nios2eds/bin/gnu/H-x86_64-pc-linux-gnu/bin/../lib/gcc/nios2-elf/5.2.0/../../../../../H-x86_64-pc-linux-gnu/nios2-elf/lib/mno-hw-mul/libc.a(lib_a-fstatr.o)
 .debug_info    0x000000000000d154      0x8df /home/wintermute/altera/16.0/nios2eds/bin/gnu/H-x86_64-pc-linux-gnu/bin/../lib/gcc/nios2-elf/5.2.0/../../../../../H-x86_64-pc-linux-gnu/nios2-elf/lib/mno-hw-mul/libc.a(lib_a-isattyr.o)
 .debug_info    0x000000000000da33       0xb4 /home/wintermute/altera/16.0/nios2eds/bin/gnu/H-x86_64-pc-linux-gnu/bin/../lib/gcc/nios2-elf/5.2.0/mno-hw-mul/libgcc.a(lib2-mul.o)
 .debug_info    0x000000000000dae7      0x368 hal_bsp//libhal_bsp.a(alt_close.o)
 .debug_info    0x000000000000de4f      0x499 hal_bsp//libhal_bsp.a(alt_dev.o)
 .debug_info    0x000000000000e2e8       0xa6 hal_bsp//libhal_bsp.a(alt_errno.o)
 .debug_info    0x000000000000e38e      0x49e hal_bsp//libhal_bsp.a(alt_fstat.o)
 .debug_info    0x000000000000e82c      0x4af hal_bsp//libhal_bsp.a(alt_isatty.o)
 .debug_info    0x000000000000ecdb      0x1c9 hal_bsp//libhal_bsp.a(alt_load.o)