Archive member included to satisfy reference by file (symbol)

/home/pp/altera/16.0/nios2eds/bin/gnu/H-x86_64-pc-linux-gnu/bin/../lib/gcc/nios2-elf/5.2.0/mno-hw-mul/libgcc.a(lib2-divmod.o)
                              obj/default/small_printing.o (__udivsi3)
/home/pp/altera/16.0/nios2eds/bin/gnu/H-x86_64-pc-linux-gnu/bin/../lib/gcc/nios2-elf/5.2.0/../../../../../H-x86_64-pc-linux-gnu/nios2-elf/lib/mno-hw-mul/libc.a(lib_a-fputc.o)
                              obj/default/small_printing.o (fputc)
/home/pp/altera/16.0/nios2eds/bin/gnu/H-x86_64-pc-linux-gnu/bin/../lib/gcc/nios2-elf/5.2.0/../../../../../H-x86_64-pc-linux-gnu/nios2-elf/lib/mno-hw-mul/libc.a(lib_a-getc.o)
                              obj/default/main.o (getc)
/home/pp/altera/16.0/nios2eds/bin/gnu/H-x86_64-pc-linux-gnu/bin/../lib/gcc/nios2-elf/5.2.0/../../../../../H-x86_64-pc-linux-gnu/nios2-elf/lib/mno-hw-mul/libc.a(lib_a-impure.o)
                              obj/default/main.o (_impure_ptr)
/home/pp/altera/16.0/nios2eds/bin/gnu/H-x86_64-pc-linux-gnu/bin/../lib/gcc/nios2-elf/5.2.0/../../../../../H-x86_64-pc-linux-gnu/nios2-elf/lib/mno-hw-mul/libc.a(lib_a-putc.o)
                              /home/pp/altera/16.0/nios2eds/bin/gnu/H-x86_64-pc-linux-gnu/bin/../lib/gcc/nios2-elf/5.2.0/../../../../../H-x86_64-pc-linux-gnu/nios2-elf/lib/mno-hw-mul/libc.a(lib_a-fputc.o) (_putc_r)
/home/pp/altera/16.0/nios2eds/bin/gnu/H-x86_64-pc-linux-gnu/bin/../lib/gcc/nios2-elf/5.2.0/../../../../../H-x86_64-pc-linux-gnu/nios2-elf/lib/mno-hw-mul/libc.a(lib_a-rget.o)
                              /home/pp/altera/16.0/nios2eds/bin/gnu/H-x86_64-pc-linux-gnu/bin/../lib/gcc/nios2-elf/5.2.0/../../../../../H-x86_64-pc-linux-gnu/nios2-elf/lib/mno-hw-mul/libc.a(lib_a-getc.o) (__srget_r)
/home/pp/altera/16.0/nios2eds/bin/gnu/H-x86_64-pc-linux-gnu/bin/../lib/gcc/nios2-elf/5.2.0/../../../../../H-x86_64-pc-linux-gnu/nios2-elf/lib/mno-hw-mul/libc.a(lib_a-wbuf.o)
                              /home/pp/altera/16.0/nios2eds/bin/gnu/H-x86_64-pc-linux-gnu/bin/../lib/gcc/nios2-elf/5.2.0/../../../../../H-x86_64-pc-linux-gnu/nios2-elf/lib/mno-hw-mul/libc.a(lib_a-putc.o) (__swbuf_r)
/home/pp/altera/16.0/nios2eds/bin/gnu/H-x86_64-pc-linux-gnu/bin/../lib/gcc/nios2-elf/5.2.0/../../../../../H-x86_64-pc-linux-gnu/nios2-elf/lib/mno-hw-mul/libc.a(lib_a-wsetup.o)
                              /home/pp/altera/16.0/nios2eds/bin/gnu/H-x86_64-pc-linux-gnu/bin/../lib/gcc/nios2-elf/5.2.0/../../../../../H-x86_64-pc-linux-gnu/nios2-elf/lib/mno-hw-mul/libc.a(lib_a-wbuf.o) (__swsetup_r)
/home/pp/altera/16.0/nios2eds/bin/gnu/H-x86_64-pc-linux-gnu/bin/../lib/gcc/nios2-elf/5.2.0/../../../../../H-x86_64-pc-linux-gnu/nios2-elf/lib/mno-hw-mul/libc.a(lib_a-fflush.o)
                              /home/pp/altera/16.0/nios2eds/bin/gnu/H-x86_64-pc-linux-gnu/bin/../lib/gcc/nios2-elf/5.2.0/../../../../../H-x86_64-pc-linux-gnu/nios2-elf/lib/mno-hw-mul/libc.a(lib_a-wbuf.o) (_fflush_r)
/home/pp/altera/16.0/nios2eds/bin/gnu/H-x86_64-pc-linux-gnu/bin/../lib/gcc/nios2-elf/5.2.0/../../../../../H-x86_64-pc-linux-gnu/nios2-elf/lib/mno-hw-mul/libc.a(lib_a-findfp.o)
                              /home/pp/altera/16.0/nios2eds/bin/gnu/H-x86_64-pc-linux-gnu/bin/../lib/gcc/nios2-elf/5.2.0/../../../../../H-x86_64-pc-linux-gnu/nios2-elf/lib/mno-hw-mul/libc.a(lib_a-fputc.o) (__sinit)
/home/pp/altera/16.0/nios2eds/bin/gnu/H-x86_64-pc-linux-gnu/bin/../lib/gcc/nios2-elf/5.2.0/../../../../../H-x86_64-pc-linux-gnu/nios2-elf/lib/mno-hw-mul/libc.a(lib_a-freer.o)
                              /home/pp/altera/16.0/nios2eds/bin/gnu/H-x86_64-pc-linux-gnu/bin/../lib/gcc/nios2-elf/5.2.0/../../../../../H-x86_64-pc-linux-gnu/nios2-elf/lib/mno-hw-mul/libc.a(lib_a-wsetup.o) (_free_r)
/home/pp/altera/16.0/nios2eds/bin/gnu/H-x86_64-pc-linux-gnu/bin/../lib/gcc/nios2-elf/5.2.0/../../../../../H-x86_64-pc-linux-gnu/nios2-elf/lib/mno-hw-mul/libc.a(lib_a-fwalk.o)
                              /home/pp/altera/16.0/nios2eds/bin/gnu/H-x86_64-pc-linux-gnu/bin/../lib/gcc/nios2-elf/5.2.0/../../../../../H-x86_64-pc-linux-gnu/nios2-elf/lib/mno-hw-mul/libc.a(lib_a-findfp.o) (_fwalk)
/home/pp/altera/16.0/nios2eds/bin/gnu/H-x86_64-pc-linux-gnu/bin/../lib/gcc/nios2-elf/5.2.0/../../../../../H-x86_64-pc-linux-gnu/nios2-elf/lib/mno-hw-mul/libc.a(lib_a-makebuf.o)
                              /home/pp/altera/16.0/nios2eds/bin/gnu/H-x86_64-pc-linux-gnu/bin/../lib/gcc/nios2-elf/5.2.0/../../../../../H-x86_64-pc-linux-gnu/nios2-elf/lib/mno-hw-mul/libc.a(lib_a-wsetup.o) (__smakebuf_r)
/home/pp/altera/16.0/nios2eds/bin/gnu/H-x86_64-pc-linux-gnu/bin/../lib/gcc/nios2-elf/5.2.0/../../../../../H-x86_64-pc-linux-gnu/nios2-elf/lib/mno-hw-mul/libc.a(lib_a-mallocr.o)
                              /home/pp/altera/16.0/nios2eds/bin/gnu/H-x86_64-pc-linux-gnu/bin/../lib/gcc/nios2-elf/5.2.0/../../../../../H-x86_64-pc-linux-gnu/nios2-elf/lib/mno-hw-mul/libc.a(lib_a-findfp.o) (_malloc_r)
[...]
Memory Configuration

Name             Origin             Length             Attributes
reset            0x0000000000008000 0x0000000000000020
onchip_memory2_0 0x0000000000008020 0x0000000000007fe0
*default*        0x0000000000000000 0xffffffffffffffff

Linker script and memory map

LOAD hal_bsp//obj/HAL/src/crt0.o
LOAD obj/default/main.o
LOAD obj/default/small_printing.o
LOAD /home/pp/altera/16.0/nios2eds/bin/gnu/H-x86_64-pc-linux-gnu/bin/../lib/gcc/nios2-elf/5.2.0/../../../../../H-x86_64-pc-linux-gnu/nios2-elf/lib/mno-hw-mul/libstdc++.a
LOAD /home/pp/altera/16.0/nios2eds/bin/gnu/H-x86_64-pc-linux-gnu/bin/../lib/gcc/nios2-elf/5.2.0/../../../../../H-x86_64-pc-linux-gnu/nios2-elf/lib/mno-hw-mul/libm.a
LOAD /home/pp/altera/16.0/nios2eds/bin/gnu/H-x86_64-pc-linux-gnu/bin/../lib/gcc/nios2-elf/5.2.0/mno-hw-mul/libgcc.a
START GROUP
LOAD /home/pp/altera/16.0/nios2eds/bin/gnu/H-x86_64-pc-linux-gnu/bin/../lib/gcc/nios2-elf/5.2.0/../../../../../H-x86_64-pc-linux-gnu/nios2-elf/lib/mno-hw-mul/libc.a
LOAD /home/pp/altera/16.0/nios2eds/bin/gnu/H-x86_64-pc-linux-gnu/bin/../lib/gcc/nios2-elf/5.2.0/mno-hw-mul/libgcc.a
LOAD hal_bsp//libhal_bsp.a
LOAD /home/pp/altera/16.0/nios2eds/bin/gnu/H-x86_64-pc-linux-gnu/bin/../lib/gcc/nios2-elf/5.2.0/../../../../../H-x86_64-pc-linux-gnu/nios2-elf/lib/mno-hw-mul/libm.a
END GROUP
LOAD /home/pp/altera/16.0/nios2eds/bin/gnu/H-x86_64-pc-linux-gnu/bin/../lib/gcc/nios2-elf/5.2.0/mno-hw-mul/libgcc.a
                0x0000000000008000                __alt_mem_onchip_memory2_0 = 0x8000

.entry          0x0000000000008000       0x20
 *(.entry)
 .entry         0x0000000000008000       0x20 hal_bsp//obj/HAL/src/crt0.o
                0x0000000000008000                __reset

.exceptions     0x0000000000008020      0x210
                0x0000000000008020                PROVIDE (__ram_exceptions_start, ABSOLUTE (.))
                0x0000000000008020                . = ALIGN (0x20)
 *(.irq)
 *(.exceptions.entry.label)
 .exceptions.entry.label
                0x0000000000008020        0x0 hal_bsp//libhal_bsp.a(alt_irq_entry.o)
                0x0000000000008020                alt_irq_entry
 .exceptions.entry.label
                0x0000000000008020        0x0 hal_bsp//libhal_bsp.a(alt_exception_entry.o)
                0x0000000000008020                alt_exception
 *(.exceptions.entry.user)
 *(.exceptions.entry.ecc_fatal)
 *(.exceptions.entry)
 .exceptions.entry
                0x0000000000008020       0x54 hal_bsp//libhal_bsp.a(alt_exception_entry.o)
 *(.exceptions.irqtest.user)
 *(.exceptions.irqtest)
 .exceptions.irqtest
                0x0000000000008074       0x10 hal_bsp//libhal_bsp.a(alt_irq_entry.o)
 *(.exceptions.irqhandler.user)
 *(.exceptions.irqhandler)
 .exceptions.irqhandler
                0x0000000000008084        0x4 hal_bsp//libhal_bsp.a(alt_irq_entry.o)
 *(.exceptions.irqreturn.user)
 *(.exceptions.irqreturn)
 .exceptions.irqreturn
                0x0000000000008088        0x4 hal_bsp//libhal_bsp.a(alt_irq_entry.o)
 *(.exceptions.notirq.label)
 .exceptions.notirq.label
                0x000000000000808c        0x0 hal_bsp//libhal_bsp.a(alt_irq_entry.o)
 *(.exceptions.notirq.user)
 *(.exceptions.notirq)
 .exceptions.notirq
                0x000000000000808c        0x8 hal_bsp//libhal_bsp.a(alt_exception_entry.o)
 *(.exceptions.soft.user)
 *(.exceptions.soft)
 *(.exceptions.unknown.user)
 *(.exceptions.unknown)
 .exceptions.unknown
                0x0000000000008094       0x14 hal_bsp//libhal_bsp.a(alt_exception_entry.o)
 *(.exceptions.exit.label)
 .exceptions.exit.label
                0x00000000000080a8        0x0 hal_bsp//libhal_bsp.a(alt_irq_entry.o)
 .exceptions.exit.label
                0x00000000000080a8        0x0 hal_bsp//libhal_bsp.a(alt_exception_entry.o)
 *(.exceptions.exit.user)
 *(.exceptions.exit)
 .exceptions.exit
                0x00000000000080a8       0x54 hal_bsp//libhal_bsp.a(alt_exception_entry.o)
 *(.exceptions)
 .exceptions    0x00000000000080fc       0xd4 hal_bsp//libhal_bsp.a(alt_irq_handler.o)
                0x00000000000080fc                alt_irq_handler
 .exceptions    0x00000000000081d0       0x60 hal_bsp//libhal_bsp.a(alt_instruction_exception_entry.o)
                0x00000000000081d0                alt_instruction_exception_entry
                0x0000000000008230                PROVIDE (__ram_exceptions_end, ABSOLUTE (.))
                0x0000000000008020                PROVIDE (__flash_exceptions_start, LOADADDR (.exceptions))

.text           0x0000000000008230     0x542c
                [!provide]                        PROVIDE (stext, ABSOLUTE (.))
 *(.interp)
 *(.hash)
 *(.dynsym)
 *(.dynstr)
 *(.gnu.version)
 *(.gnu.version_d)
 *(.gnu.version_r)
 *(.rel.init)
 *(.rela.init)
 *(.rel.text .rel.text.* .rel.gnu.linkonce.t.*)
 *(.rela.text .rela.text.* .rela.gnu.linkonce.t.*)
 *(.rel.fini)
 *(.rela.fini)
 *(.rel.rodata .rel.rodata.* .rel.gnu.linkonce.r.*)
 *(.rela.rodata .rela.rodata.* .rela.gnu.linkonce.r.*)
 *(.rel.data .rel.data.* .rel.gnu.linkonce.d.*)
 *(.rela.data .rela.data.* .rela.gnu.linkonce.d.*)
 *(.rel.tdata .rel.tdata.* .rel.gnu.linkonce.td.*)
 *(.rela.tdata .rela.tdata.* .rela.gnu.linkonce.td.*)
 *(.rel.tbss .rel.tbss.* .rel.gnu.linkonce.tb.*)
 *(.rela.tbss .rela.tbss.* .rela.gnu.linkonce.tb.*)
 *(.rel.ctors)
 *(.rela.ctors)
 *(.rel.dtors)
 *(.rela.dtors)
 *(.rel.got)
 *(.rela.got)
 *(.rel.sdata .rel.sdata.* .rel.gnu.linkonce.s.*)
 *(.rela.sdata .rela.sdata.* .rela.gnu.linkonce.s.*)
 *(.rel.sbss .rel.sbss.* .rel.gnu.linkonce.sb.*)
 *(.rela.sbss .rela.sbss.* .rela.gnu.linkonce.sb.*)
 *(.rel.sdata2 .rel.sdata2.* .rel.gnu.linkonce.s2.*)
 *(.rela.sdata2 .rela.sdata2.* .rela.gnu.linkonce.s2.*)
 *(.rel.sbss2 .rel.sbss2.* .rel.gnu.linkonce.sb2.*)
 *(.rela.sbss2 .rela.sbss2.* .rela.gnu.linkonce.sb2.*)
 *(.rel.bss .rel.bss.* .rel.gnu.linkonce.b.*)
 *(.rela.bss .rela.bss.* .rela.gnu.linkonce.b.*)
 *(.rel.plt)
 *(.rela.plt)
 *(.rel.dyn)
 *(.init)
 *(.plt)
 *(.text .stub .text.* .gnu.linkonce.t.*)
 .text          0x0000000000008230       0x3c hal_bsp//obj/HAL/src/crt0.o
                0x0000000000008230                _start
 .text          0x000000000000826c        0x0 obj/default/main.o
 .text.startup  0x000000000000826c       0x94 obj/default/main.o
                0x000000000000826c                main
 .text          0x0000000000008300      0x6f0 obj/default/small_printing.o
                0x0000000000008368                putf
                0x0000000000008388                s_prints
                0x00000000000083d8                __int2strn
                0x0000000000008484                s_putd
                0x0000000000008558                s_putx
                0x00000000000085fc                dump_hex
                0x00000000000086c0                s_printd
                0x0000000000008760                s_printl
                0x0000000000008804                s_printx
                0x00000000000088a8                s_printb
                0x000000000000894c                s_printlx
 .text          0x00000000000089f0      0x1b4 /home/pp/altera/16.0/nios2eds/bin/gnu/H-x86_64-pc-linux-gnu/bin/../lib/gcc/nios2-elf/5.2.0/mno-hw-mul/libgcc.a(lib2-divmod.o)
                0x00000000000089f0                __divsi3
                0x0000000000008a74                __modsi3
                0x0000000000008ae8                __udivsi3
                0x0000000000008b4c                __umodsi3
 .text          0x0000000000008ba4        0x0 /home/pp/altera/16.0/nios2eds/bin/gnu/H-x86_64-pc-linux-gnu/bin/../lib/gcc/nios2-elf/5.2.0/../../../../../H-x86_64-pc-linux-gnu/nios2-elf/lib/mno-hw-mul/libc.a(lib_a-fputc.o)
 .text._fputc_r
                0x0000000000008ba4       0x44 /home/pp/altera/16.0/nios2eds/bin/gnu/H-x86_64-pc-linux-gnu/bin/../lib/gcc/nios2-elf/5.2.0/../../../../../H-x86_64-pc-linux-gnu/nios2-elf/lib/mno-hw-mul/libc.a(lib_a-fputc.o)
                0x0000000000008ba4                _fputc_r
 .text.fputc    0x0000000000008be8       0x5c /home/pp/altera/16.0/nios2eds/bin/gnu/H-x86_64-pc-linux-gnu/bin/../lib/gcc/nios2-elf/5.2.0/../../../../../H-x86_64-pc-linux-gnu/nios2-elf/lib/mno-hw-mul/libc.a(lib_a-fputc.o)
                0x0000000000008be8                fputc
 .text          0x0000000000008c44        0x0 /home/pp/altera/16.0/nios2eds/bin/gnu/H-x86_64-pc-linux-gnu/bin/../lib/gcc/nios2-elf/5.2.0/../../../../../H-x86_64-pc-linux-gnu/nios2-elf/lib/mno-hw-mul/libc.a(lib_a-getc.o)
 .text._getc_r  0x0000000000008c44       0x70 /home/pp/altera/16.0/nios2eds/bin/gnu/H-x86_64-pc-linux-gnu/bin/../lib/gcc/nios2-elf/5.2.0/../../../../../H-x86_64-pc-linux-gnu/nios2-elf/lib/mno-hw-mul/libc.a(lib_a-getc.o)
                0x0000000000008c44                _getc_r
 .text.getc     0x0000000000008cb4       0x88 /home/pp/altera/16.0/nios2eds/bin/gnu/H-x86_64-pc-linux-gnu/bin/../lib/gcc/nios2-elf/5.2.0/../../../../../H-x86_64-pc-linux-gnu/nios2-elf/lib/mno-hw-mul/libc.a(lib_a-getc.o)
                0x0000000000008cb4                getc
 .text          0x0000000000008d3c        0x0 /home/pp/altera/16.0/nios2eds/bin/gnu/H-x86_64-pc-linux-gnu/bin/../lib/gcc/nios2-elf/5.2.0/../../../../../H-x86_64-pc-linux-gnu/nios2-elf/lib/mno-hw-mul/libc.a(lib_a-impure.o)
 .text          0x0000000000008d3c        0x0 /home/pp/altera/16.0/nios2eds/bin/gnu/H-x86_64-pc-linux-gnu/bin/../lib/gcc/nios2-elf/5.2.0/../../../../../H-x86_64-pc-linux-gnu/nios2-elf/lib/mno-hw-mul/libc.a(lib_a-putc.o)
 .text._putc_r  0x0000000000008d3c       0xa0 /home/pp/altera/16.0/nios2eds/bin/gnu/H-x86_64-pc-linux-gnu/bin/../lib/gcc/nios2-elf/5.2.0/../../../../../H-x86_64-pc-linux-gnu/nios2-elf/lib/mno-hw-mul/libc.a(lib_a-putc.o)
                0x0000000000008d3c                _putc_r
 .text.putc     0x0000000000008ddc       0xc8 /home/pp/altera/16.0/nios2eds/bin/gnu/H-x86_64-pc-linux-gnu/bin/../lib/gcc/nios2-elf/5.2.0/../../../../../H-x86_64-pc-linux-gnu/nios2-elf/lib/mno-hw-mul/libc.a(lib_a-putc.o)
                0x0000000000008ddc                putc
 .text          0x0000000000008ea4        0x0 /home/pp/altera/16.0/nios2eds/bin/gnu/H-x86_64-pc-linux-gnu/bin/../lib/gcc/nios2-elf/5.2.0/../../../../../H-x86_64-pc-linux-gnu/nios2-elf/lib/mno-hw-mul/libc.a(lib_a-rget.o)
 .text.__srget_r
                0x0000000000008ea4       0x74 /home/pp/altera/16.0/nios2eds/bin/gnu/H-x86_64-pc-linux-gnu/bin/../lib/gcc/nios2-elf/5.2.0/../../../../../H-x86_64-pc-linux-gnu/nios2-elf/lib/mno-hw-mul/libc.a(lib_a-rget.o)
                0x0000000000008ea4                __srget_r
 .text.__srget  0x0000000000008f18       0x14 /home/pp/altera/16.0/nios2eds/bin/gnu/H-x86_64-pc-linux-gnu/bin/../lib/gcc/nios2-elf/5.2.0/../../../../../H-x86_64-pc-linux-gnu/nios2-elf/lib/mno-hw-mul/libc.a(lib_a-rget.o)
                0x0000000000008f18                __srget
 .text          0x0000000000008f2c        0x0 /home/pp/altera/16.0/nios2eds/bin/gnu/H-x86_64-pc-linux-gnu/bin/../lib/gcc/nios2-elf/5.2.0/../../../../../H-x86_64-pc-linux-gnu/nios2-elf/lib/mno-hw-mul/libc.a(lib_a-wbuf.o)
 .text.__swbuf_r
                0x0000000000008f2c      0x140 /home/pp/altera/16.0/nios2eds/bin/gnu/H-x86_64-pc-linux-gnu/bin/../lib/gcc/nios2-elf/5.2.0/../../../../../H-x86_64-pc-linux-gnu/nios2-elf/lib/mno-hw-mul/libc.a(lib_a-wbuf.o)
                0x0000000000008f2c                __swbuf_r
 .text.__swbuf  0x000000000000906c       0x18 /home/pp/altera/16.0/nios2eds/bin/gnu/H-x86_64-pc-linux-gnu/bin/../lib/gcc/nios2-elf/5.2.0/../../../../../H-x86_64-pc-linux-gnu/nios2-elf/lib/mno-hw-mul/libc.a(lib_a-wbuf.o)
                0x000000000000906c                __swbuf
 .text          0x0000000000009084        0x0 /home/pp/altera/16.0/nios2eds/bin/gnu/H-x86_64-pc-linux-gnu/bin/../lib/gcc/nios2-elf/5.2.0/../../../../../H-x86_64-pc-linux-gnu/nios2-elf/lib/mno-hw-mul/libc.a(lib_a-wsetup.o)
 .text.__swsetup_r
                0x0000000000009084      0x154 /home/pp/altera/16.0/nios2eds/bin/gnu/H-x86_64-pc-linux-gnu/bin/../lib/gcc/nios2-elf/5.2.0/../../../../../H-x86_64-pc-linux-gnu/nios2-elf/lib/mno-hw-mul/libc.a(lib_a-wsetup.o)
                0x0000000000009084                __swsetup_r
 .text          0x00000000000091d8        0x0 /home/pp/altera/16.0/nios2eds/bin/gnu/H-x86_64-pc-linux-gnu/bin/../lib/gcc/nios2-elf/5.2.0/../../../../../H-x86_64-pc-linux-gnu/nios2-elf/lib/mno-hw-mul/libc.a(lib_a-fflush.o)
 .text.__sflush_r
                0x00000000000091d8      0x21c /home/pp/altera/16.0/nios2eds/bin/gnu/H-x86_64-pc-linux-gnu/bin/../lib/gcc/nios2-elf/5.2.0/../../../../../H-x86_64-pc-linux-gnu/nios2-elf/lib/mno-hw-mul/libc.a(lib_a-fflush.o)
                0x00000000000091d8                __sflush_r
 .text._fflush_r
                0x00000000000093f4       0x5c /home/pp/altera/16.0/nios2eds/bin/gnu/H-x86_64-pc-linux-gnu/bin/../lib/gcc/nios2-elf/5.2.0/../../../../../H-x86_64-pc-linux-gnu/nios2-elf/lib/mno-hw-mul/libc.a(lib_a-fflush.o)
                0x00000000000093f4                _fflush_r
 .text.fflush   0x0000000000009450       0x30 /home/pp/altera/16.0/nios2eds/bin/gnu/H-x86_64-pc-linux-gnu/bin/../lib/gcc/nios2-elf/5.2.0/../../../../../H-x86_64-pc-linux-gnu/nios2-elf/lib/mno-hw-mul/libc.a(lib_a-fflush.o)
                0x0000000000009450                fflush
 .text          0x0000000000009480        0x0 /home/pp/altera/16.0/nios2eds/bin/gnu/H-x86_64-pc-linux-gnu/bin/../lib/gcc/nios2-elf/5.2.0/../../../../../H-x86_64-pc-linux-gnu/nios2-elf/lib/mno-hw-mul/libc.a(lib_a-findfp.o)
 .text.__fp_unlock
                0x0000000000009480        0x8 /home/pp/altera/16.0/nios2eds/bin/gnu/H-x86_64-pc-linux-gnu/bin/../lib/gcc/nios2-elf/5.2.0/../../../../../H-x86_64-pc-linux-gnu/nios2-elf/lib/mno-hw-mul/libc.a(lib_a-findfp.o)
 .text._cleanup_r
                0x0000000000009488        0xc /home/pp/altera/16.0/nios2eds/bin/gnu/H-x86_64-pc-linux-gnu/bin/../lib/gcc/nios2-elf/5.2.0/../../../../../H-x86_64-pc-linux-gnu/nios2-elf/lib/mno-hw-mul/libc.a(lib_a-findfp.o)
                0x0000000000009488                _cleanup_r
 .text.__sinit.part.1
                0x0000000000009494      0x19c /home/pp/altera/16.0/nios2eds/bin/gnu/H-x86_64-pc-linux-gnu/bin/../lib/gcc/nios2-elf/5.2.0/../../../../../H-x86_64-pc-linux-gnu/nios2-elf/lib/mno-hw-mul/libc.a(lib_a-findfp.o)
 .text.__fp_lock
                0x0000000000009630        0x8 /home/pp/altera/16.0/nios2eds/bin/gnu/H-x86_64-pc-linux-gnu/bin/../lib/gcc/nios2-elf/5.2.0/../../../../../H-x86_64-pc-linux-gnu/nios2-elf/lib/mno-hw-mul/libc.a(lib_a-findfp.o)
 .text.__sfmoreglue
                0x0000000000009638       0x78 /home/pp/altera/16.0/nios2eds/bin/gnu/H-x86_64-pc-linux-gnu/bin/../lib/gcc/nios2-elf/5.2.0/../../../../../H-x86_64-pc-linux-gnu/nios2-elf/lib/mno-hw-mul/libc.a(lib_a-findfp.o)
                0x0000000000009638                __sfmoreglue
 .text.__sfp    0x00000000000096b0      0x118 /home/pp/altera/16.0/nios2eds/bin/gnu/H-x86_64-pc-linux-gnu/bin/../lib/gcc/nios2-elf/5.2.0/../../../../../H-x86_64-pc-linux-gnu/nios2-elf/lib/mno-hw-mul/libc.a(lib_a-findfp.o)
                0x00000000000096b0                __sfp
 .text._cleanup
                0x00000000000097c8       0x18 /home/pp/altera/16.0/nios2eds/bin/gnu/H-x86_64-pc-linux-gnu/bin/../lib/gcc/nios2-elf/5.2.0/../../../../../H-x86_64-pc-linux-gnu/nios2-elf/lib/mno-hw-mul/libc.a(lib_a-findfp.o)
                0x00000000000097c8                _cleanup
 .text.__sinit  0x00000000000097e0       0x10 /home/pp/altera/16.0/nios2eds/bin/gnu/H-x86_64-pc-linux-gnu/bin/../lib/gcc/nios2-elf/5.2.0/../../../../../H-x86_64-pc-linux-gnu/nios2-elf/lib/mno-hw-mul/libc.a(lib_a-findfp.o)
                0x00000000000097e0                __sinit
 .text.__sfp_lock_acquire
                0x00000000000097f0        0x4 /home/pp/altera/16.0/nios2eds/bin/gnu/H-x86_64-pc-linux-gnu/bin/../lib/gcc/nios2-elf/5.2.0/../../../../../H-x86_64-pc-linux-gnu/nios2-elf/lib/mno-hw-mul/libc.a(lib_a-findfp.o)
                0x00000000000097f0                __sfp_lock_acquire
 .text.__sfp_lock_release
                0x00000000000097f4        0x4 /home/pp/altera/16.0/nios2eds/bin/gnu/H-x86_64-pc-linux-gnu/bin/../lib/gcc/nios2-elf/5.2.0/../../../../../H-x86_64-pc-linux-gnu/nios2-elf/lib/mno-hw-mul/libc.a(lib_a-findfp.o)
                0x00000000000097f4                __sfp_lock_release
 .text.__sinit_lock_acquire
                0x00000000000097f8        0x4 /home/pp/altera/16.0/nios2eds/bin/gnu/H-x86_64-pc-linux-gnu/bin/../lib/gcc/nios2-elf/5.2.0/../../../../../H-x86_64-pc-linux-gnu/nios2-elf/lib/mno-hw-mul/libc.a(lib_a-findfp.o)
                0x00000000000097f8                __sinit_lock_acquire
 .text.__sinit_lock_release
                0x00000000000097fc        0x4 /home/pp/altera/16.0/nios2eds/bin/gnu/H-x86_64-pc-linux-gnu/bin/../lib/gcc/nios2-elf/5.2.0/../../../../../H-x86_64-pc-linux-gnu/nios2-elf/lib/mno-hw-mul/libc.a(lib_a-findfp.o)
                0x00000000000097fc                __sinit_lock_release
 .text.__fp_lock_all
                0x0000000000009800       0x18 /home/pp/altera/16.0/nios2eds/bin/gnu/H-x86_64-pc-linux-gnu/bin/../lib/gcc/nios2-elf/5.2.0/../../../../../H-x86_64-pc-linux-gnu/nios2-elf/lib/mno-hw-mul/libc.a(lib_a-findfp.o)
                0x0000000000009800                __fp_lock_all
 .text.__fp_unlock_all
                0x0000000000009818       0x18 /home/pp/altera/16.0/nios2eds/bin/gnu/H-x86_64-pc-linux-gnu/bin/../lib/gcc/nios2-elf/5.2.0/../../../../../H-x86_64-pc-linux-gnu/nios2-elf/lib/mno-hw-mul/libc.a(lib_a-findfp.o)
                0x0000000000009818                __fp_unlock_all
 .text          0x0000000000009830        0x0 /home/pp/altera/16.0/nios2eds/bin/gnu/H-x86_64-pc-linux-gnu/bin/../lib/gcc/nios2-elf/5.2.0/../../../../../H-x86_64-pc-linux-gnu/nios2-elf/lib/mno-hw-mul/libc.a(lib_a-freer.o)
 .text._malloc_trim_r
                0x0000000000009830      0x124 /home/pp/altera/16.0/nios2eds/bin/gnu/H-x86_64-pc-linux-gnu/bin/../lib/gcc/nios2-elf/5.2.0/../../../../../H-x86_64-pc-linux-gnu/nios2-elf/lib/mno-hw-mul/libc.a(lib_a-freer.o)
                0x0000000000009830                _malloc_trim_r
 .text._free_r  0x0000000000009954      0x310 /home/pp/altera/16.0/nios2eds/bin/gnu/H-x86_64-pc-linux-gnu/bin/../lib/gcc/nios2-elf/5.2.0/../../../../../H-x86_64-pc-linux-gnu/nios2-elf/lib/mno-hw-mul/libc.a(lib_a-freer.o)
                0x0000000000009954                _free_r
 .text          0x0000000000009c64        0x0 /home/pp/altera/16.0/nios2eds/bin/gnu/H-x86_64-pc-linux-gnu/bin/../lib/gcc/nios2-elf/5.2.0/../../../../../H-x86_64-pc-linux-gnu/nios2-elf/lib/mno-hw-mul/libc.a(lib_a-fwalk.o)
 .text._fwalk   0x0000000000009c64       0xc4 /home/pp/altera/16.0/nios2eds/bin/gnu/H-x86_64-pc-linux-gnu/bin/../lib/gcc/nios2-elf/5.2.0/../../../../../H-x86_64-pc-linux-gnu/nios2-elf/lib/mno-hw-mul/libc.a(lib_a-fwalk.o)
                0x0000000000009c64                _fwalk
 .text._fwalk_reent
                0x0000000000009d28       0xc4 /home/pp/altera/16.0/nios2eds/bin/gnu/H-x86_64-pc-linux-gnu/bin/../lib/gcc/nios2-elf/5.2.0/../../../../../H-x86_64-pc-linux-gnu/nios2-elf/lib/mno-hw-mul/libc.a(lib_a-fwalk.o)
                0x0000000000009d28                _fwalk_reent
 .text          0x0000000000009dec        0x0 /home/pp/altera/16.0/nios2eds/bin/gnu/H-x86_64-pc-linux-gnu/bin/../lib/gcc/nios2-elf/5.2.0/../../../../../H-x86_64-pc-linux-gnu/nios2-elf/lib/mno-hw-mul/libc.a(lib_a-makebuf.o)
 .text.__smakebuf_r
                0x0000000000009dec      0x1bc /home/pp/altera/16.0/nios2eds/bin/gnu/H-x86_64-pc-linux-gnu/bin/../lib/gcc/nios2-elf/5.2.0/../../../../../H-x86_64-pc-linux-gnu/nios2-elf/lib/mno-hw-mul/libc.a(lib_a-makebuf.o)
                0x0000000000009dec                __smakebuf_r
 .text          0x0000000000009fa8        0x0 /home/pp/altera/16.0/nios2eds/bin/gnu/H-x86_64-pc-linux-gnu/bin/../lib/gcc/nios2-elf/5.2.0/../../../../../H-x86_64-pc-linux-gnu/nios2-elf/lib/mno-hw-mul/libc.a(lib_a-mallocr.o)
 .text._malloc_r
                0x0000000000009fa8      0x80c /home/pp/altera/16.0/nios2eds/bin/gnu/H-x86_64-pc-linux-gnu/bin/../lib/gcc/nios2-elf/5.2.0/../../../../../H-x86_64-pc-linux-gnu/nios2-elf/lib/mno-hw-mul/libc.a(lib_a-mallocr.o)
                0x0000000000009fa8                _malloc_r
 .text          0x000000000000a7b4        0x0 /home/pp/altera/16.0/nios2eds/bin/gnu/H-x86_64-pc-linux-gnu/bin/../lib/gcc/nios2-elf/5.2.0/../../../../../H-x86_64-pc-linux-gnu/nios2-elf/lib/mno-hw-mul/libc.a(lib_a-memset.o)
 .text.memset   0x000000000000a7b4      0x128 /home/pp/altera/16.0/nios2eds/bin/gnu/H-x86_64-pc-linux-gnu/bin/../lib/gcc/nios2-elf/5.2.0/../../../../../H-x86_64-pc-linux-gnu/nios2-elf/lib/mno-hw-mul/libc.a(lib_a-memset.o)
                0x000000000000a7b4                memset
 .text          0x000000000000a8dc        0x0 /home/pp/altera/16.0/nios2eds/bin/gnu/H-x86_64-pc-linux-gnu/bin/../lib/gcc/nios2-elf/5.2.0/../../../../../H-x86_64-pc-linux-gnu/nios2-elf/lib/mno-hw-mul/libc.a(lib_a-refill.o)
 .text.lflush   0x000000000000a8dc       0x1c /home/pp/altera/16.0/nios2eds/bin/gnu/H-x86_64-pc-linux-gnu/bin/../lib/gcc/nios2-elf/5.2.0/../../../../../H-x86_64-pc-linux-gnu/nios2-elf/lib/mno-hw-mul/libc.a(lib_a-refill.o)
 .text.__srefill_r
                0x000000000000a8f8      0x1d4 /home/pp/altera/16.0/nios2eds/bin/gnu/H-x86_64-pc-linux-gnu/bin/../lib/gcc/nios2-elf/5.2.0/../../../../../H-x86_64-pc-linux-gnu/nios2-elf/lib/mno-hw-mul/libc.a(lib_a-refill.o)
                0x000000000000a8f8                __srefill_r
 .text          0x000000000000aacc        0x0 /home/pp/altera/16.0/nios2eds/bin/gnu/H-x86_64-pc-linux-gnu/bin/../lib/gcc/nios2-elf/5.2.0/../../../../../H-x86_64-pc-linux-gnu/nios2-elf/lib/mno-hw-mul/libc.a(lib_a-sbrkr.o)
 .text._sbrk_r  0x000000000000aacc       0x54 /home/pp/altera/16.0/nios2eds/bin/gnu/H-x86_64-pc-linux-gnu/bin/../lib/gcc/nios2-elf/5.2.0/../../../../../H-x86_64-pc-linux-gnu/nios2-elf/lib/mno-hw-mul/libc.a(lib_a-sbrkr.o)
                0x000000000000aacc                _sbrk_r
 .text          0x000000000000ab20        0x0 /home/pp/altera/16.0/nios2eds/bin/gnu/H-x86_64-pc-linux-gnu/bin/../lib/gcc/nios2-elf/5.2.0/../../../../../H-x86_64-pc-linux-gnu/nios2-elf/lib/mno-hw-mul/libc.a(lib_a-stdio.o)
 .text.__sread  0x000000000000ab20       0x54 /home/pp/altera/16.0/nios2eds/bin/gnu/H-x86_64-pc-linux-gnu/bin/../lib/gcc/nios2-elf/5.2.0/../../../../../H-x86_64-pc-linux-gnu/nios2-elf/lib/mno-hw-mul/libc.a(lib_a-stdio.o)
                0x000000000000ab20                __sread
 .text.__seofread
                0x000000000000ab74        0x8 /home/pp/altera/16.0/nios2eds/bin/gnu/H-x86_64-pc-linux-gnu/bin/../lib/gcc/nios2-elf/5.2.0/../../../../../H-x86_64-pc-linux-gnu/nios2-elf/lib/mno-hw-mul/libc.a(lib_a-stdio.o)
                0x000000000000ab74                __seofread
 .text.__swrite
                0x000000000000ab7c       0x7c /home/pp/altera/16.0/nios2eds/bin/gnu/H-x86_64-pc-linux-gnu/bin/../lib/gcc/nios2-elf/5.2.0/../../../../../H-x86_64-pc-linux-gnu/nios2-elf/lib/mno-hw-mul/libc.a(lib_a-stdio.o)
                0x000000000000ab7c                __swrite
 .text.__sseek  0x000000000000abf8       0x5c /home/pp/altera/16.0/nios2eds/bin/gnu/H-x86_64-pc-linux-gnu/bin/../lib/gcc/nios2-elf/5.2.0/../../../../../H-x86_64-pc-linux-gnu/nios2-elf/lib/mno-hw-mul/libc.a(lib_a-stdio.o)
                0x000000000000abf8                __sseek
 .text.__sclose
                0x000000000000ac54        0x8 /home/pp/altera/16.0/nios2eds/bin/gnu/H-x86_64-pc-linux-gnu/bin/../lib/gcc/nios2-elf/5.2.0/../../../../../H-x86_64-pc-linux-gnu/nios2-elf/lib/mno-hw-mul/libc.a(lib_a-stdio.o)
                0x000000000000ac54                __sclose
 .text          0x000000000000ac5c        0x0 /home/pp/altera/16.0/nios2eds/bin/gnu/H-x86_64-pc-linux-gnu/bin/../lib/gcc/nios2-elf/5.2.0/../../../../../H-x86_64-pc-linux-gnu/nios2-elf/lib/mno-hw-mul/libc.a(lib_a-writer.o)
 .text._write_r
                0x000000000000ac5c       0x60 /home/pp/altera/16.0/nios2eds/bin/gnu/H-x86_64-pc-linux-gnu/bin/../lib/gcc/nios2-elf/5.2.0/../../../../../H-x86_64-pc-linux-gnu/nios2-elf/lib/mno-hw-mul/libc.a(lib_a-writer.o)
                0x000000000000ac5c                _write_r
 .text          0x000000000000acbc        0x0 /home/pp/altera/16.0/nios2eds/bin/gnu/H-x86_64-pc-linux-gnu/bin/../lib/gcc/nios2-elf/5.2.0/../../../../../H-x86_64-pc-linux-gnu/nios2-elf/lib/mno-hw-mul/libc.a(closer.o)
 .text._close_r
                0x000000000000acbc       0x54 /home/pp/altera/16.0/nios2eds/bin/gnu/H-x86_64-pc-linux-gnu/bin/../lib/gcc/nios2-elf/5.2.0/../../../../../H-x86_64-pc-linux-gnu/nios2-elf/lib/mno-hw-mul/libc.a(closer.o)
                0x000000000000acbc                _close_r
 .text          0x000000000000ad10        0x0 /home/pp/altera/16.0/nios2eds/bin/gnu/H-x86_64-pc-linux-gnu/bin/../lib/gcc/nios2-elf/5.2.0/../../../../../H-x86_64-pc-linux-gnu/nios2-elf/lib/mno-hw-mul/libc.a(lib_a-fclose.o)
 .text._fclose_r
                0x000000000000ad10       0xf0 /home/pp/altera/16.0/nios2eds/bin/gnu/H-x86_64-pc-linux-gnu/bin/../lib/gcc/nios2-elf/5.2.0/../../../../../H-x86_64-pc-linux-gnu/nios2-elf/lib/mno-hw-mul/libc.a(lib_a-fclose.o)
                0x000000000000ad10                _fclose_r
 .text.fclose   0x000000000000ae00       0x14 /home/pp/altera/16.0/nios2eds/bin/gnu/H-x86_64-pc-linux-gnu/bin/../lib/gcc/nios2-elf/5.2.0/../../../../../H-x86_64-pc-linux-gnu/nios2-elf/lib/mno-hw-mul/libc.a(lib_a-fclose.o)
                0x000000000000ae00                fclose
 .text          0x000000000000ae14        0x0 /home/pp/altera/16.0/nios2eds/bin/gnu/H-x86_64-pc-linux-gnu/bin/../lib/gcc/nios2-elf/5.2.0/../../../../../H-x86_64-pc-linux-gnu/nios2-elf/lib/mno-hw-mul/libc.a(lib_a-fstatr.o)
 .text._fstat_r
                0x000000000000ae14       0x5c /home/pp/altera/16.0/nios2eds/bin/gnu/H-x86_64-pc-linux-gnu/bin/../lib/gcc/nios2-elf/5.2.0/../../../../../H-x86_64-pc-linux-gnu/nios2-elf/lib/mno-hw-mul/libc.a(lib_a-fstatr.o)
                0x000000000000ae14                _fstat_r
 .text          0x000000000000ae70        0x0 /home/pp/altera/16.0/nios2eds/bin/gnu/H-x86_64-pc-linux-gnu/bin/../lib/gcc/nios2-elf/5.2.0/../../../../../H-x86_64-pc-linux-gnu/nios2-elf/lib/mno-hw-mul/libc.a(lib_a-int_errno.o)
 .text          0x000000000000ae70        0x0 /home/pp/altera/16.0/nios2eds/bin/gnu/H-x86_64-pc-linux-gnu/bin/../lib/gcc/nios2-elf/5.2.0/../../../../../H-x86_64-pc-linux-gnu/nios2-elf/lib/mno-hw-mul/libc.a(lib_a-isattyr.o)
 .text._isatty_r
                0x000000000000ae70       0x54 /home/pp/altera/16.0/nios2eds/bin/gnu/H-x86_64-pc-linux-gnu/bin/../lib/gcc/nios2-elf/5.2.0/../../../../../H-x86_64-pc-linux-gnu/nios2-elf/lib/mno-hw-mul/libc.a(lib_a-isattyr.o)
                0x000000000000ae70                _isatty_r
 .text          0x000000000000aec4        0x0 /home/pp/altera/16.0/nios2eds/bin/gnu/H-x86_64-pc-linux-gnu/bin/../lib/gcc/nios2-elf/5.2.0/../../../../../H-x86_64-pc-linux-gnu/nios2-elf/lib/mno-hw-mul/libc.a(lib_a-lseekr.o)
 .text._lseek_r
                0x000000000000aec4       0x60 /home/pp/altera/16.0/nios2eds/bin/gnu/H-x86_64-pc-linux-gnu/bin/../lib/gcc/nios2-elf/5.2.0/../../../../../H-x86_64-pc-linux-gnu/nios2-elf/lib/mno-hw-mul/libc.a(lib_a-lseekr.o)
                0x000000000000aec4                _lseek_r
 .text          0x000000000000af24        0x0 /home/pp/altera/16.0/nios2eds/bin/gnu/H-x86_64-pc-linux-gnu/bin/../lib/gcc/nios2-elf/5.2.0/../../../../../H-x86_64-pc-linux-gnu/nios2-elf/lib/mno-hw-mul/libc.a(lib_a-readr.o)
 .text._read_r  0x000000000000af24       0x60 /home/pp/altera/16.0/nios2eds/bin/gnu/H-x86_64-pc-linux-gnu/bin/../lib/gcc/nios2-elf/5.2.0/../../../../../H-x86_64-pc-linux-gnu/nios2-elf/lib/mno-hw-mul/libc.a(lib_a-readr.o)
                0x000000000000af24                _read_r
 .text          0x000000000000af84       0x28 /home/pp/altera/16.0/nios2eds/bin/gnu/H-x86_64-pc-linux-gnu/bin/../lib/gcc/nios2-elf/5.2.0/mno-hw-mul/libgcc.a(lib2-mul.o)
                0x000000000000af84                __mulsi3
 .text          0x000000000000afac      0x128 hal_bsp//libhal_bsp.a(alt_close.o)
                0x000000000000affc                close
 .text          0x000000000000b0d4       0x2c hal_bsp//libhal_bsp.a(alt_dev.o)
 .text          0x000000000000b100        0x0 hal_bsp//libhal_bsp.a(alt_errno.o)
 .text          0x000000000000b100      0x108 hal_bsp//libhal_bsp.a(alt_fstat.o)
                0x000000000000b150                fstat
 .text          0x000000000000b208       0xfc hal_bsp//libhal_bsp.a(alt_isatty.o)
                0x000000000000b258                isatty
 .text          0x000000000000b304       0xec hal_bsp//libhal_bsp.a(alt_load.o)
                0x000000000000b36c                alt_load
 .text          0x000000000000b3f0      0x12c hal_bsp//libhal_bsp.a(alt_lseek.o)
                0x000000000000b440                lseek
 .text          0x000000000000b51c       0x7c hal_bsp//libhal_bsp.a(alt_main.o)
                0x000000000000b51c                alt_main
 .text          0x000000000000b598       0x48 hal_bsp//libhal_bsp.a(alt_malloc_lock.o)
                0x000000000000b598                __malloc_lock
                0x000000000000b5bc                __malloc_unlock
 .text          0x000000000000b5e0      0x154 hal_bsp//libhal_bsp.a(alt_read.o)
                0x000000000000b630                read
 .text          0x000000000000b734       0x84 hal_bsp//libhal_bsp.a(alt_release_fd.o)
                0x000000000000b734                alt_release_fd
 .text          0x000000000000b7b8       0xb0 hal_bsp//libhal_bsp.a(alt_sbrk.o)
                0x000000000000b7b8                sbrk
 .text          0x000000000000b868      0x150 hal_bsp//libhal_bsp.a(alt_write.o)
                0x000000000000b8b8                write
 .text          0x000000000000b9b8       0xd0 hal_bsp//libhal_bsp.a(alt_sys_init.o)
                0x000000000000b9f0                alt_irq_init
                0x000000000000ba28                alt_sys_init
 .text          0x000000000000ba88      0x104 hal_bsp//libhal_bsp.a(altera_avalon_timer_sc.o)
                0x000000000000bb00                alt_avalon_timer_sc_init
 .text          0x000000000000bb8c      0x110 hal_bsp//libhal_bsp.a(altera_avalon_uart_fd.o)
                0x000000000000bb8c                altera_avalon_uart_read_fd
                0x000000000000bbec                altera_avalon_uart_write_fd
                0x000000000000bc4c                altera_avalon_uart_close_fd
 .text          0x000000000000bc9c      0x3c8 hal_bsp//libhal_bsp.a(altera_avalon_uart_init.o)
                0x000000000000bc9c                altera_avalon_uart_init
                0x000000000000c010                altera_avalon_uart_close
 .text          0x000000000000c064      0x22c hal_bsp//libhal_bsp.a(altera_avalon_uart_read.o)
                0x000000000000c0b4                altera_avalon_uart_read
 .text          0x000000000000c290      0x1fc hal_bsp//libhal_bsp.a(altera_avalon_uart_write.o)
                0x000000000000c2e0                altera_avalon_uart_write
 .text          0x000000000000c48c       0x20 hal_bsp//libhal_bsp.a(alt_dcache_flush_all.o)
                0x000000000000c48c                alt_dcache_flush_all
 .text          0x000000000000c4ac       0xf4 hal_bsp//libhal_bsp.a(alt_dev_llist_insert.o)
                0x000000000000c4fc                alt_dev_llist_insert
 .text          0x000000000000c5a0       0x60 hal_bsp//libhal_bsp.a(alt_do_ctors.o)
                0x000000000000c5a0                _do_ctors
 .text          0x000000000000c600       0x60 hal_bsp//libhal_bsp.a(alt_do_dtors.o)
                0x000000000000c600                _do_dtors
 .text          0x000000000000c660       0x20 hal_bsp//libhal_bsp.a(alt_icache_flush_all.o)
                0x000000000000c660                alt_icache_flush_all
 .text          0x000000000000c680      0x1e0 hal_bsp//libhal_bsp.a(alt_iic.o)
                0x000000000000c680                alt_ic_isr_register
                0x000000000000c6d0                alt_ic_irq_enable
                0x000000000000c770                alt_ic_irq_disable
                0x000000000000c814                alt_ic_irq_enabled
 .text          0x000000000000c860       0xf0 hal_bsp//libhal_bsp.a(alt_iic_isr_register.o)
                0x000000000000c860                alt_iic_isr_register
 .text          0x000000000000c950      0x160 hal_bsp//libhal_bsp.a(alt_io_redirect.o)
                0x000000000000ca34                alt_io_redirect
 .text          0x000000000000cab0        0x0 hal_bsp//libhal_bsp.a(alt_irq_entry.o)
 .text          0x000000000000cab0        0x0 hal_bsp//libhal_bsp.a(alt_irq_handler.o)
 .text          0x000000000000cab0        0x0 hal_bsp//libhal_bsp.a(alt_irq_vars.o)
 .text          0x000000000000cab0      0x2a4 hal_bsp//libhal_bsp.a(alt_open.o)
                0x000000000000cbf4                open
 .text          0x000000000000cd54      0x1a4 hal_bsp//libhal_bsp.a(alt_tick.o)
                0x000000000000cd54                alt_alarm_stop
                0x000000000000cdf0                alt_tick
 .text          0x000000000000cef8       0x24 hal_bsp//libhal_bsp.a(altera_nios2_gen2_irq.o)
                0x000000000000cef8                altera_nios2_gen2_irq_init
 .text          0x000000000000cf1c        0x0 hal_bsp//libhal_bsp.a(alt_exception_entry.o)
 .text          0x000000000000cf1c       0x90 hal_bsp//libhal_bsp.a(alt_find_dev.o)
                0x000000000000cf1c                alt_find_dev
 .text          0x000000000000cfac      0x114 hal_bsp//libhal_bsp.a(alt_find_file.o)
                0x000000000000cfac                alt_find_file
 .text          0x000000000000d0c0       0xd4 hal_bsp//libhal_bsp.a(alt_get_fd.o)
                0x000000000000d0c0                alt_get_fd
 .text          0x000000000000d194       0x9c hal_bsp//libhal_bsp.a(alt_instruction_exception_entry.o)
                0x000000000000d194                alt_exception_cause_generated_bad_addr
 .text          0x000000000000d230        0x0 /home/pp/altera/16.0/nios2eds/bin/gnu/H-x86_64-pc-linux-gnu/bin/../lib/gcc/nios2-elf/5.2.0/../../../../../H-x86_64-pc-linux-gnu/nios2-elf/lib/mno-hw-mul/libc.a(lib_a-atexit.o)
 .text.atexit   0x000000000000d230       0x14 /home/pp/altera/16.0/nios2eds/bin/gnu/H-x86_64-pc-linux-gnu/bin/../lib/gcc/nios2-elf/5.2.0/../../../../../H-x86_64-pc-linux-gnu/nios2-elf/lib/mno-hw-mul/libc.a(lib_a-atexit.o)
                0x000000000000d230                atexit
 .text          0x000000000000d244        0x0 /home/pp/altera/16.0/nios2eds/bin/gnu/H-x86_64-pc-linux-gnu/bin/../lib/gcc/nios2-elf/5.2.0/../../../../../H-x86_64-pc-linux-gnu/nios2-elf/lib/mno-hw-mul/libc.a(lib_a-exit.o)
 .text.exit     0x000000000000d244       0x38 /home/pp/altera/16.0/nios2eds/bin/gnu/H-x86_64-pc-linux-gnu/bin/../lib/gcc/nios2-elf/5.2.0/../../../../../H-x86_64-pc-linux-gnu/nios2-elf/lib/mno-hw-mul/libc.a(lib_a-exit.o)
                0x000000000000d244                exit
 .text          0x000000000000d27c        0x0 /home/pp/altera/16.0/nios2eds/bin/gnu/H-x86_64-pc-linux-gnu/bin/../lib/gcc/nios2-elf/5.2.0/../../../../../H-x86_64-pc-linux-gnu/nios2-elf/lib/mno-hw-mul/libc.a(lib_a-memcmp.o)
 .text.memcmp   0x000000000000d27c       0x7c /home/pp/altera/16.0/nios2eds/bin/gnu/H-x86_64-pc-linux-gnu/bin/../lib/gcc/nios2-elf/5.2.0/../../../../../H-x86_64-pc-linux-gnu/nios2-elf/lib/mno-hw-mul/libc.a(lib_a-memcmp.o)
                0x000000000000d27c                memcmp
 .text          0x000000000000d2f8        0x0 /home/pp/altera/16.0/nios2eds/bin/gnu/H-x86_64-pc-linux-gnu/bin/../lib/gcc/nios2-elf/5.2.0/../../../../../H-x86_64-pc-linux-gnu/nios2-elf/lib/mno-hw-mul/libc.a(lib_a-strlen.o)
 .text.strlen   0x000000000000d2f8       0x98 /home/pp/altera/16.0/nios2eds/bin/gnu/H-x86_64-pc-linux-gnu/bin/../lib/gcc/nios2-elf/5.2.0/../../../../../H-x86_64-pc-linux-gnu/nios2-elf/lib/mno-hw-mul/libc.a(lib_a-strlen.o)
                0x000000000000d2f8                strlen
 .text          0x000000000000d390        0x0 /home/pp/altera/16.0/nios2eds/bin/gnu/H-x86_64-pc-linux-gnu/bin/../lib/gcc/nios2-elf/5.2.0/../../../../../H-x86_64-pc-linux-gnu/nios2-elf/lib/mno-hw-mul/libc.a(lib_a-__atexit.o)
 .text.__register_exitproc
                0x000000000000d390      0x118 /home/pp/altera/16.0/nios2eds/bin/gnu/H-x86_64-pc-linux-gnu/bin/../lib/gcc/nios2-elf/5.2.0/../../../../../H-x86_64-pc-linux-gnu/nios2-elf/lib/mno-hw-mul/libc.a(lib_a-__atexit.o)
                0x000000000000d390                __register_exitproc
 .text          0x000000000000d4a8        0x0 /home/pp/altera/16.0/nios2eds/bin/gnu/H-x86_64-pc-linux-gnu/bin/../lib/gcc/nios2-elf/5.2.0/../../../../../H-x86_64-pc-linux-gnu/nios2-elf/lib/mno-hw-mul/libc.a(lib_a-__call_atexit.o)
 .text.__call_exitprocs
                0x000000000000d4a8      0x180 /home/pp/altera/16.0/nios2eds/bin/gnu/H-x86_64-pc-linux-gnu/bin/../lib/gcc/nios2-elf/5.2.0/../../../../../H-x86_64-pc-linux-gnu/nios2-elf/lib/mno-hw-mul/libc.a(lib_a-__call_atexit.o)
                0x000000000000d4a8                __call_exitprocs
 .text          0x000000000000d628       0x34 hal_bsp//libhal_bsp.a(alt_exit.o)
                0x000000000000d628                _exit
 *(.gnu.warning.*)
 *(.fini)
                [!provide]                        PROVIDE (__etext, ABSOLUTE (.))
                [!provide]                        PROVIDE (_etext, ABSOLUTE (.))
                [!provide]                        PROVIDE (etext, ABSOLUTE (.))
 *(.eh_frame_hdr)
                0x000000000000d65c                . = ALIGN (0x4)
                [!provide]                        PROVIDE (__preinit_array_start, ABSOLUTE (.))
 *(.preinit_array)
                [!provide]                        PROVIDE (__preinit_array_end, ABSOLUTE (.))
                [!provide]                        PROVIDE (__init_array_start, ABSOLUTE (.))
 *(.init_array)
                [!provide]                        PROVIDE (__init_array_end, ABSOLUTE (.))
                [!provide]                        PROVIDE (__fini_array_start, ABSOLUTE (.))
 *(.fini_array)
                [!provide]                        PROVIDE (__fini_array_end, ABSOLUTE (.))
 *(.eh_frame)
 *(.gcc_except_table .gcc_except_table.*)
 *(.dynamic)
                0x000000000000d65c                PROVIDE (__CTOR_LIST__, ABSOLUTE (.))
 *(.ctors)
 *(SORT(.ctors.*))
                0x000000000000d65c                PROVIDE (__CTOR_END__, ABSOLUTE (.))
                0x000000000000d65c                PROVIDE (__DTOR_LIST__, ABSOLUTE (.))
 *(.dtors)
 *(SORT(.dtors.*))
                0x000000000000d65c                PROVIDE (__DTOR_END__, ABSOLUTE (.))
 *(.jcr)
                0x000000000000d65c                . = ALIGN (0x4)

.rodata         0x000000000000d65c       0x84
                0x000000000000d65c                PROVIDE (__ram_rodata_start, ABSOLUTE (.))
                0x000000000000d65c                . = ALIGN (0x4)
 *(.rodata .rodata.* .gnu.linkonce.r.*)
 .rodata.str1.4
                0x000000000000d65c       0x44 obj/default/main.o
 .rodata.str1.4
                0x000000000000d6a0       0x15 obj/default/small_printing.o
 *fill*         0x000000000000d6b5        0x3 
 .rodata.str1.4
                0x000000000000d6b8        0x4 /home/pp/altera/16.0/nios2eds/bin/gnu/H-x86_64-pc-linux-gnu/bin/../lib/gcc/nios2-elf/5.2.0/../../../../../H-x86_64-pc-linux-gnu/nios2-elf/lib/mno-hw-mul/libc.a(lib_a-impure.o)
                                          0x2 (size before relaxing)
 .rodata        0x000000000000d6bc        0xa hal_bsp//libhal_bsp.a(alt_dev.o)
 *fill*         0x000000000000d6c6        0x2 
 .rodata        0x000000000000d6c8        0xc hal_bsp//libhal_bsp.a(alt_main.o)
 .rodata        0x000000000000d6d4        0xc hal_bsp//libhal_bsp.a(alt_sys_init.o)
 *(.rodata1)
                0x000000000000d6e0                . = ALIGN (0x4)
                0x000000000000d6e0                PROVIDE (__ram_rodata_end, ABSOLUTE (.))
                0x000000000000d65c                PROVIDE (__flash_rodata_start, LOADADDR (.rodata))

.rwdata         0x000000000000d6e0      0xad0 load address 0x000000000000e1b0
                0x000000000000d6e0                PROVIDE (__ram_rwdata_start, ABSOLUTE (.))
                0x000000000000d6e0                . = ALIGN (0x4)
 *(.got.plt)
 *(.got)
 *(.data1)
 *(.data .data.* .gnu.linkonce.d.*)
 .data          0x000000000000d6e0        0x0 hal_bsp//obj/HAL/src/crt0.o
 .data          0x000000000000d6e0        0x0 obj/default/main.o
 .data          0x000000000000d6e0        0x0 obj/default/small_printing.o
 .data          0x000000000000d6e0        0x0 /home/pp/altera/16.0/nios2eds/bin/gnu/H-x86_64-pc-linux-gnu/bin/../lib/gcc/nios2-elf/5.2.0/mno-hw-mul/libgcc.a(lib2-divmod.o)
 .data          0x000000000000d6e0        0x0 /home/pp/altera/16.0/nios2eds/bin/gnu/H-x86_64-pc-linux-gnu/bin/../lib/gcc/nios2-elf/5.2.0/../../../../../H-x86_64-pc-linux-gnu/nios2-elf/lib/mno-hw-mul/libc.a(lib_a-fputc.o)
 .data          0x000000000000d6e0        0x0 /home/pp/altera/16.0/nios2eds/bin/gnu/H-x86_64-pc-linux-gnu/bin/../lib/gcc/nios2-elf/5.2.0/../../../../../H-x86_64-pc-linux-gnu/nios2-elf/lib/mno-hw-mul/libc.a(lib_a-getc.o)
 .data          0x000000000000d6e0        0x0 /home/pp/altera/16.0/nios2eds/bin/gnu/H-x86_64-pc-linux-gnu/bin/../lib/gcc/nios2-elf/5.2.0/../../../../../H-x86_64-pc-linux-gnu/nios2-elf/lib/mno-hw-mul/libc.a(lib_a-impure.o)
 .data.impure_data
                0x000000000000d6e0      0x424 /home/pp/altera/16.0/nios2eds/bin/gnu/H-x86_64-pc-linux-gnu/bin/../lib/gcc/nios2-elf/5.2.0/../../../../../H-x86_64-pc-linux-gnu/nios2-elf/lib/mno-hw-mul/libc.a(lib_a-impure.o)
 .data          0x000000000000db04        0x0 /home/pp/altera/16.0/nios2eds/bin/gnu/H-x86_64-pc-linux-gnu/bin/../lib/gcc/nios2-elf/5.2.0/../../../../../H-x86_64-pc-linux-gnu/nios2-elf/lib/mno-hw-mul/libc.a(lib_a-putc.o)
 .data          0x000000000000db04        0x0 /home/pp/altera/16.0/nios2eds/bin/gnu/H-x86_64-pc-linux-gnu/bin/../lib/gcc/nios2-elf/5.2.0/../../../../../H-x86_64-pc-linux-gnu/nios2-elf/lib/mno-hw-mul/libc.a(lib_a-rget.o)
 .data          0x000000000000db04        0x0 /home/pp/altera/16.0/nios2eds/bin/gnu/H-x86_64-pc-linux-gnu/bin/../lib/gcc/nios2-elf/5.2.0/../../../../../H-x86_64-pc-linux-gnu/nios2-elf/lib/mno-hw-mul/libc.a(lib_a-wbuf.o)
 .data          0x000000000000db04        0x0 /home/pp/altera/16.0/nios2eds/bin/gnu/H-x86_64-pc-linux-gnu/bin/../lib/gcc/nios2-elf/5.2.0/../../../../../H-x86_64-pc-linux-gnu/nios2-elf/lib/mno-hw-mul/libc.a(lib_a-wsetup.o)
 .data          0x000000000000db04        0x0 /home/pp/altera/16.0/nios2eds/bin/gnu/H-x86_64-pc-linux-gnu/bin/../lib/gcc/nios2-elf/5.2.0/../../../../../H-x86_64-pc-linux-gnu/nios2-elf/lib/mno-hw-mul/libc.a(lib_a-fflush.o)
 .data          0x000000000000db04        0x0 /home/pp/altera/16.0/nios2eds/bin/gnu/H-x86_64-pc-linux-gnu/bin/../lib/gcc/nios2-elf/5.2.0/../../../../../H-x86_64-pc-linux-gnu/nios2-elf/lib/mno-hw-mul/libc.a(lib_a-findfp.o)
 .data          0x000000000000db04        0x0 /home/pp/altera/16.0/nios2eds/bin/gnu/H-x86_64-pc-linux-gnu/bin/../lib/gcc/nios2-elf/5.2.0/../../../../../H-x86_64-pc-linux-gnu/nios2-elf/lib/mno-hw-mul/libc.a(lib_a-freer.o)
 .data          0x000000000000db04        0x0 /home/pp/altera/16.0/nios2eds/bin/gnu/H-x86_64-pc-linux-gnu/bin/../lib/gcc/nios2-elf/5.2.0/../../../../../H-x86_64-pc-linux-gnu/nios2-elf/lib/mno-hw-mul/libc.a(lib_a-fwalk.o)
 .data          0x000000000000db04        0x0 /home/pp/altera/16.0/nios2eds/bin/gnu/H-x86_64-pc-linux-gnu/bin/../lib/gcc/nios2-elf/5.2.0/../../../../../H-x86_64-pc-linux-gnu/nios2-elf/lib/mno-hw-mul/libc.a(lib_a-makebuf.o)
 .data          0x000000000000db04        0x0 /home/pp/altera/16.0/nios2eds/bin/gnu/H-x86_64-pc-linux-gnu/bin/../lib/gcc/nios2-elf/5.2.0/../../../../../H-x86_64-pc-linux-gnu/nios2-elf/lib/mno-hw-mul/libc.a(lib_a-mallocr.o)
 .data.__malloc_av_
                0x000000000000db04      0x408 /home/pp/altera/16.0/nios2eds/bin/gnu/H-x86_64-pc-linux-gnu/bin/../lib/gcc/nios2-elf/5.2.0/../../../../../H-x86_64-pc-linux-gnu/nios2-elf/lib/mno-hw-mul/libc.a(lib_a-mallocr.o)
                0x000000000000db04                __malloc_av_
 .data          0x000000000000df0c        0x0 /home/pp/altera/16.0/nios2eds/bin/gnu/H-x86_64-pc-linux-gnu/bin/../lib/gcc/nios2-elf/5.2.0/../../../../../H-x86_64-pc-linux-gnu/nios2-elf/lib/mno-hw-mul/libc.a(lib_a-memset.o)
 .data          0x000000000000df0c        0x0 /home/pp/altera/16.0/nios2eds/bin/gnu/H-x86_64-pc-linux-gnu/bin/../lib/gcc/nios2-elf/5.2.0/../../../../../H-x86_64-pc-linux-gnu/nios2-elf/lib/mno-hw-mul/libc.a(lib_a-refill.o)
 .data          0x000000000000df0c        0x0 /home/pp/altera/16.0/nios2eds/bin/gnu/H-x86_64-pc-linux-gnu/bin/../lib/gcc/nios2-elf/5.2.0/../../../../../H-x86_64-pc-linux-gnu/nios2-elf/lib/mno-hw-mul/libc.a(lib_a-sbrkr.o)
 .data          0x000000000000df0c        0x0 /home/pp/altera/16.0/nios2eds/bin/gnu/H-x86_64-pc-linux-gnu/bin/../lib/gcc/nios2-elf/5.2.0/../../../../../H-x86_64-pc-linux-gnu/nios2-elf/lib/mno-hw-mul/libc.a(lib_a-stdio.o)
 .data          0x000000000000df0c        0x0 /home/pp/altera/16.0/nios2eds/bin/gnu/H-x86_64-pc-linux-gnu/bin/../lib/gcc/nios2-elf/5.2.0/../../../../../H-x86_64-pc-linux-gnu/nios2-elf/lib/mno-hw-mul/libc.a(lib_a-writer.o)
 .data          0x000000000000df0c        0x0 /home/pp/altera/16.0/nios2eds/bin/gnu/H-x86_64-pc-linux-gnu/bin/../lib/gcc/nios2-elf/5.2.0/../../../../../H-x86_64-pc-linux-gnu/nios2-elf/lib/mno-hw-mul/libc.a(closer.o)
 .data          0x000000000000df0c        0x0 /home/pp/altera/16.0/nios2eds/bin/gnu/H-x86_64-pc-linux-gnu/bin/../lib/gcc/nios2-elf/5.2.0/../../../../../H-x86_64-pc-linux-gnu/nios2-elf/lib/mno-hw-mul/libc.a(lib_a-fclose.o)
 .data          0x000000000000df0c        0x0 /home/pp/altera/16.0/nios2eds/bin/gnu/H-x86_64-pc-linux-gnu/bin/../lib/gcc/nios2-elf/5.2.0/../../../../../H-x86_64-pc-linux-gnu/nios2-elf/lib/mno-hw-mul/libc.a(lib_a-fstatr.o)
 .data          0x000000000000df0c        0x0 /home/pp/altera/16.0/nios2eds/bin/gnu/H-x86_64-pc-linux-gnu/bin/../lib/gcc/nios2-elf/5.2.0/../../../../../H-x86_64-pc-linux-gnu/nios2-elf/lib/mno-hw-mul/libc.a(lib_a-int_errno.o)
 .data          0x000000000000df0c        0x0 /home/pp/altera/16.0/nios2eds/bin/gnu/H-x86_64-pc-linux-gnu/bin/../lib/gcc/nios2-elf/5.2.0/../../../../../H-x86_64-pc-linux-gnu/nios2-elf/lib/mno-hw-mul/libc.a(lib_a-isattyr.o)
 .data          0x000000000000df0c        0x0 /home/pp/altera/16.0/nios2eds/bin/gnu/H-x86_64-pc-linux-gnu/bin/../lib/gcc/nios2-elf/5.2.0/../../../../../H-x86_64-pc-linux-gnu/nios2-elf/lib/mno-hw-mul/libc.a(lib_a-lseekr.o)
 .data          0x000000000000df0c        0x0 /home/pp/altera/16.0/nios2eds/bin/gnu/H-x86_64-pc-linux-gnu/bin/../lib/gcc/nios2-elf/5.2.0/../../../../../H-x86_64-pc-linux-gnu/nios2-elf/lib/mno-hw-mul/libc.a(lib_a-readr.o)
 .data          0x000000000000df0c        0x0 /home/pp/altera/16.0/nios2eds/bin/gnu/H-x86_64-pc-linux-gnu/bin/../lib/gcc/nios2-elf/5.2.0/mno-hw-mul/libgcc.a(lib2-mul.o)
 .data          0x000000000000df0c        0x0 hal_bsp//libhal_bsp.a(alt_close.o)
 .data          0x000000000000df0c      0x1a8 hal_bsp//libhal_bsp.a(alt_dev.o)
                0x000000000000df0c                alt_dev_null
                0x000000000000df34                alt_fd_list
 .data          0x000000000000e0b4        0x0 hal_bsp//libhal_bsp.a(alt_errno.o)
 .data          0x000000000000e0b4        0x0 hal_bsp//libhal_bsp.a(alt_fstat.o)
 .data          0x000000000000e0b4        0x0 hal_bsp//libhal_bsp.a(alt_isatty.o)
 .data          0x000000000000e0b4        0x0 hal_bsp//libhal_bsp.a(alt_load.o)
 .data          0x000000000000e0b4        0x0 hal_bsp//libhal_bsp.a(alt_lseek.o)
 .data          0x000000000000e0b4        0x0 hal_bsp//libhal_bsp.a(alt_main.o)
 .data          0x000000000000e0b4        0x0 hal_bsp//libhal_bsp.a(alt_malloc_lock.o)
 .data          0x000000000000e0b4        0x0 hal_bsp//libhal_bsp.a(alt_read.o)
 .data          0x000000000000e0b4        0x0 hal_bsp//libhal_bsp.a(alt_release_fd.o)
 .data          0x000000000000e0b4        0x0 hal_bsp//libhal_bsp.a(alt_sbrk.o)
 .data          0x000000000000e0b4        0x0 hal_bsp//libhal_bsp.a(alt_write.o)
 .data          0x000000000000e0b4       0xc4 hal_bsp//libhal_bsp.a(alt_sys_init.o)
 .data          0x000000000000e178        0x0 hal_bsp//libhal_bsp.a(altera_avalon_timer_sc.o)
 .data          0x000000000000e178        0x0 hal_bsp//libhal_bsp.a(altera_avalon_uart_fd.o)
 .data          0x000000000000e178        0x0 hal_bsp//libhal_bsp.a(altera_avalon_uart_init.o)
 .data          0x000000000000e178        0x0 hal_bsp//libhal_bsp.a(altera_avalon_uart_read.o)
 .data          0x000000000000e178        0x0 hal_bsp//libhal_bsp.a(altera_avalon_uart_write.o)
 .data          0x000000000000e178        0x0 hal_bsp//libhal_bsp.a(alt_dcache_flush_all.o)
 .data          0x000000000000e178        0x0 hal_bsp//libhal_bsp.a(alt_dev_llist_insert.o)
 .data          0x000000000000e178        0x0 hal_bsp//libhal_bsp.a(alt_do_ctors.o)
 .data          0x000000000000e178        0x0 hal_bsp//libhal_bsp.a(alt_do_dtors.o)
 .data          0x000000000000e178        0x0 hal_bsp//libhal_bsp.a(alt_icache_flush_all.o)
 .data          0x000000000000e178        0x0 hal_bsp//libhal_bsp.a(alt_iic.o)
 .data          0x000000000000e178        0x0 hal_bsp//libhal_bsp.a(alt_iic_isr_register.o)
 .data          0x000000000000e178        0x0 hal_bsp//libhal_bsp.a(alt_io_redirect.o)
 .data          0x000000000000e178        0x0 hal_bsp//libhal_bsp.a(alt_irq_entry.o)
 .data          0x000000000000e178        0x0 hal_bsp//libhal_bsp.a(alt_irq_handler.o)
 .data          0x000000000000e178        0x0 hal_bsp//libhal_bsp.a(alt_irq_vars.o)
 .data          0x000000000000e178        0x0 hal_bsp//libhal_bsp.a(alt_open.o)
 .data          0x000000000000e178        0x0 hal_bsp//libhal_bsp.a(alt_tick.o)
 .data          0x000000000000e178        0x0 hal_bsp//libhal_bsp.a(altera_nios2_gen2_irq.o)
 .data          0x000000000000e178        0x0 hal_bsp//libhal_bsp.a(alt_exception_entry.o)
 .data          0x000000000000e178        0x0 hal_bsp//libhal_bsp.a(alt_find_dev.o)
 .data          0x000000000000e178        0x0 hal_bsp//libhal_bsp.a(alt_find_file.o)
 .data          0x000000000000e178        0x0 hal_bsp//libhal_bsp.a(alt_get_fd.o)
 .data          0x000000000000e178        0x0 hal_bsp//libhal_bsp.a(alt_instruction_exception_entry.o)
 .data          0x000000000000e178        0x0 /home/pp/altera/16.0/nios2eds/bin/gnu/H-x86_64-pc-linux-gnu/bin/../lib/gcc/nios2-elf/5.2.0/../../../../../H-x86_64-pc-linux-gnu/nios2-elf/lib/mno-hw-mul/libc.a(lib_a-atexit.o)
 .data          0x000000000000e178        0x0 /home/pp/altera/16.0/nios2eds/bin/gnu/H-x86_64-pc-linux-gnu/bin/../lib/gcc/nios2-elf/5.2.0/../../../../../H-x86_64-pc-linux-gnu/nios2-elf/lib/mno-hw-mul/libc.a(lib_a-exit.o)
 .data          0x000000000000e178        0x0 /home/pp/altera/16.0/nios2eds/bin/gnu/H-x86_64-pc-linux-gnu/bin/../lib/gcc/nios2-elf/5.2.0/../../../../../H-x86_64-pc-linux-gnu/nios2-elf/lib/mno-hw-mul/libc.a(lib_a-memcmp.o)
 .data          0x000000000000e178        0x0 /home/pp/altera/16.0/nios2eds/bin/gnu/H-x86_64-pc-linux-gnu/bin/../lib/gcc/nios2-elf/5.2.0/../../../../../H-x86_64-pc-linux-gnu/nios2-elf/lib/mno-hw-mul/libc.a(lib_a-strlen.o)
 .data          0x000000000000e178        0x0 /home/pp/altera/16.0/nios2eds/bin/gnu/H-x86_64-pc-linux-gnu/bin/../lib/gcc/nios2-elf/5.2.0/../../../../../H-x86_64-pc-linux-gnu/nios2-elf/lib/mno-hw-mul/libc.a(lib_a-__atexit.o)
 .data          0x000000000000e178        0x0 /home/pp/altera/16.0/nios2eds/bin/gnu/H-x86_64-pc-linux-gnu/bin/../lib/gcc/nios2-elf/5.2.0/../../../../../H-x86_64-pc-linux-gnu/nios2-elf/lib/mno-hw-mul/libc.a(lib_a-__call_atexit.o)
 .data          0x000000000000e178        0x0 hal_bsp//libhal_bsp.a(alt_exit.o)
                0x0000000000016178                _gp = ABSOLUTE ((. + 0x8000))
                [!provide]                        PROVIDE (gp, _gp)
 *(.rwdata .rwdata.*)
 *(.sdata .sdata.* .gnu.linkonce.s.*)
 .sdata._global_impure_ptr
                0x000000000000e178        0x4 /home/pp/altera/16.0/nios2eds/bin/gnu/H-x86_64-pc-linux-gnu/bin/../lib/gcc/nios2-elf/5.2.0/../../../../../H-x86_64-pc-linux-gnu/nios2-elf/lib/mno-hw-mul/libc.a(lib_a-impure.o)
                0x000000000000e178                _global_impure_ptr
 .sdata._impure_ptr
                0x000000000000e17c        0x4 /home/pp/altera/16.0/nios2eds/bin/gnu/H-x86_64-pc-linux-gnu/bin/../lib/gcc/nios2-elf/5.2.0/../../../../../H-x86_64-pc-linux-gnu/nios2-elf/lib/mno-hw-mul/libc.a(lib_a-impure.o)
                0x000000000000e17c                _impure_ptr
 .sdata.__malloc_sbrk_base
                0x000000000000e180        0x4 /home/pp/altera/16.0/nios2eds/bin/gnu/H-x86_64-pc-linux-gnu/bin/../lib/gcc/nios2-elf/5.2.0/../../../../../H-x86_64-pc-linux-gnu/nios2-elf/lib/mno-hw-mul/libc.a(lib_a-mallocr.o)
                0x000000000000e180                __malloc_sbrk_base
 .sdata.__malloc_trim_threshold
                0x000000000000e184        0x4 /home/pp/altera/16.0/nios2eds/bin/gnu/H-x86_64-pc-linux-gnu/bin/../lib/gcc/nios2-elf/5.2.0/../../../../../H-x86_64-pc-linux-gnu/nios2-elf/lib/mno-hw-mul/libc.a(lib_a-mallocr.o)
                0x000000000000e184                __malloc_trim_threshold
 .sdata         0x000000000000e188       0x14 hal_bsp//libhal_bsp.a(alt_dev.o)
                0x000000000000e188                alt_fs_list
                0x000000000000e190                alt_dev_list
                0x000000000000e198                alt_max_fd
 .sdata         0x000000000000e19c        0x4 hal_bsp//libhal_bsp.a(alt_errno.o)
                0x000000000000e19c                alt_errno
 .sdata         0x000000000000e1a0        0x4 hal_bsp//libhal_bsp.a(alt_sbrk.o)
 .sdata         0x000000000000e1a4        0x4 hal_bsp//libhal_bsp.a(alt_irq_vars.o)
                0x000000000000e1a4                alt_priority_mask
 .sdata         0x000000000000e1a8        0x8 hal_bsp//libhal_bsp.a(alt_tick.o)
                0x000000000000e1a8                alt_alarm_list
 *(.sdata2 .sdata2.* .gnu.linkonce.s2.*)
                0x000000000000e1b0                . = ALIGN (0x4)
                0x000000000000e1b0                _edata = ABSOLUTE (.)
                [!provide]                        PROVIDE (edata, ABSOLUTE (.))
                0x000000000000e1b0                PROVIDE (__ram_rwdata_end, ABSOLUTE (.))
                0x000000000000e1b0                PROVIDE (__flash_rwdata_start, LOADADDR (.rwdata))

.bss            0x000000000000ec80      0x160
                0x000000000000ec80                __bss_start = ABSOLUTE (.)
                [!provide]                        PROVIDE (__sbss_start, ABSOLUTE (.))
                [!provide]                        PROVIDE (___sbss_start, ABSOLUTE (.))
 *(.dynsbss)
 *(.sbss .sbss.* .gnu.linkonce.sb.*)
 .sbss.__malloc_max_total_mem
                0x000000000000ec80        0x4 /home/pp/altera/16.0/nios2eds/bin/gnu/H-x86_64-pc-linux-gnu/bin/../lib/gcc/nios2-elf/5.2.0/../../../../../H-x86_64-pc-linux-gnu/nios2-elf/lib/mno-hw-mul/libc.a(lib_a-mallocr.o)
                0x000000000000ec80                __malloc_max_total_mem
 .sbss.__malloc_max_sbrked_mem
                0x000000000000ec84        0x4 /home/pp/altera/16.0/nios2eds/bin/gnu/H-x86_64-pc-linux-gnu/bin/../lib/gcc/nios2-elf/5.2.0/../../../../../H-x86_64-pc-linux-gnu/nios2-elf/lib/mno-hw-mul/libc.a(lib_a-mallocr.o)
                0x000000000000ec84                __malloc_max_sbrked_mem
 .sbss.__malloc_top_pad
                0x000000000000ec88        0x4 /home/pp/altera/16.0/nios2eds/bin/gnu/H-x86_64-pc-linux-gnu/bin/../lib/gcc/nios2-elf/5.2.0/../../../../../H-x86_64-pc-linux-gnu/nios2-elf/lib/mno-hw-mul/libc.a(lib_a-mallocr.o)
                0x000000000000ec88                __malloc_top_pad
 .sbss          0x000000000000ec8c        0x4 /home/pp/altera/16.0/nios2eds/bin/gnu/H-x86_64-pc-linux-gnu/bin/../lib/gcc/nios2-elf/5.2.0/../../../../../H-x86_64-pc-linux-gnu/nios2-elf/lib/mno-hw-mul/libc.a(lib_a-int_errno.o)
                0x000000000000ec8c                errno
 .sbss          0x000000000000ec90        0xc hal_bsp//libhal_bsp.a(alt_main.o)
                0x000000000000ec90                alt_argc
                0x000000000000ec94                alt_argv
                0x000000000000ec98                alt_envp
 .sbss          0x000000000000ec9c        0x4 hal_bsp//libhal_bsp.a(alt_irq_vars.o)
                0x000000000000ec9c                alt_irq_active
 .sbss          0x000000000000eca0        0x8 hal_bsp//libhal_bsp.a(alt_tick.o)
                0x000000000000eca0                _alt_tick_rate
                0x000000000000eca4                _alt_nticks
 .sbss          0x000000000000eca8        0x4 hal_bsp//libhal_bsp.a(alt_instruction_exception_entry.o)
                0x000000000000eca8                alt_instruction_exception_handler
 *(.sbss2 .sbss2.* .gnu.linkonce.sb2.*)
 *(.scommon)
                [!provide]                        PROVIDE (__sbss_end, ABSOLUTE (.))
                [!provide]                        PROVIDE (___sbss_end, ABSOLUTE (.))
 *(.dynbss)
 *(.bss .bss.* .gnu.linkonce.b.*)
 .bss           0x000000000000ecac        0x0 hal_bsp//obj/HAL/src/crt0.o
 .bss           0x000000000000ecac        0x0 obj/default/main.o
 .bss           0x000000000000ecac        0x9 obj/default/small_printing.o
 .bss           0x000000000000ecb5        0x0 /home/pp/altera/16.0/nios2eds/bin/gnu/H-x86_64-pc-linux-gnu/bin/../lib/gcc/nios2-elf/5.2.0/mno-hw-mul/libgcc.a(lib2-divmod.o)
 .bss           0x000000000000ecb5        0x0 /home/pp/altera/16.0/nios2eds/bin/gnu/H-x86_64-pc-linux-gnu/bin/../lib/gcc/nios2-elf/5.2.0/../../../../../H-x86_64-pc-linux-gnu/nios2-elf/lib/mno-hw-mul/libc.a(lib_a-fputc.o)
 .bss           0x000000000000ecb5        0x0 /home/pp/altera/16.0/nios2eds/bin/gnu/H-x86_64-pc-linux-gnu/bin/../lib/gcc/nios2-elf/5.2.0/../../../../../H-x86_64-pc-linux-gnu/nios2-elf/lib/mno-hw-mul/libc.a(lib_a-getc.o)
 .bss           0x000000000000ecb5        0x0 /home/pp/altera/16.0/nios2eds/bin/gnu/H-x86_64-pc-linux-gnu/bin/../lib/gcc/nios2-elf/5.2.0/../../../../../H-x86_64-pc-linux-gnu/nios2-elf/lib/mno-hw-mul/libc.a(lib_a-impure.o)
 .bss           0x000000000000ecb5        0x0 /home/pp/altera/16.0/nios2eds/bin/gnu/H-x86_64-pc-linux-gnu/bin/../lib/gcc/nios2-elf/5.2.0/../../../../../H-x86_64-pc-linux-gnu/nios2-elf/lib/mno-hw-mul/libc.a(lib_a-putc.o)
 .bss           0x000000000000ecb5        0x0 /home/pp/altera/16.0/nios2eds/bin/gnu/H-x86_64-pc-linux-gnu/bin/../lib/gcc/nios2-elf/5.2.0/../../../../../H-x86_64-pc-linux-gnu/nios2-elf/lib/mno-hw-mul/libc.a(lib_a-rget.o)
 .bss           0x000000000000ecb5        0x0 /home/pp/altera/16.0/nios2eds/bin/gnu/H-x86_64-pc-linux-gnu/bin/../lib/gcc/nios2-elf/5.2.0/../../../../../H-x86_64-pc-linux-gnu/nios2-elf/lib/mno-hw-mul/libc.a(lib_a-wbuf.o)
 .bss           0x000000000000ecb5        0x0 /home/pp/altera/16.0/nios2eds/bin/gnu/H-x86_64-pc-linux-gnu/bin/../lib/gcc/nios2-elf/5.2.0/../../../../../H-x86_64-pc-linux-gnu/nios2-elf/lib/mno-hw-mul/libc.a(lib_a-wsetup.o)
 .bss           0x000000000000ecb5        0x0 /home/pp/altera/16.0/nios2eds/bin/gnu/H-x86_64-pc-linux-gnu/bin/../lib/gcc/nios2-elf/5.2.0/../../../../../H-x86_64-pc-linux-gnu/nios2-elf/lib/mno-hw-mul/libc.a(lib_a-fflush.o)
 .bss           0x000000000000ecb5        0x0 /home/pp/altera/16.0/nios2eds/bin/gnu/H-x86_64-pc-linux-gnu/bin/../lib/gcc/nios2-elf/5.2.0/../../../../../H-x86_64-pc-linux-gnu/nios2-elf/lib/mno-hw-mul/libc.a(lib_a-findfp.o)
 .bss           0x000000000000ecb5        0x0 /home/pp/altera/16.0/nios2eds/bin/gnu/H-x86_64-pc-linux-gnu/bin/../lib/gcc/nios2-elf/5.2.0/../../../../../H-x86_64-pc-linux-gnu/nios2-elf/lib/mno-hw-mul/libc.a(lib_a-freer.o)
 .bss           0x000000000000ecb5        0x0 /home/pp/altera/16.0/nios2eds/bin/gnu/H-x86_64-pc-linux-gnu/bin/../lib/gcc/nios2-elf/5.2.0/../../../../../H-x86_64-pc-linux-gnu/nios2-elf/lib/mno-hw-mul/libc.a(lib_a-fwalk.o)
 .bss           0x000000000000ecb5        0x0 /home/pp/altera/16.0/nios2eds/bin/gnu/H-x86_64-pc-linux-gnu/bin/../lib/gcc/nios2-elf/5.2.0/../../../../../H-x86_64-pc-linux-gnu/nios2-elf/lib/mno-hw-mul/libc.a(lib_a-makebuf.o)
 .bss           0x000000000000ecb5        0x0 /home/pp/altera/16.0/nios2eds/bin/gnu/H-x86_64-pc-linux-gnu/bin/../lib/gcc/nios2-elf/5.2.0/../../../../../H-x86_64-pc-linux-gnu/nios2-elf/lib/mno-hw-mul/libc.a(lib_a-mallocr.o)
 *fill*         0x000000000000ecb5        0x3 
 .bss.__malloc_current_mallinfo
                0x000000000000ecb8       0x28 /home/pp/altera/16.0/nios2eds/bin/gnu/H-x86_64-pc-linux-gnu/bin/../lib/gcc/nios2-elf/5.2.0/../../../../../H-x86_64-pc-linux-gnu/nios2-elf/lib/mno-hw-mul/libc.a(lib_a-mallocr.o)
                0x000000000000ecb8                __malloc_current_mallinfo
 .bss           0x000000000000ece0        0x0 /home/pp/altera/16.0/nios2eds/bin/gnu/H-x86_64-pc-linux-gnu/bin/../lib/gcc/nios2-elf/5.2.0/../../../../../H-x86_64-pc-linux-gnu/nios2-elf/lib/mno-hw-mul/libc.a(lib_a-memset.o)
 .bss           0x000000000000ece0        0x0 /home/pp/altera/16.0/nios2eds/bin/gnu/H-x86_64-pc-linux-gnu/bin/../lib/gcc/nios2-elf/5.2.0/../../../../../H-x86_64-pc-linux-gnu/nios2-elf/lib/mno-hw-mul/libc.a(lib_a-refill.o)
 .bss           0x000000000000ece0        0x0 /home/pp/altera/16.0/nios2eds/bin/gnu/H-x86_64-pc-linux-gnu/bin/../lib/gcc/nios2-elf/5.2.0/../../../../../H-x86_64-pc-linux-gnu/nios2-elf/lib/mno-hw-mul/libc.a(lib_a-sbrkr.o)
 .bss           0x000000000000ece0        0x0 /home/pp/altera/16.0/nios2eds/bin/gnu/H-x86_64-pc-linux-gnu/bin/../lib/gcc/nios2-elf/5.2.0/../../../../../H-x86_64-pc-linux-gnu/nios2-elf/lib/mno-hw-mul/libc.a(lib_a-stdio.o)
 .bss           0x000000000000ece0        0x0 /home/pp/altera/16.0/nios2eds/bin/gnu/H-x86_64-pc-linux-gnu/bin/../lib/gcc/nios2-elf/5.2.0/../../../../../H-x86_64-pc-linux-gnu/nios2-elf/lib/mno-hw-mul/libc.a(lib_a-writer.o)
 .bss           0x000000000000ece0        0x0 /home/pp/altera/16.0/nios2eds/bin/gnu/H-x86_64-pc-linux-gnu/bin/../lib/gcc/nios2-elf/5.2.0/../../../../../H-x86_64-pc-linux-gnu/nios2-elf/lib/mno-hw-mul/libc.a(closer.o)
 .bss           0x000000000000ece0        0x0 /home/pp/altera/16.0/nios2eds/bin/gnu/H-x86_64-pc-linux-gnu/bin/../lib/gcc/nios2-elf/5.2.0/../../../../../H-x86_64-pc-linux-gnu/nios2-elf/lib/mno-hw-mul/libc.a(lib_a-fclose.o)
 .bss           0x000000000000ece0        0x0 /home/pp/altera/16.0/nios2eds/bin/gnu/H-x86_64-pc-linux-gnu/bin/../lib/gcc/nios2-elf/5.2.0/../../../../../H-x86_64-pc-linux-gnu/nios2-elf/lib/mno-hw-mul/libc.a(lib_a-fstatr.o)
 .bss           0x000000000000ece0        0x0 /home/pp/altera/16.0/nios2eds/bin/gnu/H-x86_64-pc-linux-gnu/bin/../lib/gcc/nios2-elf/5.2.0/../../../../../H-x86_64-pc-linux-gnu/nios2-elf/lib/mno-hw-mul/libc.a(lib_a-int_errno.o)
 .bss           0x000000000000ece0        0x0 /home/pp/altera/16.0/nios2eds/bin/gnu/H-x86_64-pc-linux-gnu/bin/../lib/gcc/nios2-elf/5.2.0/../../../../../H-x86_64-pc-linux-gnu/nios2-elf/lib/mno-hw-mul/libc.a(lib_a-isattyr.o)
 .bss           0x000000000000ece0        0x0 /home/pp/altera/16.0/nios2eds/bin/gnu/H-x86_64-pc-linux-gnu/bin/../lib/gcc/nios2-elf/5.2.0/../../../../../H-x86_64-pc-linux-gnu/nios2-elf/lib/mno-hw-mul/libc.a(lib_a-lseekr.o)
 .bss           0x000000000000ece0        0x0 /home/pp/altera/16.0/nios2eds/bin/gnu/H-x86_64-pc-linux-gnu/bin/../lib/gcc/nios2-elf/5.2.0/../../../../../H-x86_64-pc-linux-gnu/nios2-elf/lib/mno-hw-mul/libc.a(lib_a-readr.o)
 .bss           0x000000000000ece0        0x0 /home/pp/altera/16.0/nios2eds/bin/gnu/H-x86_64-pc-linux-gnu/bin/../lib/gcc/nios2-elf/5.2.0/mno-hw-mul/libgcc.a(lib2-mul.o)
 .bss           0x000000000000ece0        0x0 hal_bsp//libhal_bsp.a(alt_close.o)
 .bss           0x000000000000ece0        0x0 hal_bsp//libhal_bsp.a(alt_dev.o)
 .bss           0x000000000000ece0        0x0 hal_bsp//libhal_bsp.a(alt_errno.o)
 .bss           0x000000000000ece0        0x0 hal_bsp//libhal_bsp.a(alt_fstat.o)
 .bss           0x000000000000ece0        0x0 hal_bsp//libhal_bsp.a(alt_isatty.o)
 .bss           0x000000000000ece0        0x0 hal_bsp//libhal_bsp.a(alt_load.o)
 .bss           0x000000000000ece0        0x0 hal_bsp//libhal_bsp.a(alt_lseek.o)
 .bss           0x000000000000ece0        0x0 hal_bsp//libhal_bsp.a(alt_main.o)
 .bss           0x000000000000ece0        0x0 hal_bsp//libhal_bsp.a(alt_malloc_lock.o)
 .bss           0x000000000000ece0        0x0 hal_bsp//libhal_bsp.a(alt_read.o)
 .bss           0x000000000000ece0        0x0 hal_bsp//libhal_bsp.a(alt_release_fd.o)
 .bss           0x000000000000ece0        0x0 hal_bsp//libhal_bsp.a(alt_sbrk.o)
 .bss           0x000000000000ece0        0x0 hal_bsp//libhal_bsp.a(alt_write.o)
 .bss           0x000000000000ece0        0x0 hal_bsp//libhal_bsp.a(alt_sys_init.o)
 .bss           0x000000000000ece0        0x0 hal_bsp//libhal_bsp.a(altera_avalon_timer_sc.o)
 .bss           0x000000000000ece0        0x0 hal_bsp//libhal_bsp.a(altera_avalon_uart_fd.o)
 .bss           0x000000000000ece0        0x0 hal_bsp//libhal_bsp.a(altera_avalon_uart_init.o)
 .bss           0x000000000000ece0        0x0 hal_bsp//libhal_bsp.a(altera_avalon_uart_read.o)
 .bss           0x000000000000ece0        0x0 hal_bsp//libhal_bsp.a(altera_avalon_uart_write.o)
 .bss           0x000000000000ece0        0x0 hal_bsp//libhal_bsp.a(alt_dcache_flush_all.o)
 .bss           0x000000000000ece0        0x0 hal_bsp//libhal_bsp.a(alt_dev_llist_insert.o)
 .bss           0x000000000000ece0        0x0 hal_bsp//libhal_bsp.a(alt_do_ctors.o)
 .bss           0x000000000000ece0        0x0 hal_bsp//libhal_bsp.a(alt_do_dtors.o)
 .bss           0x000000000000ece0        0x0 hal_bsp//libhal_bsp.a(alt_icache_flush_all.o)
 .bss           0x000000000000ece0        0x0 hal_bsp//libhal_bsp.a(alt_iic.o)
 .bss           0x000000000000ece0        0x0 hal_bsp//libhal_bsp.a(alt_iic_isr_register.o)
 .bss           0x000000000000ece0        0x0 hal_bsp//libhal_bsp.a(alt_io_redirect.o)
 .bss           0x000000000000ece0        0x0 hal_bsp//libhal_bsp.a(alt_irq_entry.o)
 .bss           0x000000000000ece0        0x0 hal_bsp//libhal_bsp.a(alt_irq_handler.o)
 .bss           0x000000000000ece0        0x0 hal_bsp//libhal_bsp.a(alt_irq_vars.o)
 .bss           0x000000000000ece0        0x0 hal_bsp//libhal_bsp.a(alt_open.o)
 .bss           0x000000000000ece0        0x0 hal_bsp//libhal_bsp.a(alt_tick.o)
 .bss           0x000000000000ece0        0x0 hal_bsp//libhal_bsp.a(altera_nios2_gen2_irq.o)
 .bss           0x000000000000ece0        0x0 hal_bsp//libhal_bsp.a(alt_exception_entry.o)
 .bss           0x000000000000ece0        0x0 hal_bsp//libhal_bsp.a(alt_find_dev.o)
 .bss           0x000000000000ece0        0x0 hal_bsp//libhal_bsp.a(alt_find_file.o)
 .bss           0x000000000000ece0        0x0 hal_bsp//libhal_bsp.a(alt_get_fd.o)
 .bss           0x000000000000ece0        0x0 hal_bsp//libhal_bsp.a(alt_instruction_exception_entry.o)
 .bss           0x000000000000ece0        0x0 /home/pp/altera/16.0/nios2eds/bin/gnu/H-x86_64-pc-linux-gnu/bin/../lib/gcc/nios2-elf/5.2.0/../../../../../H-x86_64-pc-linux-gnu/nios2-elf/lib/mno-hw-mul/libc.a(lib_a-atexit.o)
 .bss           0x000000000000ece0        0x0 /home/pp/altera/16.0/nios2eds/bin/gnu/H-x86_64-pc-linux-gnu/bin/../lib/gcc/nios2-elf/5.2.0/../../../../../H-x86_64-pc-linux-gnu/nios2-elf/lib/mno-hw-mul/libc.a(lib_a-exit.o)
 .bss           0x000000000000ece0        0x0 /home/pp/altera/16.0/nios2eds/bin/gnu/H-x86_64-pc-linux-gnu/bin/../lib/gcc/nios2-elf/5.2.0/../../../../../H-x86_64-pc-linux-gnu/nios2-elf/lib/mno-hw-mul/libc.a(lib_a-memcmp.o)
 .bss           0x000000000000ece0        0x0 /home/pp/altera/16.0/nios2eds/bin/gnu/H-x86_64-pc-linux-gnu/bin/../lib/gcc/nios2-elf/5.2.0/../../../../../H-x86_64-pc-linux-gnu/nios2-elf/lib/mno-hw-mul/libc.a(lib_a-strlen.o)
 .bss           0x000000000000ece0        0x0 /home/pp/altera/16.0/nios2eds/bin/gnu/H-x86_64-pc-linux-gnu/bin/../lib/gcc/nios2-elf/5.2.0/../../../../../H-x86_64-pc-linux-gnu/nios2-elf/lib/mno-hw-mul/libc.a(lib_a-__atexit.o)
 .bss           0x000000000000ece0        0x0 /home/pp/altera/16.0/nios2eds/bin/gnu/H-x86_64-pc-linux-gnu/bin/../lib/gcc/nios2-elf/5.2.0/../../../../../H-x86_64-pc-linux-gnu/nios2-elf/lib/mno-hw-mul/libc.a(lib_a-__call_atexit.o)
 .bss           0x000000000000ece0        0x0 hal_bsp//libhal_bsp.a(alt_exit.o)
 *(COMMON)
 COMMON         0x000000000000ece0      0x100 hal_bsp//libhal_bsp.a(alt_irq_handler.o)
                0x000000000000ece0                alt_irq
                0x000000000000ede0                . = ALIGN (0x4)
                0x000000000000ede0                __bss_end = ABSOLUTE (.)

.onchip_memory2_0
                0x000000000000ede0        0x0
                [!provide]                        PROVIDE (_alt_partition_onchip_memory2_0_start, ABSOLUTE (.))
 *(.onchip_memory2_0 .onchip_memory2_0. onchip_memory2_0.*)
                0x000000000000ede0                . = ALIGN (0x4)
                [!provide]                        PROVIDE (_alt_partition_onchip_memory2_0_end, ABSOLUTE (.))
                0x000000000000ede0                _end = ABSOLUTE (.)
                0x000000000000ede0                end = ABSOLUTE (.)
                0x000000000000ede0                __alt_stack_base = ABSOLUTE (.)
                [!provide]                        PROVIDE (_alt_partition_onchip_memory2_0_load_addr, LOADADDR (.onchip_memory2_0))

.stab
 *(.stab)

.stabstr
 *(.stabstr)

.stab.excl
 *(.stab.excl)

.stab.exclstr
 *(.stab.exclstr)

.stab.index
 *(.stab.index)

.stab.indexstr
 *(.stab.indexstr)

.comment        0x0000000000000000       0x23
 *(.comment)
 .comment       0x0000000000000000       0x23 obj/default/main.o
                                         0x24 (size before relaxing)
 .comment       0x0000000000000023       0x24 obj/default/small_printing.o
 .comment       0x0000000000000023       0x24 /home/pp/altera/16.0/nios2eds/bin/gnu/H-x86_64-pc-linux-gnu/bin/../lib/gcc/nios2-elf/5.2.0/mno-hw-mul/libgcc.a(lib2-divmod.o)
 .comment       0x0000000000000023       0x24 /home/pp/altera/16.0/nios2eds/bin/gnu/H-x86_64-pc-linux-gnu/bin/../lib/gcc/nios2-elf/5.2.0/../../../../../H-x86_64-pc-linux-gnu/nios2-elf/lib/mno-hw-mul/libc.a(lib_a-fputc.o)
 .comment       0x0000000000000023       0x24 /home/pp/altera/16.0/nios2eds/bin/gnu/H-x86_64-pc-linux-gnu/bin/../lib/gcc/nios2-elf/5.2.0/../../../../../H-x86_64-pc-linux-gnu/nios2-elf/lib/mno-hw-mul/libc.a(lib_a-getc.o)
 .comment       0x0000000000000023       0x24 /home/pp/altera/16.0/nios2eds/bin/gnu/H-x86_64-pc-linux-gnu/bin/../lib/gcc/nios2-elf/5.2.0/../../../../../H-x86_64-pc-linux-gnu/nios2-elf/lib/mno-hw-mul/libc.a(lib_a-impure.o)
 .comment       0x0000000000000023       0x24 /home/pp/altera/16.0/nios2eds/bin/gnu/H-x86_64-pc-linux-gnu/bin/../lib/gcc/nios2-elf/5.2.0/../../../../../H-x86_64-pc-linux-gnu/nios2-elf/lib/mno-hw-mul/libc.a(lib_a-putc.o)
 .comment       0x0000000000000023       0x24 /home/pp/altera/16.0/nios2eds/bin/gnu/H-x86_64-pc-linux-gnu/bin/../lib/gcc/nios2-elf/5.2.0/../../../../../H-x86_64-pc-linux-gnu/nios2-elf/lib/mno-hw-mul/libc.a(lib_a-rget.o)
 .comment       0x0000000000000023       0x24 /home/pp/altera/16.0/nios2eds/bin/gnu/H-x86_64-pc-linux-gnu/bin/../lib/gcc/nios2-elf/5.2.0/../../../../../H-x86_64-pc-linux-gnu/nios2-elf/lib/mno-hw-mul/libc.a(lib_a-wbuf.o)
 .comment       0x0000000000000023       0x24 /home/pp/altera/16.0/nios2eds/bin/gnu/H-x86_64-pc-linux-gnu/bin/../lib/gcc/nios2-elf/5.2.0/../../../../../H-x86_64-pc-linux-gnu/nios2-elf/lib/mno-hw-mul/libc.a(lib_a-wsetup.o)
 .comment       0x0000000000000023       0x24 /home/pp/altera/16.0/nios2eds/bin/gnu/H-x86_64-pc-linux-gnu/bin/../lib/gcc/nios2-elf/5.2.0/../../../../../H-x86_64-pc-linux-gnu/nios2-elf/lib/mno-hw-mul/libc.a(lib_a-fflush.o)
 .comment       0x0000000000000023       0x24 /home/pp/altera/16.0/nios2eds/bin/gnu/H-x86_64-pc-linux-gnu/bin/../lib/gcc/nios2-elf/5.2.0/../../../../../H-x86_64-pc-linux-gnu/nios2-elf/lib/mno-hw-mul/libc.a(lib_a-findfp.o)
 .comment       0x0000000000000023       0x24 /home/pp/altera/16.0/nios2eds/bin/gnu/H-x86_64-pc-linux-gnu/bin/../lib/gcc/nios2-elf/5.2.0/../../../../../H-x86_64-pc-linux-gnu/nios2-elf/lib/mno-hw-mul/libc.a(lib_a-freer.o)
 .comment       0x0000000000000023       0x24 /home/pp/altera/16.0/nios2eds/bin/gnu/H-x86_64-pc-linux-gnu/bin/../lib/gcc/nios2-elf/5.2.0/../../../../../H-x86_64-pc-linux-gnu/nios2-elf/lib/mno-hw-mul/libc.a(lib_a-fwalk.o)
 .comment       0x0000000000000023       0x24 /home/pp/altera/16.0/nios2eds/bin/gnu/H-x86_64-pc-linux-gnu/bin/../lib/gcc/nios2-elf/5.2.0/../../../../../H-x86_64-pc-linux-gnu/nios2-elf/lib/mno-hw-mul/libc.a(lib_a-makebuf.o)
 .comment       0x0000000000000023       0x24 /home/pp/altera/16.0/nios2eds/bin/gnu/H-x86_64-pc-linux-gnu/bin/../lib/gcc/nios2-elf/5.2.0/../../../../../H-x86_64-pc-linux-gnu/nios2-elf/lib/mno-hw-mul/libc.a(lib_a-mallocr.o)
 .comment       0x0000000000000023       0x24 /home/pp/altera/16.0/nios2eds/bin/gnu/H-x86_64-pc-linux-gnu/bin/../lib/gcc/nios2-elf/5.2.0/../../../../../H-x86_64-pc-linux-gnu/nios2-elf/lib/mno-hw-mul/libc.a(lib_a-memset.o)
 .comment       0x0000000000000023       0x24 /home/pp/altera/16.0/nios2eds/bin/gnu/H-x86_64-pc-linux-gnu/bin/../lib/gcc/nios2-elf/5.2.0/../../../../../H-x86_64-pc-linux-gnu/nios2-elf/lib/mno-hw-mul/libc.a(lib_a-refill.o)
 .comment       0x0000000000000023       0x24 /home/pp/altera/16.0/nios2eds/bin/gnu/H-x86_64-pc-linux-gnu/bin/../lib/gcc/nios2-elf/5.2.0/../../../../../H-x86_64-pc-linux-gnu/nios2-elf/lib/mno-hw-mul/libc.a(lib_a-sbrkr.o)
 .comment       0x0000000000000023       0x24 /home/pp/altera/16.0/nios2eds/bin/gnu/H-x86_64-pc-linux-gnu/bin/../lib/gcc/nios2-elf/5.2.0/../../../../../H-x86_64-pc-linux-gnu/nios2-elf/lib/mno-hw-mul/libc.a(lib_a-stdio.o)
 .comment       0x0000000000000023       0x24 /home/pp/altera/16.0/nios2eds/bin/gnu/H-x86_64-pc-linux-gnu/bin/../lib/gcc/nios2-elf/5.2.0/../../../../../H-x86_64-pc-linux-gnu/nios2-elf/lib/mno-hw-mul/libc.a(lib_a-writer.o)
 .comment       0x0000000000000023       0x24 /home/pp/altera/16.0/nios2eds/bin/gnu/H-x86_64-pc-linux-gnu/bin/../lib/gcc/nios2-elf/5.2.0/../../../../../H-x86_64-pc-linux-gnu/nios2-elf/lib/mno-hw-mul/libc.a(closer.o)
 .comment       0x0000000000000023       0x24 /home/pp/altera/16.0/nios2eds/bin/gnu/H-x86_64-pc-linux-gnu/bin/../lib/gcc/nios2-elf/5.2.0/../../../../../H-x86_64-pc-linux-gnu/nios2-elf/lib/mno-hw-mul/libc.a(lib_a-fclose.o)
 .comment       0x0000000000000023       0x24 /home/pp/altera/16.0/nios2eds/bin/gnu/H-x86_64-pc-linux-gnu/bin/../lib/gcc/nios2-elf/5.2.0/../../../../../H-x86_64-pc-linux-gnu/nios2-elf/lib/mno-hw-mul/libc.a(lib_a-fstatr.o)
 .comment       0x0000000000000023       0x24 /home/pp/altera/16.0/nios2eds/bin/gnu/H-x86_64-pc-linux-gnu/bin/../lib/gcc/nios2-elf/5.2.0/../../../../../H-x86_64-pc-linux-gnu/nios2-elf/lib/mno-hw-mul/libc.a(lib_a-int_errno.o)
 .comment       0x0000000000000023       0x24 /home/pp/altera/16.0/nios2eds/bin/gnu/H-x86_64-pc-linux-gnu/bin/../lib/gcc/nios2-elf/5.2.0/../../../../../H-x86_64-pc-linux-gnu/nios2-elf/lib/mno-hw-mul/libc.a(lib_a-isattyr.o)
 .comment       0x0000000000000023       0x24 /home/pp/altera/16.0/nios2eds/bin/gnu/H-x86_64-pc-linux-gnu/bin/../lib/gcc/nios2-elf/5.2.0/../../../../../H-x86_64-pc-linux-gnu/nios2-elf/lib/mno-hw-mul/libc.a(lib_a-lseekr.o)
 .comment       0x0000000000000023       0x24 /home/pp/altera/16.0/nios2eds/bin/gnu/H-x86_64-pc-linux-gnu/bin/../lib/gcc/nios2-elf/5.2.0/../../../../../H-x86_64-pc-linux-gnu/nios2-elf/lib/mno-hw-mul/libc.a(lib_a-readr.o)
 .comment       0x0000000000000023       0x24 /home/pp/altera/16.0/nios2eds/bin/gnu/H-x86_64-pc-linux-gnu/bin/../lib/gcc/nios2-elf/5.2.0/mno-hw-mul/libgcc.a(lib2-mul.o)
 .comment       0x0000000000000023       0x24 hal_bsp//libhal_bsp.a(alt_close.o)
 .comment       0x0000000000000023       0x24 hal_bsp//libhal_bsp.a(alt_dev.o)
 .comment       0x0000000000000023       0x24 hal_bsp//libhal_bsp.a(alt_errno.o)
 .comment       0x0000000000000023       0x24 hal_bsp//libhal_bsp.a(alt_fstat.o)
 .comment       0x0000000000000023       0x24 hal_bsp//libhal_bsp.a(alt_isatty.o)
 .comment       0x0000000000000023       0x24 hal_bsp//libhal_bsp.a(alt_load.o)
 .comment       0x0000000000000023       0x24 hal_bsp//libhal_bsp.a(alt_lseek.o)
 .comment       0x0000000000000023       0x24 hal_bsp//libhal_bsp.a(alt_main.o)
 .comment       0x0000000000000023       0x24 hal_bsp//libhal_bsp.a(alt_malloc_lock.o)
 .comment       0x0000000000000023       0x24 hal_bsp//libhal_bsp.a(alt_read.o)
 .comment       0x0000000000000023       0x24 hal_bsp//libhal_bsp.a(alt_release_fd.o)
 .comment       0x0000000000000023       0x24 hal_bsp//libhal_bsp.a(alt_sbrk.o)
 .comment       0x0000000000000023       0x24 hal_bsp//libhal_bsp.a(alt_write.o)
 .comment       0x0000000000000023       0x24 hal_bsp//libhal_bsp.a(alt_sys_init.o)
 .comment       0x0000000000000023       0x24 hal_bsp//libhal_bsp.a(altera_avalon_timer_sc.o)
 .comment       0x0000000000000023       0x24 hal_bsp//libhal_bsp.a(altera_avalon_uart_fd.o)
 .comment       0x0000000000000023       0x24 hal_bsp//libhal_bsp.a(altera_avalon_uart_init.o)
 .comment       0x0000000000000023       0x24 hal_bsp//libhal_bsp.a(altera_avalon_uart_read.o)
 .comment       0x0000000000000023       0x24 hal_bsp//libhal_bsp.a(altera_avalon_uart_write.o)
 .comment       0x0000000000000023       0x24 hal_bsp//libhal_bsp.a(alt_dcache_flush_all.o)
 .comment       0x0000000000000023       0x24 hal_bsp//libhal_bsp.a(alt_dev_llist_insert.o)
 .comment       0x0000000000000023       0x24 hal_bsp//libhal_bsp.a(alt_do_ctors.o)
 .comment       0x0000000000000023       0x24 hal_bsp//libhal_bsp.a(alt_do_dtors.o)
 .comment       0x0000000000000023       0x24 hal_bsp//libhal_bsp.a(alt_icache_flush_all.o)
 .comment       0x0000000000000023       0x24 hal_bsp//libhal_bsp.a(alt_iic.o)
 .comment       0x0000000000000023       0x24 hal_bsp//libhal_bsp.a(alt_iic_isr_register.o)
 .comment       0x0000000000000023       0x24 hal_bsp//libhal_bsp.a(alt_io_redirect.o)
 .comment       0x0000000000000023       0x24 hal_bsp//libhal_bsp.a(alt_irq_handler.o)
 .comment       0x0000000000000023       0x24 hal_bsp//libhal_bsp.a(alt_irq_vars.o)
 .comment       0x0000000000000023       0x24 hal_bsp//libhal_bsp.a(alt_open.o)
 .comment       0x0000000000000023       0x24 hal_bsp//libhal_bsp.a(alt_tick.o)
 .comment       0x0000000000000023       0x24 hal_bsp//libhal_bsp.a(altera_nios2_gen2_irq.o)
 .comment       0x0000000000000023       0x24 hal_bsp//libhal_bsp.a(alt_find_dev.o)
 .comment       0x0000000000000023       0x24 hal_bsp//libhal_bsp.a(alt_find_file.o)
 .comment       0x0000000000000023       0x24 hal_bsp//libhal_bsp.a(alt_get_fd.o)
 .comment       0x0000000000000023       0x24 hal_bsp//libhal_bsp.a(alt_instruction_exception_entry.o)
 .comment       0x0000000000000023       0x24 /home/pp/altera/16.0/nios2eds/bin/gnu/H-x86_64-pc-linux-gnu/bin/../lib/gcc/nios2-elf/5.2.0/../../../../../H-x86_64-pc-linux-gnu/nios2-elf/lib/mno-hw-mul/libc.a(lib_a-atexit.o)
 .comment       0x0000000000000023       0x24 /home/pp/altera/16.0/nios2eds/bin/gnu/H-x86_64-pc-linux-gnu/bin/../lib/gcc/nios2-elf/5.2.0/../../../../../H-x86_64-pc-linux-gnu/nios2-elf/lib/mno-hw-mul/libc.a(lib_a-exit.o)
 .comment       0x0000000000000023       0x24 /home/pp/altera/16.0/nios2eds/bin/gnu/H-x86_64-pc-linux-gnu/bin/../lib/gcc/nios2-elf/5.2.0/../../../../../H-x86_64-pc-linux-gnu/nios2-elf/lib/mno-hw-mul/libc.a(lib_a-memcmp.o)
 .comment       0x0000000000000023       0x24 /home/pp/altera/16.0/nios2eds/bin/gnu/H-x86_64-pc-linux-gnu/bin/../lib/gcc/nios2-elf/5.2.0/../../../../../H-x86_64-pc-linux-gnu/nios2-elf/lib/mno-hw-mul/libc.a(lib_a-strlen.o)
 .comment       0x0000000000000023       0x24 /home/pp/altera/16.0/nios2eds/bin/gnu/H-x86_64-pc-linux-gnu/bin/../lib/gcc/nios2-elf/5.2.0/../../../../../H-x86_64-pc-linux-gnu/nios2-elf/lib/mno-hw-mul/libc.a(lib_a-__atexit.o)
 .comment       0x0000000000000023       0x24 /home/pp/altera/16.0/nios2eds/bin/gnu/H-x86_64-pc-linux-gnu/bin/../lib/gcc/nios2-elf/5.2.0/../../../../../H-x86_64-pc-linux-gnu/nios2-elf/lib/mno-hw-mul/libc.a(lib_a-__call_atexit.o)
 .comment       0x0000000000000023       0x24 hal_bsp//libhal_bsp.a(alt_exit.o)

.debug
 *(.debug)

.line
 *(.line)

.debug_srcinfo
 *(.debug_srcinfo)

.debug_sfnames
 *(.debug_sfnames)

.debug_aranges  0x0000000000000000      0xa38
 *(.debug_aranges)
 .debug_aranges
                0x0000000000000000       0x28 hal_bsp//obj/HAL/src/crt0.o
 .debug_aranges
                0x0000000000000028       0x20 obj/default/main.o
 .debug_aranges
                0x0000000000000048       0x20 obj/default/small_printing.o
 .debug_aranges
                0x0000000000000068       0x20 /home/pp/altera/16.0/nios2eds/bin/gnu/H-x86_64-pc-linux-gnu/bin/../lib/gcc/nios2-elf/5.2.0/mno-hw-mul/libgcc.a(lib2-divmod.o)
 .debug_aranges
                0x0000000000000088       0x28 /home/pp/altera/16.0/nios2eds/bin/gnu/H-x86_64-pc-linux-gnu/bin/../lib/gcc/nios2-elf/5.2.0/../../../../../H-x86_64-pc-linux-gnu/nios2-elf/lib/mno-hw-mul/libc.a(lib_a-fputc.o)
 .debug_aranges
                0x00000000000000b0       0x28 /home/pp/altera/16.0/nios2eds/bin/gnu/H-x86_64-pc-linux-gnu/bin/../lib/gcc/nios2-elf/5.2.0/../../../../../H-x86_64-pc-linux-gnu/nios2-elf/lib/mno-hw-mul/libc.a(lib_a-getc.o)
 .debug_aranges
                0x00000000000000d8       0x18 /home/pp/altera/16.0/nios2eds/bin/gnu/H-x86_64-pc-linux-gnu/bin/../lib/gcc/nios2-elf/5.2.0/../../../../../H-x86_64-pc-linux-gnu/nios2-elf/lib/mno-hw-mul/libc.a(lib_a-impure.o)
 .debug_aranges
                0x00000000000000f0       0x28 /home/pp/altera/16.0/nios2eds/bin/gnu/H-x86_64-pc-linux-gnu/bin/../lib/gcc/nios2-elf/5.2.0/../../../../../H-x86_64-pc-linux-gnu/nios2-elf/lib/mno-hw-mul/libc.a(lib_a-putc.o)
 .debug_aranges
                0x0000000000000118       0x28 /home/pp/altera/16.0/nios2eds/bin/gnu/H-x86_64-pc-linux-gnu/bin/../lib/gcc/nios2-elf/5.2.0/../../../../../H-x86_64-pc-linux-gnu/nios2-elf/lib/mno-hw-mul/libc.a(lib_a-rget.o)
 .debug_aranges
                0x0000000000000140       0x28 /home/pp/altera/16.0/nios2eds/bin/gnu/H-x86_64-pc-linux-gnu/bin/../lib/gcc/nios2-elf/5.2.0/../../../../../H-x86_64-pc-linux-gnu/nios2-elf/lib/mno-hw-mul/libc.a(lib_a-wbuf.o)
 .debug_aranges
                0x0000000000000168       0x20 /home/pp/altera/16.0/nios2eds/bin/gnu/H-x86_64-pc-linux-gnu/bin/../lib/gcc/nios2-elf/5.2.0/../../../../../H-x86_64-pc-linux-gnu/nios2-elf/lib/mno-hw-mul/libc.a(lib_a-wsetup.o)
 .debug_aranges
                0x0000000000000188       0x30 /home/pp/altera/16.0/nios2eds/bin/gnu/H-x86_64-pc-linux-gnu/bin/../lib/gcc/nios2-elf/5.2.0/../../../../../H-x86_64-pc-linux-gnu/nios2-elf/lib/mno-hw-mul/libc.a(lib_a-fflush.o)
 .debug_aranges
                0x00000000000001b8       0x68 /home/pp/altera/16.0/nios2eds/bin/gnu/H-x86_64-pc-linux-gnu/bin/../lib/gcc/nios2-elf/5.2.0/../../../../../H-x86_64-pc-linux-gnu/nios2-elf/lib/mno-hw-mul/libc.a(lib_a-findfp.o)
 .debug_aranges
                0x0000000000000220       0x28 /home/pp/altera/16.0/nios2eds/bin/gnu/H-x86_64-pc-linux-gnu/bin/../lib/gcc/nios2-elf/5.2.0/../../../../../H-x86_64-pc-linux-gnu/nios2-elf/lib/mno-hw-mul/libc.a(lib_a-freer.o)
 .debug_aranges
                0x0000000000000248       0x28 /home/pp/altera/16.0/nios2eds/bin/gnu/H-x86_64-pc-linux-gnu/bin/../lib/gcc/nios2-elf/5.2.0/../../../../../H-x86_64-pc-linux-gnu/nios2-elf/lib/mno-hw-mul/libc.a(lib_a-fwalk.o)
 .debug_aranges
                0x0000000000000270       0x20 /home/pp/altera/16.0/nios2eds/bin/gnu/H-x86_64-pc-linux-gnu/bin/../lib/gcc/nios2-elf/5.2.0/../../../../../H-x86_64-pc-linux-gnu/nios2-elf/lib/mno-hw-mul/libc.a(lib_a-makebuf.o)
 .debug_aranges
                0x0000000000000290       0x20 /home/pp/altera/16.0/nios2eds/bin/gnu/H-x86_64-pc-linux-gnu/bin/../lib/gcc/nios2-elf/5.2.0/../../../../../H-x86_64-pc-linux-gnu/nios2-elf/lib/mno-hw-mul/libc.a(lib_a-mallocr.o)
 .debug_aranges
                0x00000000000002b0       0x20 /home/pp/altera/16.0/nios2eds/bin/gnu/H-x86_64-pc-linux-gnu/bin/../lib/gcc/nios2-elf/5.2.0/../../../../../H-x86_64-pc-linux-gnu/nios2-elf/lib/mno-hw-mul/libc.a(lib_a-memset.o)
 .debug_aranges
                0x00000000000002d0       0x28 /home/pp/altera/16.0/nios2eds/bin/gnu/H-x86_64-pc-linux-gnu/bin/../lib/gcc/nios2-elf/5.2.0/../../../../../H-x86_64-pc-linux-gnu/nios2-elf/lib/mno-hw-mul/libc.a(lib_a-refill.o)
 .debug_aranges
                0x00000000000002f8       0x20 /home/pp/altera/16.0/nios2eds/bin/gnu/H-x86_64-pc-linux-gnu/bin/../lib/gcc/nios2-elf/5.2.0/../../../../../H-x86_64-pc-linux-gnu/nios2-elf/lib/mno-hw-mul/libc.a(lib_a-sbrkr.o)
 .debug_aranges
                0x0000000000000318       0x40 /home/pp/altera/16.0/nios2eds/bin/gnu/H-x86_64-pc-linux-gnu/bin/../lib/gcc/nios2-elf/5.2.0/../../../../../H-x86_64-pc-linux-gnu/nios2-elf/lib/mno-hw-mul/libc.a(lib_a-stdio.o)
 .debug_aranges
                0x0000000000000358       0x20 /home/pp/altera/16.0/nios2eds/bin/gnu/H-x86_64-pc-linux-gnu/bin/../lib/gcc/nios2-elf/5.2.0/../../../../../H-x86_64-pc-linux-gnu/nios2-elf/lib/mno-hw-mul/libc.a(lib_a-writer.o)
 .debug_aranges
                0x0000000000000378       0x20 /home/pp/altera/16.0/nios2eds/bin/gnu/H-x86_64-pc-linux-gnu/bin/../lib/gcc/nios2-elf/5.2.0/../../../../../H-x86_64-pc-linux-gnu/nios2-elf/lib/mno-hw-mul/libc.a(closer.o)
 .debug_aranges
                0x0000000000000398       0x28 /home/pp/altera/16.0/nios2eds/bin/gnu/H-x86_64-pc-linux-gnu/bin/../lib/gcc/nios2-elf/5.2.0/../../../../../H-x86_64-pc-linux-gnu/nios2-elf/lib/mno-hw-mul/libc.a(lib_a-fclose.o)
 .debug_aranges
                0x00000000000003c0       0x20 /home/pp/altera/16.0/nios2eds/bin/gnu/H-x86_64-pc-linux-gnu/bin/../lib/gcc/nios2-elf/5.2.0/../../../../../H-x86_64-pc-linux-gnu/nios2-elf/lib/mno-hw-mul/libc.a(lib_a-fstatr.o)
 .debug_aranges
                0x00000000000003e0       0x18 /home/pp/altera/16.0/nios2eds/bin/gnu/H-x86_64-pc-linux-gnu/bin/../lib/gcc/nios2-elf/5.2.0/../../../../../H-x86_64-pc-linux-gnu/nios2-elf/lib/mno-hw-mul/libc.a(lib_a-int_errno.o)
 .debug_aranges
                0x00000000000003f8       0x20 /home/pp/altera/16.0/nios2eds/bin/gnu/H-x86_64-pc-linux-gnu/bin/../lib/gcc/nios2-elf/5.2.0/../../../../../H-x86_64-pc-linux-gnu/nios2-elf/lib/mno-hw-mul/libc.a(lib_a-isattyr.o)
 .debug_aranges
                0x0000000000000418       0x20 /home/pp/altera/16.0/nios2eds/bin/gnu/H-x86_64-pc-linux-gnu/bin/../lib/gcc/nios2-elf/5.2.0/../../../../../H-x86_64-pc-linux-gnu/nios2-elf/lib/mno-hw-mul/libc.a(lib_a-lseekr.o)
 .debug_aranges
                0x0000000000000438       0x20 /home/pp/altera/16.0/nios2eds/bin/gnu/H-x86_64-pc-linux-gnu/bin/../lib/gcc/nios2-elf/5.2.0/../../../../../H-x86_64-pc-linux-gnu/nios2-elf/lib/mno-hw-mul/libc.a(lib_a-readr.o)
 .debug_aranges
                0x0000000000000458       0x20 /home/pp/altera/16.0/nios2eds/bin/gnu/H-x86_64-pc-linux-gnu/bin/../lib/gcc/nios2-elf/5.2.0/mno-hw-mul/libgcc.a(lib2-mul.o)
 .debug_aranges
                0x0000000000000478       0x20 hal_bsp//libhal_bsp.a(alt_close.o)
 .debug_aranges
                0x0000000000000498       0x20 hal_bsp//libhal_bsp.a(alt_dev.o)
 .debug_aranges
                0x00000000000004b8       0x18 hal_bsp//libhal_bsp.a(alt_errno.o)
 .debug_aranges
                0x00000000000004d0       0x20 hal_bsp//libhal_bsp.a(alt_fstat.o)
 .debug_aranges
                0x00000000000004f0       0x20 hal_bsp//libhal_bsp.a(alt_isatty.o)
 .debug_aranges
                0x0000000000000510       0x20 hal_bsp//libhal_bsp.a(alt_load.o)
 .debug_aranges
                0x0000000000000530       0x20 hal_bsp//libhal_bsp.a(alt_lseek.o)
 .debug_aranges
                0x0000000000000550       0x20 hal_bsp//libhal_bsp.a(alt_main.o)
 .debug_aranges
                0x0000000000000570       0x20 hal_bsp//libhal_bsp.a(alt_malloc_lock.o)
 .debug_aranges
                0x0000000000000590       0x20 hal_bsp//libhal_bsp.a(alt_read.o)
 .debug_aranges
                0x00000000000005b0       0x20 hal_bsp//libhal_bsp.a(alt_release_fd.o)
 .debug_aranges
                0x00000000000005d0       0x20 hal_bsp//libhal_bsp.a(alt_sbrk.o)
 .debug_aranges
                0x00000000000005f0       0x20 hal_bsp//libhal_bsp.a(alt_write.o)
 .debug_aranges
                0x0000000000000610       0x20 hal_bsp//libhal_bsp.a(alt_sys_init.o)
 .debug_aranges
                0x0000000000000630       0x20 hal_bsp//libhal_bsp.a(altera_avalon_timer_sc.o)
 .debug_aranges
                0x0000000000000650       0x20 hal_bsp//libhal_bsp.a(altera_avalon_uart_fd.o)
 .debug_aranges
                0x0000000000000670       0x20 hal_bsp//libhal_bsp.a(altera_avalon_uart_init.o)
 .debug_aranges
                0x0000000000000690       0x20 hal_bsp//libhal_bsp.a(altera_avalon_uart_read.o)
 .debug_aranges
                0x00000000000006b0       0x20 hal_bsp//libhal_bsp.a(altera_avalon_uart_write.o)
 .debug_aranges
                0x00000000000006d0       0x20 hal_bsp//libhal_bsp.a(alt_dcache_flush_all.o)
 .debug_aranges
                0x00000000000006f0       0x20 hal_bsp//libhal_bsp.a(alt_dev_llist_insert.o)
 .debug_aranges
                0x0000000000000710       0x20 hal_bsp//libhal_bsp.a(alt_do_ctors.o)
 .debug_aranges
                0x0000000000000730       0x20 hal_bsp//libhal_bsp.a(alt_do_dtors.o)
 .debug_aranges
                0x0000000000000750       0x20 hal_bsp//libhal_bsp.a(alt_icache_flush_all.o)
 .debug_aranges
                0x0000000000000770       0x20 hal_bsp//libhal_bsp.a(alt_iic.o)
 .debug_aranges
                0x0000000000000790       0x20 hal_bsp//libhal_bsp.a(alt_iic_isr_register.o)
 .debug_aranges
                0x00000000000007b0       0x20 hal_bsp//libhal_bsp.a(alt_io_redirect.o)
 .debug_aranges
                0x00000000000007d0       0x30 hal_bsp//libhal_bsp.a(alt_irq_entry.o)
 .debug_aranges
                0x0000000000000800       0x20 hal_bsp//libhal_bsp.a(alt_irq_handler.o)
 .debug_aranges
                0x0000000000000820       0x18 hal_bsp//libhal_bsp.a(alt_irq_vars.o)
 .debug_aranges
                0x0000000000000838       0x20 hal_bsp//libhal_bsp.a(alt_open.o)
 .debug_aranges
                0x0000000000000858       0x20 hal_bsp//libhal_bsp.a(alt_tick.o)
 .debug_aranges
                0x0000000000000878       0x20 hal_bsp//libhal_bsp.a(altera_nios2_gen2_irq.o)
 .debug_aranges
                0x0000000000000898       0x38 hal_bsp//libhal_bsp.a(alt_exception_entry.o)
 .debug_aranges
                0x00000000000008d0       0x20 hal_bsp//libhal_bsp.a(alt_find_dev.o)
 .debug_aranges
                0x00000000000008f0       0x20 hal_bsp//libhal_bsp.a(alt_find_file.o)
 .debug_aranges
                0x0000000000000910       0x20 hal_bsp//libhal_bsp.a(alt_get_fd.o)
 .debug_aranges
                0x0000000000000930       0x28 hal_bsp//libhal_bsp.a(alt_instruction_exception_entry.o)
 .debug_aranges
                0x0000000000000958       0x20 /home/pp/altera/16.0/nios2eds/bin/gnu/H-x86_64-pc-linux-gnu/bin/../lib/gcc/nios2-elf/5.2.0/../../../../../H-x86_64-pc-linux-gnu/nios2-elf/lib/mno-hw-mul/libc.a(lib_a-atexit.o)
 .debug_aranges
                0x0000000000000978       0x20 /home/pp/altera/16.0/nios2eds/bin/gnu/H-x86_64-pc-linux-gnu/bin/../lib/gcc/nios2-elf/5.2.0/../../../../../H-x86_64-pc-linux-gnu/nios2-elf/lib/mno-hw-mul/libc.a(lib_a-exit.o)
 .debug_aranges
                0x0000000000000998       0x20 /home/pp/altera/16.0/nios2eds/bin/gnu/H-x86_64-pc-linux-gnu/bin/../lib/gcc/nios2-elf/5.2.0/../../../../../H-x86_64-pc-linux-gnu/nios2-elf/lib/mno-hw-mul/libc.a(lib_a-memcmp.o)
 .debug_aranges
                0x00000000000009b8       0x20 /home/pp/altera/16.0/nios2eds/bin/gnu/H-x86_64-pc-linux-gnu/bin/../lib/gcc/nios2-elf/5.2.0/../../../../../H-x86_64-pc-linux-gnu/nios2-elf/lib/mno-hw-mul/libc.a(lib_a-strlen.o)
 .debug_aranges
                0x00000000000009d8       0x20 /home/pp/altera/16.0/nios2eds/bin/gnu/H-x86_64-pc-linux-gnu/bin/../lib/gcc/nios2-elf/5.2.0/../../../../../H-x86_64-pc-linux-gnu/nios2-elf/lib/mno-hw-mul/libc.a(lib_a-__atexit.o)
 .debug_aranges
                0x00000000000009f8       0x20 /home/pp/altera/16.0/nios2eds/bin/gnu/H-x86_64-pc-linux-gnu/bin/../lib/gcc/nios2-elf/5.2.0/../../../../../H-x86_64-pc-linux-gnu/nios2-elf/lib/mno-hw-mul/libc.a(lib_a-__call_atexit.o)
 .debug_aranges
                0x0000000000000a18       0x20 hal_bsp//libhal_bsp.a(alt_exit.o)

.debug_pubnames
 *(.debug_pubnames)

.debug_info     0x0000000000000000    0x18b8a
 *(.debug_info .gnu.linkonce.wi.*)
 .debug_info    0x0000000000000000       0x62 hal_bsp//obj/HAL/src/crt0.o
 .debug_info    0x0000000000000062      0x9b8 obj/default/main.o
 .debug_info    0x0000000000000a1a     0x1171 obj/default/small_printing.o
 .debug_info    0x0000000000001b8b      0x2c3 /home/pp/altera/16.0/nios2eds/bin/gnu/H-x86_64-pc-linux-gnu/bin/../lib/gcc/nios2-elf/5.2.0/mno-hw-mul/libgcc.a(lib2-divmod.o)
 .debug_info    0x0000000000001e4e      0x9c7 /home/pp/altera/16.0/nios2eds/bin/gnu/H-x86_64-pc-linux-gnu/bin/../lib/gcc/nios2-elf/5.2.0/../../../../../H-x86_64-pc-linux-gnu/nios2-elf/lib/mno-hw-mul/libc.a(lib_a-fputc.o)
 .debug_info    0x0000000000002815      0x9a2 /home/pp/altera/16.0/nios2eds/bin/gnu/H-x86_64-pc-linux-gnu/bin/../lib/gcc/nios2-elf/5.2.0/../../../../../H-x86_64-pc-linux-gnu/nios2-elf/lib/mno-hw-mul/libc.a(lib_a-getc.o)
 .debug_info    0x00000000000031b7      0x8a1 /home/pp/altera/16.0/nios2eds/bin/gnu/H-x86_64-pc-linux-gnu/bin/../lib/gcc/nios2-elf/5.2.0/../../../../../H-x86_64-pc-linux-gnu/nios2-elf/lib/mno-hw-mul/libc.a(lib_a-impure.o)
 .debug_info    0x0000000000003a58      0x9b4 /home/pp/altera/16.0/nios2eds/bin/gnu/H-x86_64-pc-linux-gnu/bin/../lib/gcc/nios2-elf/5.2.0/../../../../../H-x86_64-pc-linux-gnu/nios2-elf/lib/mno-hw-mul/libc.a(lib_a-putc.o)
 .debug_info    0x000000000000440c      0x950 /home/pp/altera/16.0/nios2eds/bin/gnu/H-x86_64-pc-linux-gnu/bin/../lib/gcc/nios2-elf/5.2.0/../../../../../H-x86_64-pc-linux-gnu/nios2-elf/lib/mno-hw-mul/libc.a(lib_a-rget.o)
 .debug_info    0x0000000000004d5c      0x9be /home/pp/altera/16.0/nios2eds/bin/gnu/H-x86_64-pc-linux-gnu/bin/../lib/gcc/nios2-elf/5.2.0/../../../../../H-x86_64-pc-linux-gnu/nios2-elf/lib/mno-hw-mul/libc.a(lib_a-wbuf.o)
 .debug_info    0x000000000000571a      0x936 /home/pp/altera/16.0/nios2eds/bin/gnu/H-x86_64-pc-linux-gnu/bin/../lib/gcc/nios2-elf/5.2.0/../../../../../H-x86_64-pc-linux-gnu/nios2-elf/lib/mno-hw-mul/libc.a(lib_a-wsetup.o)
 .debug_info    0x0000000000006050      0xa93 /home/pp/altera/16.0/nios2eds/bin/gnu/H-x86_64-pc-linux-gnu/bin/../lib/gcc/nios2-elf/5.2.0/../../../../../H-x86_64-pc-linux-gnu/nios2-elf/lib/mno-hw-mul/libc.a(lib_a-fflush.o)
 .debug_info    0x0000000000006ae3      0xd24 /home/pp/altera/16.0/nios2eds/bin/gnu/H-x86_64-pc-linux-gnu/bin/../lib/gcc/nios2-elf/5.2.0/../../../../../H-x86_64-pc-linux-gnu/nios2-elf/lib/mno-hw-mul/libc.a(lib_a-findfp.o)